Archive member included to satisfy reference by file (symbol)

c:/st/stm32cubeide_1.11.0/stm32cubeide/plugins/com.st.stm32cube.ide.mcu.externaltools.gnu-tools-for-stm32.10.3-2021.10.win32_1.0.100.202210260954/tools/bin/../lib/gcc/arm-none-eabi/10.3.1/../../../../arm-none-eabi/lib/thumb/v7e-m+fp/hard\libc_nano.a(lib_a-errno.o)
                              ./Core/Src/syscalls.o (__errno)
c:/st/stm32cubeide_1.11.0/stm32cubeide/plugins/com.st.stm32cube.ide.mcu.externaltools.gnu-tools-for-stm32.10.3-2021.10.win32_1.0.100.202210260954/tools/bin/../lib/gcc/arm-none-eabi/10.3.1/../../../../arm-none-eabi/lib/thumb/v7e-m+fp/hard\libc_nano.a(lib_a-exit.o)
                              c:/st/stm32cubeide_1.11.0/stm32cubeide/plugins/com.st.stm32cube.ide.mcu.externaltools.gnu-tools-for-stm32.10.3-2021.10.win32_1.0.100.202210260954/tools/bin/../lib/gcc/arm-none-eabi/10.3.1/../../../../arm-none-eabi/lib/thumb/v7e-m+fp/hard/crt0.o (exit)
c:/st/stm32cubeide_1.11.0/stm32cubeide/plugins/com.st.stm32cube.ide.mcu.externaltools.gnu-tools-for-stm32.10.3-2021.10.win32_1.0.100.202210260954/tools/bin/../lib/gcc/arm-none-eabi/10.3.1/../../../../arm-none-eabi/lib/thumb/v7e-m+fp/hard\libc_nano.a(lib_a-findfp.o)
                              ./Middlewares/Third_Party/FreeRTOS/Source/tasks.o (__sf_fake_stderr)
c:/st/stm32cubeide_1.11.0/stm32cubeide/plugins/com.st.stm32cube.ide.mcu.externaltools.gnu-tools-for-stm32.10.3-2021.10.win32_1.0.100.202210260954/tools/bin/../lib/gcc/arm-none-eabi/10.3.1/../../../../arm-none-eabi/lib/thumb/v7e-m+fp/hard\libc_nano.a(lib_a-fwalk.o)
                              c:/st/stm32cubeide_1.11.0/stm32cubeide/plugins/com.st.stm32cube.ide.mcu.externaltools.gnu-tools-for-stm32.10.3-2021.10.win32_1.0.100.202210260954/tools/bin/../lib/gcc/arm-none-eabi/10.3.1/../../../../arm-none-eabi/lib/thumb/v7e-m+fp/hard\libc_nano.a(lib_a-findfp.o) (_fwalk)
c:/st/stm32cubeide_1.11.0/stm32cubeide/plugins/com.st.stm32cube.ide.mcu.externaltools.gnu-tools-for-stm32.10.3-2021.10.win32_1.0.100.202210260954/tools/bin/../lib/gcc/arm-none-eabi/10.3.1/../../../../arm-none-eabi/lib/thumb/v7e-m+fp/hard\libc_nano.a(lib_a-impure.o)
                              c:/st/stm32cubeide_1.11.0/stm32cubeide/plugins/com.st.stm32cube.ide.mcu.externaltools.gnu-tools-for-stm32.10.3-2021.10.win32_1.0.100.202210260954/tools/bin/../lib/gcc/arm-none-eabi/10.3.1/../../../../arm-none-eabi/lib/thumb/v7e-m+fp/hard\libc_nano.a(lib_a-exit.o) (_global_impure_ptr)
c:/st/stm32cubeide_1.11.0/stm32cubeide/plugins/com.st.stm32cube.ide.mcu.externaltools.gnu-tools-for-stm32.10.3-2021.10.win32_1.0.100.202210260954/tools/bin/../lib/gcc/arm-none-eabi/10.3.1/../../../../arm-none-eabi/lib/thumb/v7e-m+fp/hard\libc_nano.a(lib_a-init.o)
                              c:/st/stm32cubeide_1.11.0/stm32cubeide/plugins/com.st.stm32cube.ide.mcu.externaltools.gnu-tools-for-stm32.10.3-2021.10.win32_1.0.100.202210260954/tools/bin/../lib/gcc/arm-none-eabi/10.3.1/../../../../arm-none-eabi/lib/thumb/v7e-m+fp/hard/crt0.o (__libc_init_array)
c:/st/stm32cubeide_1.11.0/stm32cubeide/plugins/com.st.stm32cube.ide.mcu.externaltools.gnu-tools-for-stm32.10.3-2021.10.win32_1.0.100.202210260954/tools/bin/../lib/gcc/arm-none-eabi/10.3.1/../../../../arm-none-eabi/lib/thumb/v7e-m+fp/hard\libc_nano.a(lib_a-lock.o)
                              c:/st/stm32cubeide_1.11.0/stm32cubeide/plugins/com.st.stm32cube.ide.mcu.externaltools.gnu-tools-for-stm32.10.3-2021.10.win32_1.0.100.202210260954/tools/bin/../lib/gcc/arm-none-eabi/10.3.1/../../../../arm-none-eabi/lib/thumb/v7e-m+fp/hard\libc_nano.a(lib_a-findfp.o) (__retarget_lock_init_recursive)
c:/st/stm32cubeide_1.11.0/stm32cubeide/plugins/com.st.stm32cube.ide.mcu.externaltools.gnu-tools-for-stm32.10.3-2021.10.win32_1.0.100.202210260954/tools/bin/../lib/gcc/arm-none-eabi/10.3.1/../../../../arm-none-eabi/lib/thumb/v7e-m+fp/hard\libc_nano.a(lib_a-memcpy-stub.o)
                              ./Middlewares/Third_Party/FreeRTOS/Source/CMSIS_RTOS_V2/cmsis_os2.o (memcpy)
c:/st/stm32cubeide_1.11.0/stm32cubeide/plugins/com.st.stm32cube.ide.mcu.externaltools.gnu-tools-for-stm32.10.3-2021.10.win32_1.0.100.202210260954/tools/bin/../lib/gcc/arm-none-eabi/10.3.1/../../../../arm-none-eabi/lib/thumb/v7e-m+fp/hard\libc_nano.a(lib_a-memset.o)
                              c:/st/stm32cubeide_1.11.0/stm32cubeide/plugins/com.st.stm32cube.ide.mcu.externaltools.gnu-tools-for-stm32.10.3-2021.10.win32_1.0.100.202210260954/tools/bin/../lib/gcc/arm-none-eabi/10.3.1/../../../../arm-none-eabi/lib/thumb/v7e-m+fp/hard/crt0.o (memset)
c:/st/stm32cubeide_1.11.0/stm32cubeide/plugins/com.st.stm32cube.ide.mcu.externaltools.gnu-tools-for-stm32.10.3-2021.10.win32_1.0.100.202210260954/tools/bin/../lib/gcc/arm-none-eabi/10.3.1/../../../../arm-none-eabi/lib/thumb/v7e-m+fp/hard\libc_nano.a(lib_a-nano-mallocr.o)
[...]
Memory Configuration

Name             Origin             Length             Attributes
RAM              0x0000000020000000 0x0000000000018000 xrw
RAM2             0x0000000010000000 0x0000000000008000 xrw
FLASH            0x0000000008000000 0x0000000000100000 xr
*default*        0x0000000000000000 0xffffffffffffffff

Linker script and memory map

LOAD c:/st/stm32cubeide_1.11.0/stm32cubeide/plugins/com.st.stm32cube.ide.mcu.externaltools.gnu-tools-for-stm32.10.3-2021.10.win32_1.0.100.202210260954/tools/bin/../lib/gcc/arm-none-eabi/10.3.1/thumb/v7e-m+fp/hard/crti.o
LOAD c:/st/stm32cubeide_1.11.0/stm32cubeide/plugins/com.st.stm32cube.ide.mcu.externaltools.gnu-tools-for-stm32.10.3-2021.10.win32_1.0.100.202210260954/tools/bin/../lib/gcc/arm-none-eabi/10.3.1/thumb/v7e-m+fp/hard/crtbegin.o
LOAD c:/st/stm32cubeide_1.11.0/stm32cubeide/plugins/com.st.stm32cube.ide.mcu.externaltools.gnu-tools-for-stm32.10.3-2021.10.win32_1.0.100.202210260954/tools/bin/../lib/gcc/arm-none-eabi/10.3.1/../../../../arm-none-eabi/lib/thumb/v7e-m+fp/hard/crt0.o
LOAD ./Core/Src/freertos.o
LOAD ./Core/Src/main.o
LOAD ./Core/Src/stm32l4xx_hal_msp.o
LOAD ./Core/Src/stm32l4xx_hal_timebase_tim.o
LOAD ./Core/Src/stm32l4xx_it.o
LOAD ./Core/Src/syscalls.o
LOAD ./Core/Src/sysmem.o
LOAD ./Core/Src/system_stm32l4xx.o
LOAD ./Core/Startup/startup_stm32l475vgtx.o
LOAD ./Drivers/STM32L4xx_HAL_Driver/Src/stm32l4xx_hal.o
LOAD ./Drivers/STM32L4xx_HAL_Driver/Src/stm32l4xx_hal_cortex.o
LOAD ./Drivers/STM32L4xx_HAL_Driver/Src/stm32l4xx_hal_dfsdm.o
LOAD ./Drivers/STM32L4xx_HAL_Driver/Src/stm32l4xx_hal_dma.o
LOAD ./Drivers/STM32L4xx_HAL_Driver/Src/stm32l4xx_hal_dma_ex.o
LOAD ./Drivers/STM32L4xx_HAL_Driver/Src/stm32l4xx_hal_exti.o
LOAD ./Drivers/STM32L4xx_HAL_Driver/Src/stm32l4xx_hal_flash.o
LOAD ./Drivers/STM32L4xx_HAL_Driver/Src/stm32l4xx_hal_flash_ex.o
LOAD ./Drivers/STM32L4xx_HAL_Driver/Src/stm32l4xx_hal_flash_ramfunc.o
LOAD ./Drivers/STM32L4xx_HAL_Driver/Src/stm32l4xx_hal_gpio.o
LOAD ./Drivers/STM32L4xx_HAL_Driver/Src/stm32l4xx_hal_i2c.o
LOAD ./Drivers/STM32L4xx_HAL_Driver/Src/stm32l4xx_hal_i2c_ex.o
LOAD ./Drivers/STM32L4xx_HAL_Driver/Src/stm32l4xx_hal_pcd.o
LOAD ./Drivers/STM32L4xx_HAL_Driver/Src/stm32l4xx_hal_pcd_ex.o
LOAD ./Drivers/STM32L4xx_HAL_Driver/Src/stm32l4xx_hal_pwr.o
LOAD ./Drivers/STM32L4xx_HAL_Driver/Src/stm32l4xx_hal_pwr_ex.o
LOAD ./Drivers/STM32L4xx_HAL_Driver/Src/stm32l4xx_hal_qspi.o
LOAD ./Drivers/STM32L4xx_HAL_Driver/Src/stm32l4xx_hal_rcc.o
LOAD ./Drivers/STM32L4xx_HAL_Driver/Src/stm32l4xx_hal_rcc_ex.o
LOAD ./Drivers/STM32L4xx_HAL_Driver/Src/stm32l4xx_hal_rtc.o
LOAD ./Drivers/STM32L4xx_HAL_Driver/Src/stm32l4xx_hal_rtc_ex.o
LOAD ./Drivers/STM32L4xx_HAL_Driver/Src/stm32l4xx_hal_spi.o
LOAD ./Drivers/STM32L4xx_HAL_Driver/Src/stm32l4xx_hal_spi_ex.o
LOAD ./Drivers/STM32L4xx_HAL_Driver/Src/stm32l4xx_hal_tim.o
LOAD ./Drivers/STM32L4xx_HAL_Driver/Src/stm32l4xx_hal_tim_ex.o
LOAD ./Drivers/STM32L4xx_HAL_Driver/Src/stm32l4xx_hal_uart.o
LOAD ./Drivers/STM32L4xx_HAL_Driver/Src/stm32l4xx_hal_uart_ex.o
LOAD ./Drivers/STM32L4xx_HAL_Driver/Src/stm32l4xx_ll_usb.o
LOAD ./L4_IOT_Sensors/Drivers/BSP/B-L475E-IOT01/stm32l475e_iot01.o
LOAD ./L4_IOT_Sensors/Drivers/BSP/B-L475E-IOT01/stm32l475e_iot01_tsensor.o
LOAD ./L4_IOT_Sensors/Drivers/BSP/Components/hts221/hts221.o
LOAD ./Middlewares/Third_Party/FreeRTOS/Source/CMSIS_RTOS_V2/cmsis_os2.o
LOAD ./Middlewares/Third_Party/FreeRTOS/Source/croutine.o
LOAD ./Middlewares/Third_Party/FreeRTOS/Source/event_groups.o
LOAD ./Middlewares/Third_Party/FreeRTOS/Source/list.o
LOAD ./Middlewares/Third_Party/FreeRTOS/Source/queue.o
LOAD ./Middlewares/Third_Party/FreeRTOS/Source/stream_buffer.o
LOAD ./Middlewares/Third_Party/FreeRTOS/Source/tasks.o
LOAD ./Middlewares/Third_Party/FreeRTOS/Source/timers.o
LOAD ./Middlewares/Third_Party/FreeRTOS/Source/portable/GCC/ARM_CM4F/port.o
LOAD ./Middlewares/Third_Party/FreeRTOS/Source/portable/MemMang/heap_4.o
START GROUP
LOAD c:/st/stm32cubeide_1.11.0/stm32cubeide/plugins/com.st.stm32cube.ide.mcu.externaltools.gnu-tools-for-stm32.10.3-2021.10.win32_1.0.100.202210260954/tools/bin/../lib/gcc/arm-none-eabi/10.3.1/../../../../arm-none-eabi/lib/thumb/v7e-m+fp/hard\libc_nano.a
LOAD c:/st/stm32cubeide_1.11.0/stm32cubeide/plugins/com.st.stm32cube.ide.mcu.externaltools.gnu-tools-for-stm32.10.3-2021.10.win32_1.0.100.202210260954/tools/bin/../lib/gcc/arm-none-eabi/10.3.1/../../../../arm-none-eabi/lib/thumb/v7e-m+fp/hard\libm.a
END GROUP
START GROUP
LOAD c:/st/stm32cubeide_1.11.0/stm32cubeide/plugins/com.st.stm32cube.ide.mcu.externaltools.gnu-tools-for-stm32.10.3-2021.10.win32_1.0.100.202210260954/tools/bin/../lib/gcc/arm-none-eabi/10.3.1/thumb/v7e-m+fp/hard\libgcc.a
LOAD c:/st/stm32cubeide_1.11.0/stm32cubeide/plugins/com.st.stm32cube.ide.mcu.externaltools.gnu-tools-for-stm32.10.3-2021.10.win32_1.0.100.202210260954/tools/bin/../lib/gcc/arm-none-eabi/10.3.1/../../../../arm-none-eabi/lib/thumb/v7e-m+fp/hard\libc_nano.a
END GROUP
START GROUP
LOAD c:/st/stm32cubeide_1.11.0/stm32cubeide/plugins/com.st.stm32cube.ide.mcu.externaltools.gnu-tools-for-stm32.10.3-2021.10.win32_1.0.100.202210260954/tools/bin/../lib/gcc/arm-none-eabi/10.3.1/thumb/v7e-m+fp/hard\libgcc.a
LOAD c:/st/stm32cubeide_1.11.0/stm32cubeide/plugins/com.st.stm32cube.ide.mcu.externaltools.gnu-tools-for-stm32.10.3-2021.10.win32_1.0.100.202210260954/tools/bin/../lib/gcc/arm-none-eabi/10.3.1/../../../../arm-none-eabi/lib/thumb/v7e-m+fp/hard\libc_nano.a
LOAD c:/st/stm32cubeide_1.11.0/stm32cubeide/plugins/com.st.stm32cube.ide.mcu.externaltools.gnu-tools-for-stm32.10.3-2021.10.win32_1.0.100.202210260954/tools/bin/../lib/gcc/arm-none-eabi/10.3.1/../../../../arm-none-eabi/lib/thumb/v7e-m+fp/hard\libnosys.a
END GROUP
START GROUP
LOAD c:/st/stm32cubeide_1.11.0/stm32cubeide/plugins/com.st.stm32cube.ide.mcu.externaltools.gnu-tools-for-stm32.10.3-2021.10.win32_1.0.100.202210260954/tools/bin/../lib/gcc/arm-none-eabi/10.3.1/thumb/v7e-m+fp/hard\libgcc.a
LOAD c:/st/stm32cubeide_1.11.0/stm32cubeide/plugins/com.st.stm32cube.ide.mcu.externaltools.gnu-tools-for-stm32.10.3-2021.10.win32_1.0.100.202210260954/tools/bin/../lib/gcc/arm-none-eabi/10.3.1/../../../../arm-none-eabi/lib/thumb/v7e-m+fp/hard\libc_nano.a
LOAD c:/st/stm32cubeide_1.11.0/stm32cubeide/plugins/com.st.stm32cube.ide.mcu.externaltools.gnu-tools-for-stm32.10.3-2021.10.win32_1.0.100.202210260954/tools/bin/../lib/gcc/arm-none-eabi/10.3.1/../../../../arm-none-eabi/lib/thumb/v7e-m+fp/hard\libnosys.a
END GROUP
LOAD c:/st/stm32cubeide_1.11.0/stm32cubeide/plugins/com.st.stm32cube.ide.mcu.externaltools.gnu-tools-for-stm32.10.3-2021.10.win32_1.0.100.202210260954/tools/bin/../lib/gcc/arm-none-eabi/10.3.1/thumb/v7e-m+fp/hard/crtend.o
LOAD c:/st/stm32cubeide_1.11.0/stm32cubeide/plugins/com.st.stm32cube.ide.mcu.externaltools.gnu-tools-for-stm32.10.3-2021.10.win32_1.0.100.202210260954/tools/bin/../lib/gcc/arm-none-eabi/10.3.1/thumb/v7e-m+fp/hard/crtn.o
                0x0000000020018000                _estack = (ORIGIN (RAM) + LENGTH (RAM))
                0x0000000000000200                _Min_Heap_Size = 0x200
                0x0000000000000400                _Min_Stack_Size = 0x400

.isr_vector     0x0000000008000000      0x188
                0x0000000008000000                . = ALIGN (0x4)
 *(.isr_vector)
 .isr_vector    0x0000000008000000      0x188 ./Core/Startup/startup_stm32l475vgtx.o
                0x0000000008000000                g_pfnVectors
                0x0000000008000188                . = ALIGN (0x4)

.text           0x0000000008000190     0xcd8c
                0x0000000008000190                . = ALIGN (0x4)
 *(.text)
 .text          0x0000000008000190       0x40 c:/st/stm32cubeide_1.11.0/stm32cubeide/plugins/com.st.stm32cube.ide.mcu.externaltools.gnu-tools-for-stm32.10.3-2021.10.win32_1.0.100.202210260954/tools/bin/../lib/gcc/arm-none-eabi/10.3.1/thumb/v7e-m+fp/hard/crtbegin.o
 .text          0x00000000080001d0       0x10 c:/st/stm32cubeide_1.11.0/stm32cubeide/plugins/com.st.stm32cube.ide.mcu.externaltools.gnu-tools-for-stm32.10.3-2021.10.win32_1.0.100.202210260954/tools/bin/../lib/gcc/arm-none-eabi/10.3.1/../../../../arm-none-eabi/lib/thumb/v7e-m+fp/hard\libc_nano.a(lib_a-strlen.o)
                0x00000000080001d0                strlen
 .text          0x00000000080001e0       0xa0 c:/st/stm32cubeide_1.11.0/stm32cubeide/plugins/com.st.stm32cube.ide.mcu.externaltools.gnu-tools-for-stm32.10.3-2021.10.win32_1.0.100.202210260954/tools/bin/../lib/gcc/arm-none-eabi/10.3.1/../../../../arm-none-eabi/lib/thumb/v7e-m+fp/hard\libc_nano.a(lib_a-memchr.o)
                0x00000000080001e0                memchr
 .text          0x0000000008000280      0x378 c:/st/stm32cubeide_1.11.0/stm32cubeide/plugins/com.st.stm32cube.ide.mcu.externaltools.gnu-tools-for-stm32.10.3-2021.10.win32_1.0.100.202210260954/tools/bin/../lib/gcc/arm-none-eabi/10.3.1/thumb/v7e-m+fp/hard\libgcc.a(_arm_addsubdf3.o)
                0x0000000008000280                __aeabi_drsub
                0x0000000008000288                __aeabi_dsub
                0x0000000008000288                __subdf3
                0x000000000800028c                __aeabi_dadd
                0x000000000800028c                __adddf3
                0x0000000008000504                __floatunsidf
                0x0000000008000504                __aeabi_ui2d
                0x0000000008000524                __floatsidf
                0x0000000008000524                __aeabi_i2d
                0x0000000008000548                __aeabi_f2d
                0x0000000008000548                __extendsfdf2
                0x000000000800058c                __floatundidf
                0x000000000800058c                __aeabi_ul2d
                0x000000000800059c                __floatdidf
                0x000000000800059c                __aeabi_l2d
 .text          0x00000000080005f8       0x50 c:/st/stm32cubeide_1.11.0/stm32cubeide/plugins/com.st.stm32cube.ide.mcu.externaltools.gnu-tools-for-stm32.10.3-2021.10.win32_1.0.100.202210260954/tools/bin/../lib/gcc/arm-none-eabi/10.3.1/thumb/v7e-m+fp/hard\libgcc.a(_arm_fixdfsi.o)
                0x00000000080005f8                __aeabi_d2iz
                0x00000000080005f8                __fixdfsi
 .text          0x0000000008000648       0x30 c:/st/stm32cubeide_1.11.0/stm32cubeide/plugins/com.st.stm32cube.ide.mcu.externaltools.gnu-tools-for-stm32.10.3-2021.10.win32_1.0.100.202210260954/tools/bin/../lib/gcc/arm-none-eabi/10.3.1/thumb/v7e-m+fp/hard\libgcc.a(_aeabi_uldivmod.o)
                0x0000000008000648                __aeabi_uldivmod
 .text          0x0000000008000678      0x2d0 c:/st/stm32cubeide_1.11.0/stm32cubeide/plugins/com.st.stm32cube.ide.mcu.externaltools.gnu-tools-for-stm32.10.3-2021.10.win32_1.0.100.202210260954/tools/bin/../lib/gcc/arm-none-eabi/10.3.1/thumb/v7e-m+fp/hard\libgcc.a(_udivmoddi4.o)
                0x0000000008000678                __udivmoddi4
 .text          0x0000000008000948        0x4 c:/st/stm32cubeide_1.11.0/stm32cubeide/plugins/com.st.stm32cube.ide.mcu.externaltools.gnu-tools-for-stm32.10.3-2021.10.win32_1.0.100.202210260954/tools/bin/../lib/gcc/arm-none-eabi/10.3.1/thumb/v7e-m+fp/hard\libgcc.a(_dvmd_tls.o)
                0x0000000008000948                __aeabi_idiv0
                0x0000000008000948                __aeabi_ldiv0
 *(.text*)
 .text.ITM_SendChar
                0x000000000800094c       0x4e ./Core/Src/main.o
 *fill*         0x000000000800099a        0x2 
 .text.configureTimerForRunTimeStats
                0x000000000800099c       0x1c ./Core/Src/main.o
                0x000000000800099c                configureTimerForRunTimeStats
 .text.getRunTimeCounterValue
                0x00000000080009b8       0x18 ./Core/Src/main.o
                0x00000000080009b8                getRunTimeCounterValue
 .text.main     0x00000000080009d0       0xf0 ./Core/Src/main.o
                0x00000000080009d0                main
 .text.SystemClock_Config
                0x0000000008000ac0       0xc8 ./Core/Src/main.o
                0x0000000008000ac0                SystemClock_Config
 .text.MX_DFSDM1_Init
                0x0000000008000b88       0x70 ./Core/Src/main.o
 .text.MX_I2C2_Init
                0x0000000008000bf8       0x7c ./Core/Src/main.o
 .text.MX_QUADSPI_Init
                0x0000000008000c74       0x4c ./Core/Src/main.o
 .text.MX_RTC_Init
                0x0000000008000cc0       0xb8 ./Core/Src/main.o
 .text.MX_SPI3_Init
                0x0000000008000d78       0x7c ./Core/Src/main.o
 .text.MX_TIM7_Init
                0x0000000008000df4       0x6c ./Core/Src/main.o
 .text.MX_USART1_UART_Init
                0x0000000008000e60       0x60 ./Core/Src/main.o
 .text.MX_USART3_UART_Init
                0x0000000008000ec0       0x60 ./Core/Src/main.o
 .text.MX_USB_OTG_FS_PCD_Init
                0x0000000008000f20       0x5c ./Core/Src/main.o
 .text.MX_GPIO_Init
                0x0000000008000f7c      0x358 ./Core/Src/main.o
 .text._write   0x00000000080012d4       0x38 ./Core/Src/main.o
                0x00000000080012d4                _write
 .text.HAL_UART_RxCpltCallback
                0x000000000800130c       0x4c ./Core/Src/main.o
                0x000000000800130c                HAL_UART_RxCpltCallback
 .text.RTC_set_func
                0x0000000008001358      0x318 ./Core/Src/main.o
                0x0000000008001358                RTC_set_func
 .text.tempTask_func
                0x0000000008001670      0x1b4 ./Core/Src/main.o
                0x0000000008001670                tempTask_func
 .text.printTask_func
                0x0000000008001824       0x70 ./Core/Src/main.o
                0x0000000008001824                printTask_func
 .text.tarea_UART_func
                0x0000000008001894       0x50 ./Core/Src/main.o
                0x0000000008001894                tarea_UART_func
 .text.HAL_TIM_PeriodElapsedCallback
                0x00000000080018e4       0x24 ./Core/Src/main.o
                0x00000000080018e4                HAL_TIM_PeriodElapsedCallback
 .text.Error_Handler
                0x0000000008001908        0xa ./Core/Src/main.o
                0x0000000008001908                Error_Handler
 *fill*         0x0000000008001912        0x2 
 .text.HAL_MspInit
                0x0000000008001914       0x50 ./Core/Src/stm32l4xx_hal_msp.o
                0x0000000008001914                HAL_MspInit
 .text.HAL_DFSDM_ChannelMspInit
                0x0000000008001964       0xc8 ./Core/Src/stm32l4xx_hal_msp.o
                0x0000000008001964                HAL_DFSDM_ChannelMspInit
 .text.HAL_I2C_MspInit
                0x0000000008001a2c       0xbc ./Core/Src/stm32l4xx_hal_msp.o
                0x0000000008001a2c                HAL_I2C_MspInit
 .text.HAL_I2C_MspDeInit
                0x0000000008001ae8       0x48 ./Core/Src/stm32l4xx_hal_msp.o
                0x0000000008001ae8                HAL_I2C_MspDeInit
 .text.HAL_QSPI_MspInit
                0x0000000008001b30       0x88 ./Core/Src/stm32l4xx_hal_msp.o
                0x0000000008001b30                HAL_QSPI_MspInit
 .text.HAL_RTC_MspInit
                0x0000000008001bb8       0x64 ./Core/Src/stm32l4xx_hal_msp.o
                0x0000000008001bb8                HAL_RTC_MspInit
 .text.HAL_SPI_MspInit
                0x0000000008001c1c       0x88 ./Core/Src/stm32l4xx_hal_msp.o
                0x0000000008001c1c                HAL_SPI_MspInit
 .text.HAL_TIM_Base_MspInit
                0x0000000008001ca4       0x4c ./Core/Src/stm32l4xx_hal_msp.o
                0x0000000008001ca4                HAL_TIM_Base_MspInit
 .text.HAL_UART_MspInit
                0x0000000008001cf0      0x158 ./Core/Src/stm32l4xx_hal_msp.o
                0x0000000008001cf0                HAL_UART_MspInit
 .text.HAL_PCD_MspInit
                0x0000000008001e48      0x138 ./Core/Src/stm32l4xx_hal_msp.o
                0x0000000008001e48                HAL_PCD_MspInit
 .text.HAL_InitTick
                0x0000000008001f80       0xf4 ./Core/Src/stm32l4xx_hal_timebase_tim.o
                0x0000000008001f80                HAL_InitTick
 .text.NMI_Handler
                0x0000000008002074        0x6 ./Core/Src/stm32l4xx_it.o
                0x0000000008002074                NMI_Handler
 .text.HardFault_Handler
                0x000000000800207a        0x6 ./Core/Src/stm32l4xx_it.o
                0x000000000800207a                HardFault_Handler
 .text.MemManage_Handler
                0x0000000008002080        0x6 ./Core/Src/stm32l4xx_it.o
                0x0000000008002080                MemManage_Handler
 .text.BusFault_Handler
                0x0000000008002086        0x6 ./Core/Src/stm32l4xx_it.o
                0x0000000008002086                BusFault_Handler
 .text.UsageFault_Handler
                0x000000000800208c        0x6 ./Core/Src/stm32l4xx_it.o
                0x000000000800208c                UsageFault_Handler
 .text.DebugMon_Handler
                0x0000000008002092        0xe ./Core/Src/stm32l4xx_it.o
                0x0000000008002092                DebugMon_Handler
 .text.EXTI9_5_IRQHandler
                0x00000000080020a0       0x22 ./Core/Src/stm32l4xx_it.o
                0x00000000080020a0                EXTI9_5_IRQHandler
 *fill*         0x00000000080020c2        0x2 
 .text.USART1_IRQHandler
                0x00000000080020c4       0x14 ./Core/Src/stm32l4xx_it.o
                0x00000000080020c4                USART1_IRQHandler
 .text.EXTI15_10_IRQHandler
                0x00000000080020d8       0x30 ./Core/Src/stm32l4xx_it.o
                0x00000000080020d8                EXTI15_10_IRQHandler
 .text.TIM6_DAC_IRQHandler
                0x0000000008002108       0x14 ./Core/Src/stm32l4xx_it.o
                0x0000000008002108                TIM6_DAC_IRQHandler
 .text.TIM7_IRQHandler
                0x000000000800211c       0x20 ./Core/Src/stm32l4xx_it.o
                0x000000000800211c                TIM7_IRQHandler
 .text._read    0x000000000800213c       0x3a ./Core/Src/syscalls.o
                0x000000000800213c                _read
 .text._close   0x0000000008002176       0x18 ./Core/Src/syscalls.o
                0x0000000008002176                _close
 .text._fstat   0x000000000800218e       0x20 ./Core/Src/syscalls.o
                0x000000000800218e                _fstat
 .text._isatty  0x00000000080021ae       0x16 ./Core/Src/syscalls.o
                0x00000000080021ae                _isatty
 .text._lseek   0x00000000080021c4       0x1a ./Core/Src/syscalls.o
                0x00000000080021c4                _lseek
 *fill*         0x00000000080021de        0x2 
 .text._sbrk    0x00000000080021e0       0x6c ./Core/Src/sysmem.o
                0x00000000080021e0                _sbrk
 .text.SystemInit
                0x000000000800224c       0x24 ./Core/Src/system_stm32l4xx.o
                0x000000000800224c                SystemInit
 .text.Reset_Handler
                0x0000000008002270       0x50 ./Core/Startup/startup_stm32l475vgtx.o
                0x0000000008002270                Reset_Handler
 .text.Default_Handler
                0x00000000080022c0        0x2 ./Core/Startup/startup_stm32l475vgtx.o
                0x00000000080022c0                RTC_Alarm_IRQHandler
                0x00000000080022c0                EXTI2_IRQHandler
                0x00000000080022c0                TIM8_TRG_COM_IRQHandler
                0x00000000080022c0                TIM8_CC_IRQHandler
                0x00000000080022c0                TIM1_CC_IRQHandler
                0x00000000080022c0                TSC_IRQHandler
                0x00000000080022c0                TAMP_STAMP_IRQHandler
                0x00000000080022c0                EXTI3_IRQHandler
                0x00000000080022c0                LPTIM2_IRQHandler
                0x00000000080022c0                DFSDM1_FLT1_IRQHandler
                0x00000000080022c0                I2C3_ER_IRQHandler
                0x00000000080022c0                DFSDM1_FLT2_IRQHandler
                0x00000000080022c0                EXTI0_IRQHandler
                0x00000000080022c0                I2C2_EV_IRQHandler
                0x00000000080022c0                CAN1_RX0_IRQHandler
                0x00000000080022c0                FPU_IRQHandler
                0x00000000080022c0                TIM1_UP_TIM16_IRQHandler
                0x00000000080022c0                ADC1_2_IRQHandler
                0x00000000080022c0                SPI1_IRQHandler
                0x00000000080022c0                TIM8_UP_IRQHandler
                0x00000000080022c0                DMA2_Channel2_IRQHandler
                0x00000000080022c0                DMA1_Channel4_IRQHandler
                0x00000000080022c0                SAI2_IRQHandler
                0x00000000080022c0                DFSDM1_FLT3_IRQHandler
                0x00000000080022c0                USART3_IRQHandler
                0x00000000080022c0                DMA1_Channel7_IRQHandler
                0x00000000080022c0                CAN1_RX1_IRQHandler
                0x00000000080022c0                UART5_IRQHandler
                0x00000000080022c0                ADC3_IRQHandler
                0x00000000080022c0                TIM4_IRQHandler
                0x00000000080022c0                DMA2_Channel1_IRQHandler
                0x00000000080022c0                QUADSPI_IRQHandler
                0x00000000080022c0                I2C1_EV_IRQHandler
                0x00000000080022c0                DMA1_Channel6_IRQHandler
                0x00000000080022c0                UART4_IRQHandler
                0x00000000080022c0                DMA2_Channel4_IRQHandler
                0x00000000080022c0                TIM3_IRQHandler
                0x00000000080022c0                RCC_IRQHandler
                0x00000000080022c0                DMA1_Channel1_IRQHandler
                0x00000000080022c0                Default_Handler
                0x00000000080022c0                DMA2_Channel7_IRQHandler
                0x00000000080022c0                SDMMC1_IRQHandler
                0x00000000080022c0                TIM5_IRQHandler
                0x00000000080022c0                I2C3_EV_IRQHandler
                0x00000000080022c0                RTC_WKUP_IRQHandler
                0x00000000080022c0                PVD_PVM_IRQHandler
                0x00000000080022c0                SPI2_IRQHandler
                0x00000000080022c0                CAN1_TX_IRQHandler
                0x00000000080022c0                DMA2_Channel5_IRQHandler
                0x00000000080022c0                DMA1_Channel5_IRQHandler
                0x00000000080022c0                EXTI4_IRQHandler
                0x00000000080022c0                RNG_IRQHandler
                0x00000000080022c0                TIM1_TRG_COM_TIM17_IRQHandler
                0x00000000080022c0                DMA1_Channel3_IRQHandler
                0x00000000080022c0                COMP_IRQHandler
                0x00000000080022c0                WWDG_IRQHandler
                0x00000000080022c0                LPUART1_IRQHandler
                0x00000000080022c0                DMA2_Channel6_IRQHandler
                0x00000000080022c0                TIM2_IRQHandler
                0x00000000080022c0                EXTI1_IRQHandler
                0x00000000080022c0                USART2_IRQHandler
                0x00000000080022c0                DFSDM1_FLT0_IRQHandler
                0x00000000080022c0                I2C2_ER_IRQHandler
                0x00000000080022c0                DMA1_Channel2_IRQHandler
                0x00000000080022c0                TIM8_BRK_IRQHandler
                0x00000000080022c0                CAN1_SCE_IRQHandler
                0x00000000080022c0                FLASH_IRQHandler
                0x00000000080022c0                OTG_FS_IRQHandler
                0x00000000080022c0                SPI3_IRQHandler
                0x00000000080022c0                I2C1_ER_IRQHandler
                0x00000000080022c0                FMC_IRQHandler
                0x00000000080022c0                SWPMI1_IRQHandler
                0x00000000080022c0                LPTIM1_IRQHandler
                0x00000000080022c0                SAI1_IRQHandler
                0x00000000080022c0                DMA2_Channel3_IRQHandler
                0x00000000080022c0                TIM1_BRK_TIM15_IRQHandler
 .text.HAL_Init
                0x00000000080022c2       0x30 ./Drivers/STM32L4xx_HAL_Driver/Src/stm32l4xx_hal.o
                0x00000000080022c2                HAL_Init
 *fill*         0x00000000080022f2        0x2 
 .text.HAL_IncTick
                0x00000000080022f4       0x28 ./Drivers/STM32L4xx_HAL_Driver/Src/stm32l4xx_hal.o
                0x00000000080022f4                HAL_IncTick
 .text.HAL_GetTick
                0x000000000800231c       0x18 ./Drivers/STM32L4xx_HAL_Driver/Src/stm32l4xx_hal.o
                0x000000000800231c                HAL_GetTick
 .text.HAL_Delay
                0x0000000008002334       0x48 ./Drivers/STM32L4xx_HAL_Driver/Src/stm32l4xx_hal.o
                0x0000000008002334                HAL_Delay
 .text.__NVIC_SetPriorityGrouping
                0x000000000800237c       0x48 ./Drivers/STM32L4xx_HAL_Driver/Src/stm32l4xx_hal_cortex.o
 .text.__NVIC_GetPriorityGrouping
                0x00000000080023c4       0x1c ./Drivers/STM32L4xx_HAL_Driver/Src/stm32l4xx_hal_cortex.o
 .text.__NVIC_EnableIRQ
                0x00000000080023e0       0x3c ./Drivers/STM32L4xx_HAL_Driver/Src/stm32l4xx_hal_cortex.o
 .text.__NVIC_SetPriority
                0x000000000800241c       0x54 ./Drivers/STM32L4xx_HAL_Driver/Src/stm32l4xx_hal_cortex.o
 .text.NVIC_EncodePriority
                0x0000000008002470       0x66 ./Drivers/STM32L4xx_HAL_Driver/Src/stm32l4xx_hal_cortex.o
 .text.HAL_NVIC_SetPriorityGrouping
                0x00000000080024d6       0x16 ./Drivers/STM32L4xx_HAL_Driver/Src/stm32l4xx_hal_cortex.o
                0x00000000080024d6                HAL_NVIC_SetPriorityGrouping
 .text.HAL_NVIC_SetPriority
                0x00000000080024ec       0x38 ./Drivers/STM32L4xx_HAL_Driver/Src/stm32l4xx_hal_cortex.o
                0x00000000080024ec                HAL_NVIC_SetPriority
 .text.HAL_NVIC_EnableIRQ
                0x0000000008002524       0x1c ./Drivers/STM32L4xx_HAL_Driver/Src/stm32l4xx_hal_cortex.o
                0x0000000008002524                HAL_NVIC_EnableIRQ
 .text.HAL_DFSDM_ChannelInit
                0x0000000008002540      0x180 ./Drivers/STM32L4xx_HAL_Driver/Src/stm32l4xx_hal_dfsdm.o
                0x0000000008002540                HAL_DFSDM_ChannelInit
 .text.DFSDM_GetChannelFromInstance
                0x00000000080026c0       0x98 ./Drivers/STM32L4xx_HAL_Driver/Src/stm32l4xx_hal_dfsdm.o
 .text.HAL_DMA_Abort
                0x0000000008002758       0x7c ./Drivers/STM32L4xx_HAL_Driver/Src/stm32l4xx_hal_dma.o
                0x0000000008002758                HAL_DMA_Abort
 .text.HAL_DMA_Abort_IT
                0x00000000080027d4       0x82 ./Drivers/STM32L4xx_HAL_Driver/Src/stm32l4xx_hal_dma.o
                0x00000000080027d4                HAL_DMA_Abort_IT
 *fill*         0x0000000008002856        0x2 
 .text.HAL_GPIO_Init
                0x0000000008002858      0x354 ./Drivers/STM32L4xx_HAL_Driver/Src/stm32l4xx_hal_gpio.o
                0x0000000008002858                HAL_GPIO_Init
 .text.HAL_GPIO_DeInit
                0x0000000008002bac      0x1e8 ./Drivers/STM32L4xx_HAL_Driver/Src/stm32l4xx_hal_gpio.o
                0x0000000008002bac                HAL_GPIO_DeInit
 .text.HAL_GPIO_WritePin
                0x0000000008002d94       0x30 ./Drivers/STM32L4xx_HAL_Driver/Src/stm32l4xx_hal_gpio.o
                0x0000000008002d94                HAL_GPIO_WritePin
 .text.HAL_GPIO_EXTI_IRQHandler
                0x0000000008002dc4       0x30 ./Drivers/STM32L4xx_HAL_Driver/Src/stm32l4xx_hal_gpio.o
                0x0000000008002dc4                HAL_GPIO_EXTI_IRQHandler
 .text.HAL_GPIO_EXTI_Callback
                0x0000000008002df4       0x16 ./Drivers/STM32L4xx_HAL_Driver/Src/stm32l4xx_hal_gpio.o
                0x0000000008002df4                HAL_GPIO_EXTI_Callback
 .text.HAL_I2C_Init
                0x0000000008002e0a      0x11e ./Drivers/STM32L4xx_HAL_Driver/Src/stm32l4xx_hal_i2c.o
                0x0000000008002e0a                HAL_I2C_Init
 .text.HAL_I2C_DeInit
                0x0000000008002f28       0x5e ./Drivers/STM32L4xx_HAL_Driver/Src/stm32l4xx_hal_i2c.o
                0x0000000008002f28                HAL_I2C_DeInit
 *fill*         0x0000000008002f86        0x2 
 .text.HAL_I2C_Mem_Write
                0x0000000008002f88      0x228 ./Drivers/STM32L4xx_HAL_Driver/Src/stm32l4xx_hal_i2c.o
                0x0000000008002f88                HAL_I2C_Mem_Write
 .text.HAL_I2C_Mem_Read
                0x00000000080031b0      0x234 ./Drivers/STM32L4xx_HAL_Driver/Src/stm32l4xx_hal_i2c.o
                0x00000000080031b0                HAL_I2C_Mem_Read
 .text.I2C_RequestMemoryWrite
                0x00000000080033e4       0xa8 ./Drivers/STM32L4xx_HAL_Driver/Src/stm32l4xx_hal_i2c.o
 .text.I2C_RequestMemoryRead
                0x000000000800348c       0xa8 ./Drivers/STM32L4xx_HAL_Driver/Src/stm32l4xx_hal_i2c.o
 .text.I2C_Flush_TXDR
                0x0000000008003534       0x48 ./Drivers/STM32L4xx_HAL_Driver/Src/stm32l4xx_hal_i2c.o
 .text.I2C_WaitOnFlagUntilTimeout
                0x000000000800357c       0x80 ./Drivers/STM32L4xx_HAL_Driver/Src/stm32l4xx_hal_i2c.o
 .text.I2C_WaitOnTXISFlagUntilTimeout
                0x00000000080035fc       0x80 ./Drivers/STM32L4xx_HAL_Driver/Src/stm32l4xx_hal_i2c.o
 .text.I2C_WaitOnSTOPFlagUntilTimeout
                0x000000000800367c       0x78 ./Drivers/STM32L4xx_HAL_Driver/Src/stm32l4xx_hal_i2c.o
 .text.I2C_IsErrorOccurred
                0x00000000080036f4      0x1d8 ./Drivers/STM32L4xx_HAL_Driver/Src/stm32l4xx_hal_i2c.o
 .text.I2C_TransferConfig
                0x00000000080038cc       0x64 ./Drivers/STM32L4xx_HAL_Driver/Src/stm32l4xx_hal_i2c.o
 .text.HAL_I2CEx_ConfigAnalogFilter
                0x0000000008003930       0x96 ./Drivers/STM32L4xx_HAL_Driver/Src/stm32l4xx_hal_i2c_ex.o
                0x0000000008003930                HAL_I2CEx_ConfigAnalogFilter
 .text.HAL_I2CEx_ConfigDigitalFilter
                0x00000000080039c6       0x98 ./Drivers/STM32L4xx_HAL_Driver/Src/stm32l4xx_hal_i2c_ex.o
                0x00000000080039c6                HAL_I2CEx_ConfigDigitalFilter
 .text.HAL_PCD_Init
                0x0000000008003a5e      0x248 ./Drivers/STM32L4xx_HAL_Driver/Src/stm32l4xx_hal_pcd.o
                0x0000000008003a5e                HAL_PCD_Init
 .text.HAL_PCDEx_ActivateLPM
                0x0000000008003ca6       0x48 ./Drivers/STM32L4xx_HAL_Driver/Src/stm32l4xx_hal_pcd_ex.o
                0x0000000008003ca6                HAL_PCDEx_ActivateLPM
 *fill*         0x0000000008003cee        0x2 
 .text.HAL_PWR_EnableBkUpAccess
                0x0000000008003cf0       0x20 ./Drivers/STM32L4xx_HAL_Driver/Src/stm32l4xx_hal_pwr.o
                0x0000000008003cf0                HAL_PWR_EnableBkUpAccess
 .text.HAL_PWREx_GetVoltageRange
                0x0000000008003d10       0x1c ./Drivers/STM32L4xx_HAL_Driver/Src/stm32l4xx_hal_pwr_ex.o
                0x0000000008003d10                HAL_PWREx_GetVoltageRange
 .text.HAL_PWREx_ControlVoltageScaling
                0x0000000008003d2c       0xac ./Drivers/STM32L4xx_HAL_Driver/Src/stm32l4xx_hal_pwr_ex.o
                0x0000000008003d2c                HAL_PWREx_ControlVoltageScaling
 .text.HAL_PWREx_EnableVddUSB
                0x0000000008003dd8       0x20 ./Drivers/STM32L4xx_HAL_Driver/Src/stm32l4xx_hal_pwr_ex.o
                0x0000000008003dd8                HAL_PWREx_EnableVddUSB
 .text.HAL_QSPI_Init
                0x0000000008003df8       0xec ./Drivers/STM32L4xx_HAL_Driver/Src/stm32l4xx_hal_qspi.o
                0x0000000008003df8                HAL_QSPI_Init
 .text.HAL_QSPI_SetTimeout
                0x0000000008003ee4       0x1c ./Drivers/STM32L4xx_HAL_Driver/Src/stm32l4xx_hal_qspi.o
                0x0000000008003ee4                HAL_QSPI_SetTimeout
 .text.QSPI_WaitFlagStateUntilTimeout
                0x0000000008003f00       0x6e ./Drivers/STM32L4xx_HAL_Driver/Src/stm32l4xx_hal_qspi.o
 *fill*         0x0000000008003f6e        0x2 
 .text.HAL_RCC_OscConfig
                0x0000000008003f70      0x7b8 ./Drivers/STM32L4xx_HAL_Driver/Src/stm32l4xx_hal_rcc.o
                0x0000000008003f70                HAL_RCC_OscConfig
 .text.HAL_RCC_ClockConfig
                0x0000000008004728      0x200 ./Drivers/STM32L4xx_HAL_Driver/Src/stm32l4xx_hal_rcc.o
                0x0000000008004728                HAL_RCC_ClockConfig
 .text.HAL_RCC_GetSysClockFreq
                0x0000000008004928      0x118 ./Drivers/STM32L4xx_HAL_Driver/Src/stm32l4xx_hal_rcc.o
                0x0000000008004928                HAL_RCC_GetSysClockFreq
 .text.HAL_RCC_GetHCLKFreq
                0x0000000008004a40       0x18 ./Drivers/STM32L4xx_HAL_Driver/Src/stm32l4xx_hal_rcc.o
                0x0000000008004a40                HAL_RCC_GetHCLKFreq
 .text.HAL_RCC_GetPCLK1Freq
                0x0000000008004a58       0x2c ./Drivers/STM32L4xx_HAL_Driver/Src/stm32l4xx_hal_rcc.o
                0x0000000008004a58                HAL_RCC_GetPCLK1Freq
 .text.HAL_RCC_GetPCLK2Freq
                0x0000000008004a84       0x2c ./Drivers/STM32L4xx_HAL_Driver/Src/stm32l4xx_hal_rcc.o
                0x0000000008004a84                HAL_RCC_GetPCLK2Freq
 .text.HAL_RCC_GetClockConfig
                0x0000000008004ab0       0x64 ./Drivers/STM32L4xx_HAL_Driver/Src/stm32l4xx_hal_rcc.o
                0x0000000008004ab0                HAL_RCC_GetClockConfig
 .text.RCC_SetFlashLatencyFromMSIRange
                0x0000000008004b14       0xc0 ./Drivers/STM32L4xx_HAL_Driver/Src/stm32l4xx_hal_rcc.o
 .text.HAL_RCCEx_PeriphCLKConfig
                0x0000000008004bd4      0x5d4 ./Drivers/STM32L4xx_HAL_Driver/Src/stm32l4xx_hal_rcc_ex.o
                0x0000000008004bd4                HAL_RCCEx_PeriphCLKConfig
 .text.HAL_RCCEx_EnableMSIPLLMode
                0x00000000080051a8       0x20 ./Drivers/STM32L4xx_HAL_Driver/Src/stm32l4xx_hal_rcc_ex.o
                0x00000000080051a8                HAL_RCCEx_EnableMSIPLLMode
 .text.RCCEx_PLLSAI1_Config
                0x00000000080051c8      0x1e8 ./Drivers/STM32L4xx_HAL_Driver/Src/stm32l4xx_hal_rcc_ex.o
 .text.RCCEx_PLLSAI2_Config
                0x00000000080053b0      0x1bc ./Drivers/STM32L4xx_HAL_Driver/Src/stm32l4xx_hal_rcc_ex.o
 .text.HAL_RTC_Init
                0x000000000800556c       0xf6 ./Drivers/STM32L4xx_HAL_Driver/Src/stm32l4xx_hal_rtc.o
                0x000000000800556c                HAL_RTC_Init
 .text.HAL_RTC_SetTime
                0x0000000008005662      0x13a ./Drivers/STM32L4xx_HAL_Driver/Src/stm32l4xx_hal_rtc.o
                0x0000000008005662                HAL_RTC_SetTime
 .text.HAL_RTC_GetTime
                0x000000000800579c       0xb8 ./Drivers/STM32L4xx_HAL_Driver/Src/stm32l4xx_hal_rtc.o
                0x000000000800579c                HAL_RTC_GetTime
 .text.HAL_RTC_SetDate
                0x0000000008005854      0x10e ./Drivers/STM32L4xx_HAL_Driver/Src/stm32l4xx_hal_rtc.o
                0x0000000008005854                HAL_RTC_SetDate
 .text.HAL_RTC_GetDate
                0x0000000008005962       0x9a ./Drivers/STM32L4xx_HAL_Driver/Src/stm32l4xx_hal_rtc.o
                0x0000000008005962                HAL_RTC_GetDate
 .text.HAL_RTC_WaitForSynchro
                0x00000000080059fc       0x4c ./Drivers/STM32L4xx_HAL_Driver/Src/stm32l4xx_hal_rtc.o
                0x00000000080059fc                HAL_RTC_WaitForSynchro
 .text.RTC_EnterInitMode
                0x0000000008005a48       0x66 ./Drivers/STM32L4xx_HAL_Driver/Src/stm32l4xx_hal_rtc.o
                0x0000000008005a48                RTC_EnterInitMode
 *fill*         0x0000000008005aae        0x2 
 .text.RTC_ExitInitMode
                0x0000000008005ab0       0x7c ./Drivers/STM32L4xx_HAL_Driver/Src/stm32l4xx_hal_rtc.o
                0x0000000008005ab0                RTC_ExitInitMode
 .text.RTC_ByteToBcd2
                0x0000000008005b2c       0x40 ./Drivers/STM32L4xx_HAL_Driver/Src/stm32l4xx_hal_rtc.o
                0x0000000008005b2c                RTC_ByteToBcd2
 .text.RTC_Bcd2ToByte
                0x0000000008005b6c       0x34 ./Drivers/STM32L4xx_HAL_Driver/Src/stm32l4xx_hal_rtc.o
                0x0000000008005b6c                RTC_Bcd2ToByte
 .text.HAL_SPI_Init
                0x0000000008005ba0      0x146 ./Drivers/STM32L4xx_HAL_Driver/Src/stm32l4xx_hal_spi.o
                0x0000000008005ba0                HAL_SPI_Init
 .text.HAL_TIM_Base_Init
                0x0000000008005ce6       0xae ./Drivers/STM32L4xx_HAL_Driver/Src/stm32l4xx_hal_tim.o
                0x0000000008005ce6                HAL_TIM_Base_Init
 .text.HAL_TIM_Base_Start_IT
                0x0000000008005d94       0xe0 ./Drivers/STM32L4xx_HAL_Driver/Src/stm32l4xx_hal_tim.o
                0x0000000008005d94                HAL_TIM_Base_Start_IT
 .text.HAL_TIM_IRQHandler
                0x0000000008005e74      0x23e ./Drivers/STM32L4xx_HAL_Driver/Src/stm32l4xx_hal_tim.o
                0x0000000008005e74                HAL_TIM_IRQHandler
 .text.HAL_TIM_OC_DelayElapsedCallback
                0x00000000080060b2       0x14 ./Drivers/STM32L4xx_HAL_Driver/Src/stm32l4xx_hal_tim.o
                0x00000000080060b2                HAL_TIM_OC_DelayElapsedCallback
 .text.HAL_TIM_IC_CaptureCallback
                0x00000000080060c6       0x14 ./Drivers/STM32L4xx_HAL_Driver/Src/stm32l4xx_hal_tim.o
                0x00000000080060c6                HAL_TIM_IC_CaptureCallback
 .text.HAL_TIM_PWM_PulseFinishedCallback
                0x00000000080060da       0x14 ./Drivers/STM32L4xx_HAL_Driver/Src/stm32l4xx_hal_tim.o
                0x00000000080060da                HAL_TIM_PWM_PulseFinishedCallback
 .text.HAL_TIM_TriggerCallback
                0x00000000080060ee       0x14 ./Drivers/STM32L4xx_HAL_Driver/Src/stm32l4xx_hal_tim.o
                0x00000000080060ee                HAL_TIM_TriggerCallback
 *fill*         0x0000000008006102        0x2 
 .text.TIM_Base_SetConfig
                0x0000000008006104      0x134 ./Drivers/STM32L4xx_HAL_Driver/Src/stm32l4xx_hal_tim.o
                0x0000000008006104                TIM_Base_SetConfig
 .text.HAL_TIMEx_MasterConfigSynchronization
                0x0000000008006238      0x110 ./Drivers/STM32L4xx_HAL_Driver/Src/stm32l4xx_hal_tim_ex.o
                0x0000000008006238                HAL_TIMEx_MasterConfigSynchronization
 .text.HAL_TIMEx_CommutCallback
                0x0000000008006348       0x14 ./Drivers/STM32L4xx_HAL_Driver/Src/stm32l4xx_hal_tim_ex.o
                0x0000000008006348                HAL_TIMEx_CommutCallback
 .text.HAL_TIMEx_BreakCallback
                0x000000000800635c       0x14 ./Drivers/STM32L4xx_HAL_Driver/Src/stm32l4xx_hal_tim_ex.o
                0x000000000800635c                HAL_TIMEx_BreakCallback
 .text.HAL_TIMEx_Break2Callback
                0x0000000008006370       0x14 ./Drivers/STM32L4xx_HAL_Driver/Src/stm32l4xx_hal_tim_ex.o
                0x0000000008006370                HAL_TIMEx_Break2Callback
 .text.HAL_UART_Init
                0x0000000008006384       0x9c ./Drivers/STM32L4xx_HAL_Driver/Src/stm32l4xx_hal_uart.o
                0x0000000008006384                HAL_UART_Init
 .text.HAL_UART_Transmit
                0x0000000008006420      0x128 ./Drivers/STM32L4xx_HAL_Driver/Src/stm32l4xx_hal_uart.o
                0x0000000008006420                HAL_UART_Transmit
 .text.HAL_UART_Receive_IT
                0x0000000008006548       0xac ./Drivers/STM32L4xx_HAL_Driver/Src/stm32l4xx_hal_uart.o
                0x0000000008006548                HAL_UART_Receive_IT
 .text.HAL_UART_IRQHandler
                0x00000000080065f4      0x5c4 ./Drivers/STM32L4xx_HAL_Driver/Src/stm32l4xx_hal_uart.o
                0x00000000080065f4                HAL_UART_IRQHandler
 .text.HAL_UART_TxCpltCallback
                0x0000000008006bb8       0x14 ./Drivers/STM32L4xx_HAL_Driver/Src/stm32l4xx_hal_uart.o
                0x0000000008006bb8                HAL_UART_TxCpltCallback
 .text.HAL_UART_ErrorCallback
                0x0000000008006bcc       0x14 ./Drivers/STM32L4xx_HAL_Driver/Src/stm32l4xx_hal_uart.o
                0x0000000008006bcc                HAL_UART_ErrorCallback
 .text.HAL_UARTEx_RxEventCallback
                0x0000000008006be0       0x18 ./Drivers/STM32L4xx_HAL_Driver/Src/stm32l4xx_hal_uart.o
                0x0000000008006be0                HAL_UARTEx_RxEventCallback
 .text.UART_SetConfig
                0x0000000008006bf8      0x570 ./Drivers/STM32L4xx_HAL_Driver/Src/stm32l4xx_hal_uart.o
                0x0000000008006bf8                UART_SetConfig
 .text.UART_AdvFeatureConfig
                0x0000000008007168      0x144 ./Drivers/STM32L4xx_HAL_Driver/Src/stm32l4xx_hal_uart.o
                0x0000000008007168                UART_AdvFeatureConfig
 .text.UART_CheckIdleState
                0x00000000080072ac       0x92 ./Drivers/STM32L4xx_HAL_Driver/Src/stm32l4xx_hal_uart.o
                0x00000000080072ac                UART_CheckIdleState
 .text.UART_WaitOnFlagUntilTimeout
                0x000000000800733e      0x188 ./Drivers/STM32L4xx_HAL_Driver/Src/stm32l4xx_hal_uart.o
                0x000000000800733e                UART_WaitOnFlagUntilTimeout
 *fill*         0x00000000080074c6        0x2 
 .text.UART_Start_Receive_IT
                0x00000000080074c8      0x194 ./Drivers/STM32L4xx_HAL_Driver/Src/stm32l4xx_hal_uart.o
                0x00000000080074c8                UART_Start_Receive_IT
 .text.UART_EndRxTransfer
                0x000000000800765c       0xc6 ./Drivers/STM32L4xx_HAL_Driver/Src/stm32l4xx_hal_uart.o
 .text.UART_DMAAbortOnError
                0x0000000008007722       0x2c ./Drivers/STM32L4xx_HAL_Driver/Src/stm32l4xx_hal_uart.o
 .text.UART_EndTransmit_IT
                0x000000000800774e       0x54 ./Drivers/STM32L4xx_HAL_Driver/Src/stm32l4xx_hal_uart.o
 .text.UART_RxISR_8BIT
                0x00000000080077a2      0x160 ./Drivers/STM32L4xx_HAL_Driver/Src/stm32l4xx_hal_uart.o
 .text.UART_RxISR_16BIT
                0x0000000008007902      0x160 ./Drivers/STM32L4xx_HAL_Driver/Src/stm32l4xx_hal_uart.o
 .text.HAL_UARTEx_WakeupCallback
                0x0000000008007a62       0x14 ./Drivers/STM32L4xx_HAL_Driver/Src/stm32l4xx_hal_uart_ex.o
                0x0000000008007a62                HAL_UARTEx_WakeupCallback
 .text.USB_CoreInit
                0x0000000008007a76       0x58 ./Drivers/STM32L4xx_HAL_Driver/Src/stm32l4xx_ll_usb.o
                0x0000000008007a76                USB_CoreInit
 .text.USB_DisableGlobalInt
                0x0000000008007ace       0x22 ./Drivers/STM32L4xx_HAL_Driver/Src/stm32l4xx_ll_usb.o
                0x0000000008007ace                USB_DisableGlobalInt
 .text.USB_SetCurrentMode
                0x0000000008007af0       0x98 ./Drivers/STM32L4xx_HAL_Driver/Src/stm32l4xx_ll_usb.o
                0x0000000008007af0                USB_SetCurrentMode
 .text.USB_DevInit
                0x0000000008007b88      0x298 ./Drivers/STM32L4xx_HAL_Driver/Src/stm32l4xx_ll_usb.o
                0x0000000008007b88                USB_DevInit
 .text.USB_FlushTxFifo
                0x0000000008007e20       0x68 ./Drivers/STM32L4xx_HAL_Driver/Src/stm32l4xx_ll_usb.o
                0x0000000008007e20                USB_FlushTxFifo
 .text.USB_FlushRxFifo
                0x0000000008007e88       0x60 ./Drivers/STM32L4xx_HAL_Driver/Src/stm32l4xx_ll_usb.o
                0x0000000008007e88                USB_FlushRxFifo
 .text.USB_SetDevSpeed
                0x0000000008007ee8       0x32 ./Drivers/STM32L4xx_HAL_Driver/Src/stm32l4xx_ll_usb.o
                0x0000000008007ee8                USB_SetDevSpeed
 .text.USB_DevDisconnect
                0x0000000008007f1a       0x42 ./Drivers/STM32L4xx_HAL_Driver/Src/stm32l4xx_ll_usb.o
                0x0000000008007f1a                USB_DevDisconnect
 .text.USB_GetMode
                0x0000000008007f5c       0x1c ./Drivers/STM32L4xx_HAL_Driver/Src/stm32l4xx_ll_usb.o
                0x0000000008007f5c                USB_GetMode
 .text.USB_CoreReset
                0x0000000008007f78       0x68 ./Drivers/STM32L4xx_HAL_Driver/Src/stm32l4xx_ll_usb.o
 .text.I2Cx_MspInit
                0x0000000008007fe0       0xb0 ./L4_IOT_Sensors/Drivers/BSP/B-L475E-IOT01/stm32l475e_iot01.o
 .text.I2Cx_Init
                0x0000000008008090       0x5c ./L4_IOT_Sensors/Drivers/BSP/B-L475E-IOT01/stm32l475e_iot01.o
 .text.I2Cx_ReadMultiple
                0x00000000080080ec       0x5a ./L4_IOT_Sensors/Drivers/BSP/B-L475E-IOT01/stm32l475e_iot01.o
 .text.I2Cx_WriteMultiple
                0x0000000008008146       0x5a ./L4_IOT_Sensors/Drivers/BSP/B-L475E-IOT01/stm32l475e_iot01.o
 .text.I2Cx_Error
                0x00000000080081a0       0x20 ./L4_IOT_Sensors/Drivers/BSP/B-L475E-IOT01/stm32l475e_iot01.o
 .text.SENSOR_IO_Init
                0x00000000080081c0       0x14 ./L4_IOT_Sensors/Drivers/BSP/B-L475E-IOT01/stm32l475e_iot01.o
                0x00000000080081c0                SENSOR_IO_Init
 .text.SENSOR_IO_Write
                0x00000000080081d4       0x34 ./L4_IOT_Sensors/Drivers/BSP/B-L475E-IOT01/stm32l475e_iot01.o
                0x00000000080081d4                SENSOR_IO_Write
 .text.SENSOR_IO_Read
                0x0000000008008208       0x3c ./L4_IOT_Sensors/Drivers/BSP/B-L475E-IOT01/stm32l475e_iot01.o
                0x0000000008008208                SENSOR_IO_Read
 .text.SENSOR_IO_ReadMultiple
                0x0000000008008244       0x3c ./L4_IOT_Sensors/Drivers/BSP/B-L475E-IOT01/stm32l475e_iot01.o
                0x0000000008008244                SENSOR_IO_ReadMultiple
 .text.BSP_TSENSOR_Init
                0x0000000008008280       0x38 ./L4_IOT_Sensors/Drivers/BSP/B-L475E-IOT01/stm32l475e_iot01_tsensor.o
                0x0000000008008280                BSP_TSENSOR_Init
 .text.BSP_TSENSOR_ReadTemp
                0x00000000080082b8       0x1c ./L4_IOT_Sensors/Drivers/BSP/B-L475E-IOT01/stm32l475e_iot01_tsensor.o
                0x00000000080082b8                BSP_TSENSOR_ReadTemp
 .text.HTS221_T_Init
                0x00000000080082d4       0x5a ./L4_IOT_Sensors/Drivers/BSP/Components/hts221/hts221.o
                0x00000000080082d4                HTS221_T_Init
 .text.HTS221_T_ReadTemp
                0x000000000800832e      0x10e ./L4_IOT_Sensors/Drivers/BSP/Components/hts221/hts221.o
                0x000000000800832e                HTS221_T_ReadTemp
 .text.__NVIC_SetPriority
                0x000000000800843c       0x54 ./Middlewares/Third_Party/FreeRTOS/Source/CMSIS_RTOS_V2/cmsis_os2.o
 .text.SysTick_Handler
                0x0000000008008490       0x20 ./Middlewares/Third_Party/FreeRTOS/Source/CMSIS_RTOS_V2/cmsis_os2.o
                0x0000000008008490                SysTick_Handler
 .text.SVC_Setup
                0x00000000080084b0       0x12 ./Middlewares/Third_Party/FreeRTOS/Source/CMSIS_RTOS_V2/cmsis_os2.o
 *fill*         0x00000000080084c2        0x2 
 .text.osKernelInitialize
                0x00000000080084c4       0x48 ./Middlewares/Third_Party/FreeRTOS/Source/CMSIS_RTOS_V2/cmsis_os2.o
                0x00000000080084c4                osKernelInitialize
 .text.osKernelStart
                0x000000000800850c       0x4c ./Middlewares/Third_Party/FreeRTOS/Source/CMSIS_RTOS_V2/cmsis_os2.o
                0x000000000800850c                osKernelStart
 .text.osThreadNew
                0x0000000008008558      0x124 ./Middlewares/Third_Party/FreeRTOS/Source/CMSIS_RTOS_V2/cmsis_os2.o
                0x0000000008008558                osThreadNew
 .text.osThreadFlagsSet
                0x000000000800867c       0x9c ./Middlewares/Third_Party/FreeRTOS/Source/CMSIS_RTOS_V2/cmsis_os2.o
                0x000000000800867c                osThreadFlagsSet
 .text.osThreadFlagsWait
                0x0000000008008718      0x102 ./Middlewares/Third_Party/FreeRTOS/Source/CMSIS_RTOS_V2/cmsis_os2.o
                0x0000000008008718                osThreadFlagsWait
 .text.osDelay  0x000000000800881a       0x36 ./Middlewares/Third_Party/FreeRTOS/Source/CMSIS_RTOS_V2/cmsis_os2.o
                0x000000000800881a                osDelay
 .text.osMessageQueueNew
                0x0000000008008850       0xe6 ./Middlewares/Third_Party/FreeRTOS/Source/CMSIS_RTOS_V2/cmsis_os2.o
                0x0000000008008850                osMessageQueueNew
 *fill*         0x0000000008008936        0x2 
 .text.osMessageQueuePut
                0x0000000008008938       0xc0 ./Middlewares/Third_Party/FreeRTOS/Source/CMSIS_RTOS_V2/cmsis_os2.o
                0x0000000008008938                osMessageQueuePut
 .text.osMessageQueueGet
                0x00000000080089f8       0xbc ./Middlewares/Third_Party/FreeRTOS/Source/CMSIS_RTOS_V2/cmsis_os2.o
                0x00000000080089f8                osMessageQueueGet
 .text.vApplicationGetIdleTaskMemory
                0x0000000008008ab4       0x34 ./Middlewares/Third_Party/FreeRTOS/Source/CMSIS_RTOS_V2/cmsis_os2.o
                0x0000000008008ab4                vApplicationGetIdleTaskMemory
 .text.vApplicationGetTimerTaskMemory
                0x0000000008008ae8       0x34 ./Middlewares/Third_Party/FreeRTOS/Source/CMSIS_RTOS_V2/cmsis_os2.o
                0x0000000008008ae8                vApplicationGetTimerTaskMemory
 .text.vListInitialise
                0x0000000008008b1c       0x40 ./Middlewares/Third_Party/FreeRTOS/Source/list.o
                0x0000000008008b1c                vListInitialise
 .text.vListInitialiseItem
                0x0000000008008b5c       0x1a ./Middlewares/Third_Party/FreeRTOS/Source/list.o
                0x0000000008008b5c                vListInitialiseItem
 .text.vListInsertEnd
                0x0000000008008b76       0x48 ./Middlewares/Third_Party/FreeRTOS/Source/list.o
                0x0000000008008b76                vListInsertEnd
 .text.vListInsert
                0x0000000008008bbe       0x72 ./Middlewares/Third_Party/FreeRTOS/Source/list.o
                0x0000000008008bbe                vListInsert
 .text.uxListRemove
                0x0000000008008c30       0x54 ./Middlewares/Third_Party/FreeRTOS/Source/list.o
                0x0000000008008c30                uxListRemove
 .text.xQueueGenericReset
                0x0000000008008c84       0xd0 ./Middlewares/Third_Party/FreeRTOS/Source/queue.o
                0x0000000008008c84                xQueueGenericReset
 .text.xQueueGenericCreateStatic
                0x0000000008008d54       0xf0 ./Middlewares/Third_Party/FreeRTOS/Source/queue.o
                0x0000000008008d54                xQueueGenericCreateStatic
 .text.xQueueGenericCreate
                0x0000000008008e44       0x74 ./Middlewares/Third_Party/FreeRTOS/Source/queue.o
                0x0000000008008e44                xQueueGenericCreate
 .text.prvInitialiseNewQueue
                0x0000000008008eb8       0x46 ./Middlewares/Third_Party/FreeRTOS/Source/queue.o
 *fill*         0x0000000008008efe        0x2 
 .text.xQueueGenericSend
                0x0000000008008f00      0x1fc ./Middlewares/Third_Party/FreeRTOS/Source/queue.o
                0x0000000008008f00                xQueueGenericSend
 .text.xQueueGenericSendFromISR
                0x00000000080090fc      0x136 ./Middlewares/Third_Party/FreeRTOS/Source/queue.o
                0x00000000080090fc                xQueueGenericSendFromISR
 *fill*         0x0000000008009232        0x2 
 .text.xQueueReceive
                0x0000000008009234      0x1c0 ./Middlewares/Third_Party/FreeRTOS/Source/queue.o
                0x0000000008009234                xQueueReceive
 .text.xQueueReceiveFromISR
                0x00000000080093f4      0x100 ./Middlewares/Third_Party/FreeRTOS/Source/queue.o
                0x00000000080093f4                xQueueReceiveFromISR
 .text.prvCopyDataToQueue
                0x00000000080094f4       0xd4 ./Middlewares/Third_Party/FreeRTOS/Source/queue.o
 .text.prvCopyDataFromQueue
                0x00000000080095c8       0x4c ./Middlewares/Third_Party/FreeRTOS/Source/queue.o
 .text.prvUnlockQueue
                0x0000000008009614       0xa4 ./Middlewares/Third_Party/FreeRTOS/Source/queue.o
 .text.prvIsQueueEmpty
                0x00000000080096b8       0x2c ./Middlewares/Third_Party/FreeRTOS/Source/queue.o
 .text.prvIsQueueFull
                0x00000000080096e4       0x30 ./Middlewares/Third_Party/FreeRTOS/Source/queue.o
 .text.vQueueAddToRegistry
                0x0000000008009714       0x54 ./Middlewares/Third_Party/FreeRTOS/Source/queue.o
                0x0000000008009714                vQueueAddToRegistry
 .text.vQueueWaitForMessageRestricted
                0x0000000008009768       0x68 ./Middlewares/Third_Party/FreeRTOS/Source/queue.o
                0x0000000008009768                vQueueWaitForMessageRestricted
 .text.xTaskCreateStatic
                0x00000000080097d0       0xba ./Middlewares/Third_Party/FreeRTOS/Source/tasks.o
                0x00000000080097d0                xTaskCreateStatic
 .text.xTaskCreate
                0x000000000800988a       0x8a ./Middlewares/Third_Party/FreeRTOS/Source/tasks.o
                0x000000000800988a                xTaskCreate
 .text.prvInitialiseNewTask
                0x0000000008009914      0x154 ./Middlewares/Third_Party/FreeRTOS/Source/tasks.o
 .text.prvAddNewTaskToReadyList
                0x0000000008009a68       0xe0 ./Middlewares/Third_Party/FreeRTOS/Source/tasks.o
 .text.vTaskDelay
                0x0000000008009b48       0x68 ./Middlewares/Third_Party/FreeRTOS/Source/tasks.o
                0x0000000008009b48                vTaskDelay
 .text.vTaskStartScheduler
                0x0000000008009bb0       0xe4 ./Middlewares/Third_Party/FreeRTOS/Source/tasks.o
                0x0000000008009bb0                vTaskStartScheduler
 .text.vTaskSuspendAll
                0x0000000008009c94       0x1c ./Middlewares/Third_Party/FreeRTOS/Source/tasks.o
                0x0000000008009c94                vTaskSuspendAll
 .text.xTaskResumeAll
                0x0000000008009cb0      0x13c ./Middlewares/Third_Party/FreeRTOS/Source/tasks.o
                0x0000000008009cb0                xTaskResumeAll
 .text.xTaskGetTickCount
                0x0000000008009dec       0x20 ./Middlewares/Third_Party/FreeRTOS/Source/tasks.o
                0x0000000008009dec                xTaskGetTickCount
 .text.xTaskIncrementTick
                0x0000000008009e0c      0x174 ./Middlewares/Third_Party/FreeRTOS/Source/tasks.o
                0x0000000008009e0c                xTaskIncrementTick
 .text.vTaskSwitchContext
                0x0000000008009f80      0x100 ./Middlewares/Third_Party/FreeRTOS/Source/tasks.o
                0x0000000008009f80                vTaskSwitchContext
 .text.vTaskPlaceOnEventList
                0x000000000800a080       0x48 ./Middlewares/Third_Party/FreeRTOS/Source/tasks.o
                0x000000000800a080                vTaskPlaceOnEventList
 .text.vTaskPlaceOnEventListRestricted
                0x000000000800a0c8       0x58 ./Middlewares/Third_Party/FreeRTOS/Source/tasks.o
                0x000000000800a0c8                vTaskPlaceOnEventListRestricted
 .text.xTaskRemoveFromEventList
                0x000000000800a120       0xc8 ./Middlewares/Third_Party/FreeRTOS/Source/tasks.o
                0x000000000800a120                xTaskRemoveFromEventList
 .text.vTaskInternalSetTimeOutState
                0x000000000800a1e8       0x2c ./Middlewares/Third_Party/FreeRTOS/Source/tasks.o
                0x000000000800a1e8                vTaskInternalSetTimeOutState
 .text.xTaskCheckForTimeOut
                0x000000000800a214       0xc4 ./Middlewares/Third_Party/FreeRTOS/Source/tasks.o
                0x000000000800a214                xTaskCheckForTimeOut
 .text.vTaskMissedYield
                0x000000000800a2d8       0x18 ./Middlewares/Third_Party/FreeRTOS/Source/tasks.o
                0x000000000800a2d8                vTaskMissedYield
 .text.prvIdleTask
                0x000000000800a2f0       0x30 ./Middlewares/Third_Party/FreeRTOS/Source/tasks.o
 .text.prvInitialiseTaskLists
                0x000000000800a320       0x80 ./Middlewares/Third_Party/FreeRTOS/Source/tasks.o
 .text.prvCheckTasksWaitingTermination
                0x000000000800a3a0       0x5c ./Middlewares/Third_Party/FreeRTOS/Source/tasks.o
 .text.prvDeleteTCB
                0x000000000800a3fc       0x68 ./Middlewares/Third_Party/FreeRTOS/Source/tasks.o
 .text.prvResetNextTaskUnblockTime
                0x000000000800a464       0x40 ./Middlewares/Third_Party/FreeRTOS/Source/tasks.o
 .text.xTaskGetSchedulerState
                0x000000000800a4a4       0x3c ./Middlewares/Third_Party/FreeRTOS/Source/tasks.o
                0x000000000800a4a4                xTaskGetSchedulerState
 .text.xTaskPriorityDisinherit
                0x000000000800a4e0       0xdc ./Middlewares/Third_Party/FreeRTOS/Source/tasks.o
                0x000000000800a4e0                xTaskPriorityDisinherit
 .text.xTaskNotifyWait
                0x000000000800a5bc       0xc0 ./Middlewares/Third_Party/FreeRTOS/Source/tasks.o
                0x000000000800a5bc                xTaskNotifyWait
 .text.xTaskGenericNotify
                0x000000000800a67c      0x17c ./Middlewares/Third_Party/FreeRTOS/Source/tasks.o
                0x000000000800a67c                xTaskGenericNotify
 .text.xTaskGenericNotifyFromISR
                0x000000000800a7f8      0x1c8 ./Middlewares/Third_Party/FreeRTOS/Source/tasks.o
                0x000000000800a7f8                xTaskGenericNotifyFromISR
 .text.prvAddCurrentTaskToDelayedList
                0x000000000800a9c0       0xa8 ./Middlewares/Third_Party/FreeRTOS/Source/tasks.o
 .text.xTimerCreateTimerTask
                0x000000000800aa68       0x90 ./Middlewares/Third_Party/FreeRTOS/Source/timers.o
                0x000000000800aa68                xTimerCreateTimerTask
 .text.xTimerGenericCommand
                0x000000000800aaf8       0x9c ./Middlewares/Third_Party/FreeRTOS/Source/timers.o
                0x000000000800aaf8                xTimerGenericCommand
 .text.prvProcessExpiredTimer
                0x000000000800ab94       0x98 ./Middlewares/Third_Party/FreeRTOS/Source/timers.o
 .text.prvTimerTask
                0x000000000800ac2c       0x24 ./Middlewares/Third_Party/FreeRTOS/Source/timers.o
 .text.prvProcessTimerOrBlockTask
                0x000000000800ac50       0x9c ./Middlewares/Third_Party/FreeRTOS/Source/timers.o
 .text.prvGetNextExpireTime
                0x000000000800acec       0x48 ./Middlewares/Third_Party/FreeRTOS/Source/timers.o
 .text.prvSampleTimeNow
                0x000000000800ad34       0x40 ./Middlewares/Third_Party/FreeRTOS/Source/timers.o
 .text.prvInsertTimerInActiveList
                0x000000000800ad74       0x84 ./Middlewares/Third_Party/FreeRTOS/Source/timers.o
 .text.prvProcessReceivedCommands
                0x000000000800adf8      0x1c4 ./Middlewares/Third_Party/FreeRTOS/Source/timers.o
 .text.prvSwitchTimerLists
                0x000000000800afbc       0xc8 ./Middlewares/Third_Party/FreeRTOS/Source/timers.o
 .text.prvCheckForValidListAndQueue
                0x000000000800b084       0x80 ./Middlewares/Third_Party/FreeRTOS/Source/timers.o
 .text.pxPortInitialiseStack
                0x000000000800b104       0x68 ./Middlewares/Third_Party/FreeRTOS/Source/portable/GCC/ARM_CM4F/port.o
                0x000000000800b104                pxPortInitialiseStack
 .text.prvTaskExitError
                0x000000000800b16c       0x58 ./Middlewares/Third_Party/FreeRTOS/Source/portable/GCC/ARM_CM4F/port.o
 *fill*         0x000000000800b1c4        0xc 
 .text.SVC_Handler
                0x000000000800b1d0       0x28 ./Middlewares/Third_Party/FreeRTOS/Source/portable/GCC/ARM_CM4F/port.o
                0x000000000800b1d0                SVC_Handler
 .text.prvPortStartFirstTask
                0x000000000800b1f8       0x28 ./Middlewares/Third_Party/FreeRTOS/Source/portable/GCC/ARM_CM4F/port.o
 .text.xPortStartScheduler
                0x000000000800b220      0x144 ./Middlewares/Third_Party/FreeRTOS/Source/portable/GCC/ARM_CM4F/port.o
                0x000000000800b220                xPortStartScheduler
 .text.vPortEnterCritical
                0x000000000800b364       0x60 ./Middlewares/Third_Party/FreeRTOS/Source/portable/GCC/ARM_CM4F/port.o
                0x000000000800b364                vPortEnterCritical
 .text.vPortExitCritical
                0x000000000800b3c4       0x54 ./Middlewares/Third_Party/FreeRTOS/Source/portable/GCC/ARM_CM4F/port.o
                0x000000000800b3c4                vPortExitCritical
 *fill*         0x000000000800b418        0x8 
 .text.PendSV_Handler
                0x000000000800b420       0x68 ./Middlewares/Third_Party/FreeRTOS/Source/portable/GCC/ARM_CM4F/port.o
                0x000000000800b420                PendSV_Handler
 .text.xPortSysTickHandler
                0x000000000800b488       0x44 ./Middlewares/Third_Party/FreeRTOS/Source/portable/GCC/ARM_CM4F/port.o
                0x000000000800b488                xPortSysTickHandler
 .text.vPortSetupTimerInterrupt
                0x000000000800b4cc       0x48 ./Middlewares/Third_Party/FreeRTOS/Source/portable/GCC/ARM_CM4F/port.o
                0x000000000800b4cc                vPortSetupTimerInterrupt
 .text.vPortEnableVFP
                0x000000000800b514       0x14 ./Middlewares/Third_Party/FreeRTOS/Source/portable/GCC/ARM_CM4F/port.o
 .text.vPortValidateInterruptPriority
                0x000000000800b528       0x80 ./Middlewares/Third_Party/FreeRTOS/Source/portable/GCC/ARM_CM4F/port.o
                0x000000000800b528                vPortValidateInterruptPriority
 .text.pvPortMalloc
                0x000000000800b5a8      0x198 ./Middlewares/Third_Party/FreeRTOS/Source/portable/MemMang/heap_4.o
                0x000000000800b5a8                pvPortMalloc
 .text.vPortFree
                0x000000000800b740       0xc4 ./Middlewares/Third_Party/FreeRTOS/Source/portable/MemMang/heap_4.o
                0x000000000800b740                vPortFree
 .text.prvHeapInit
                0x000000000800b804       0xc4 ./Middlewares/Third_Party/FreeRTOS/Source/portable/MemMang/heap_4.o
 .text.prvInsertBlockIntoFreeList
                0x000000000800b8c8       0xb4 ./Middlewares/Third_Party/FreeRTOS/Source/portable/MemMang/heap_4.o
 .text.__errno  0x000000000800b97c        0xc c:/st/stm32cubeide_1.11.0/stm32cubeide/plugins/com.st.stm32cube.ide.mcu.externaltools.gnu-tools-for-stm32.10.3-2021.10.win32_1.0.100.202210260954/tools/bin/../lib/gcc/arm-none-eabi/10.3.1/../../../../arm-none-eabi/lib/thumb/v7e-m+fp/hard\libc_nano.a(lib_a-errno.o)
                0x000000000800b97c                __errno
 .text.std      0x000000000800b988       0x48 c:/st/stm32cubeide_1.11.0/stm32cubeide/plugins/com.st.stm32cube.ide.mcu.externaltools.gnu-tools-for-stm32.10.3-2021.10.win32_1.0.100.202210260954/tools/bin/../lib/gcc/arm-none-eabi/10.3.1/../../../../arm-none-eabi/lib/thumb/v7e-m+fp/hard\libc_nano.a(lib_a-findfp.o)
 .text._cleanup_r
                0x000000000800b9d0        0xc c:/st/stm32cubeide_1.11.0/stm32cubeide/plugins/com.st.stm32cube.ide.mcu.externaltools.gnu-tools-for-stm32.10.3-2021.10.win32_1.0.100.202210260954/tools/bin/../lib/gcc/arm-none-eabi/10.3.1/../../../../arm-none-eabi/lib/thumb/v7e-m+fp/hard\libc_nano.a(lib_a-findfp.o)
                0x000000000800b9d0                _cleanup_r
 .text.__sfmoreglue
                0x000000000800b9dc       0x2c c:/st/stm32cubeide_1.11.0/stm32cubeide/plugins/com.st.stm32cube.ide.mcu.externaltools.gnu-tools-for-stm32.10.3-2021.10.win32_1.0.100.202210260954/tools/bin/../lib/gcc/arm-none-eabi/10.3.1/../../../../arm-none-eabi/lib/thumb/v7e-m+fp/hard\libc_nano.a(lib_a-findfp.o)
                0x000000000800b9dc                __sfmoreglue
 .text.__sfp_lock_acquire
                0x000000000800ba08        0xc c:/st/stm32cubeide_1.11.0/stm32cubeide/plugins/com.st.stm32cube.ide.mcu.externaltools.gnu-tools-for-stm32.10.3-2021.10.win32_1.0.100.202210260954/tools/bin/../lib/gcc/arm-none-eabi/10.3.1/../../../../arm-none-eabi/lib/thumb/v7e-m+fp/hard\libc_nano.a(lib_a-findfp.o)
                0x000000000800ba08                __sfp_lock_acquire
 .text.__sfp_lock_release
                0x000000000800ba14        0xc c:/st/stm32cubeide_1.11.0/stm32cubeide/plugins/com.st.stm32cube.ide.mcu.externaltools.gnu-tools-for-stm32.10.3-2021.10.win32_1.0.100.202210260954/tools/bin/../lib/gcc/arm-none-eabi/10.3.1/../../../../arm-none-eabi/lib/thumb/v7e-m+fp/hard\libc_nano.a(lib_a-findfp.o)
                0x000000000800ba14                __sfp_lock_release
 .text.__sinit_lock_acquire
                0x000000000800ba20        0xc c:/st/stm32cubeide_1.11.0/stm32cubeide/plugins/com.st.stm32cube.ide.mcu.externaltools.gnu-tools-for-stm32.10.3-2021.10.win32_1.0.100.202210260954/tools/bin/../lib/gcc/arm-none-eabi/10.3.1/../../../../arm-none-eabi/lib/thumb/v7e-m+fp/hard\libc_nano.a(lib_a-findfp.o)
                0x000000000800ba20                __sinit_lock_acquire
 .text.__sinit_lock_release
                0x000000000800ba2c        0xc c:/st/stm32cubeide_1.11.0/stm32cubeide/plugins/com.st.stm32cube.ide.mcu.externaltools.gnu-tools-for-stm32.10.3-2021.10.win32_1.0.100.202210260954/tools/bin/../lib/gcc/arm-none-eabi/10.3.1/../../../../arm-none-eabi/lib/thumb/v7e-m+fp/hard\libc_nano.a(lib_a-findfp.o)
                0x000000000800ba2c                __sinit_lock_release
 .text.__sinit  0x000000000800ba38       0x70 c:/st/stm32cubeide_1.11.0/stm32cubeide/plugins/com.st.stm32cube.ide.mcu.externaltools.gnu-tools-for-stm32.10.3-2021.10.win32_1.0.100.202210260954/tools/bin/../lib/gcc/arm-none-eabi/10.3.1/../../../../arm-none-eabi/lib/thumb/v7e-m+fp/hard\libc_nano.a(lib_a-findfp.o)
                0x000000000800ba38                __sinit
 .text.__sfp    0x000000000800baa8       0x8c c:/st/stm32cubeide_1.11.0/stm32cubeide/plugins/com.st.stm32cube.ide.mcu.externaltools.gnu-tools-for-stm32.10.3-2021.10.win32_1.0.100.202210260954/tools/bin/../lib/gcc/arm-none-eabi/10.3.1/../../../../arm-none-eabi/lib/thumb/v7e-m+fp/hard\libc_nano.a(lib_a-findfp.o)
                0x000000000800baa8                __sfp
 .text._fwalk_reent
                0x000000000800bb34       0x3e c:/st/stm32cubeide_1.11.0/stm32cubeide/plugins/com.st.stm32cube.ide.mcu.externaltools.gnu-tools-for-stm32.10.3-2021.10.win32_1.0.100.202210260954/tools/bin/../lib/gcc/arm-none-eabi/10.3.1/../../../../arm-none-eabi/lib/thumb/v7e-m+fp/hard\libc_nano.a(lib_a-fwalk.o)
                0x000000000800bb34                _fwalk_reent
 *fill*         0x000000000800bb72        0x2 
 .text.__libc_init_array
                0x000000000800bb74       0x48 c:/st/stm32cubeide_1.11.0/stm32cubeide/plugins/com.st.stm32cube.ide.mcu.externaltools.gnu-tools-for-stm32.10.3-2021.10.win32_1.0.100.202210260954/tools/bin/../lib/gcc/arm-none-eabi/10.3.1/../../../../arm-none-eabi/lib/thumb/v7e-m+fp/hard\libc_nano.a(lib_a-init.o)
                0x000000000800bb74                __libc_init_array
 .text.__retarget_lock_init_recursive
                0x000000000800bbbc        0x2 c:/st/stm32cubeide_1.11.0/stm32cubeide/plugins/com.st.stm32cube.ide.mcu.externaltools.gnu-tools-for-stm32.10.3-2021.10.win32_1.0.100.202210260954/tools/bin/../lib/gcc/arm-none-eabi/10.3.1/../../../../arm-none-eabi/lib/thumb/v7e-m+fp/hard\libc_nano.a(lib_a-lock.o)
                0x000000000800bbbc                __retarget_lock_init_recursive
 .text.__retarget_lock_acquire_recursive
                0x000000000800bbbe        0x2 c:/st/stm32cubeide_1.11.0/stm32cubeide/plugins/com.st.stm32cube.ide.mcu.externaltools.gnu-tools-for-stm32.10.3-2021.10.win32_1.0.100.202210260954/tools/bin/../lib/gcc/arm-none-eabi/10.3.1/../../../../arm-none-eabi/lib/thumb/v7e-m+fp/hard\libc_nano.a(lib_a-lock.o)
                0x000000000800bbbe                __retarget_lock_acquire_recursive
 .text.__retarget_lock_release_recursive
                0x000000000800bbc0        0x2 c:/st/stm32cubeide_1.11.0/stm32cubeide/plugins/com.st.stm32cube.ide.mcu.externaltools.gnu-tools-for-stm32.10.3-2021.10.win32_1.0.100.202210260954/tools/bin/../lib/gcc/arm-none-eabi/10.3.1/../../../../arm-none-eabi/lib/thumb/v7e-m+fp/hard\libc_nano.a(lib_a-lock.o)
                0x000000000800bbc0                __retarget_lock_release_recursive
 .text.memcpy   0x000000000800bbc2       0x1c c:/st/stm32cubeide_1.11.0/stm32cubeide/plugins/com.st.stm32cube.ide.mcu.externaltools.gnu-tools-for-stm32.10.3-2021.10.win32_1.0.100.202210260954/tools/bin/../lib/gcc/arm-none-eabi/10.3.1/../../../../arm-none-eabi/lib/thumb/v7e-m+fp/hard\libc_nano.a(lib_a-memcpy-stub.o)
                0x000000000800bbc2                memcpy
 .text.memset   0x000000000800bbde       0x10 c:/st/stm32cubeide_1.11.0/stm32cubeide/plugins/com.st.stm32cube.ide.mcu.externaltools.gnu-tools-for-stm32.10.3-2021.10.win32_1.0.100.202210260954/tools/bin/../lib/gcc/arm-none-eabi/10.3.1/../../../../arm-none-eabi/lib/thumb/v7e-m+fp/hard\libc_nano.a(lib_a-memset.o)
                0x000000000800bbde                memset
 *fill*         0x000000000800bbee        0x2 
 .text.sbrk_aligned
                0x000000000800bbf0       0x40 c:/st/stm32cubeide_1.11.0/stm32cubeide/plugins/com.st.stm32cube.ide.mcu.externaltools.gnu-tools-for-stm32.10.3-2021.10.win32_1.0.100.202210260954/tools/bin/../lib/gcc/arm-none-eabi/10.3.1/../../../../arm-none-eabi/lib/thumb/v7e-m+fp/hard\libc_nano.a(lib_a-nano-mallocr.o)
 .text._malloc_r
                0x000000000800bc30       0xe8 c:/st/stm32cubeide_1.11.0/stm32cubeide/plugins/com.st.stm32cube.ide.mcu.externaltools.gnu-tools-for-stm32.10.3-2021.10.win32_1.0.100.202210260954/tools/bin/../lib/gcc/arm-none-eabi/10.3.1/../../../../arm-none-eabi/lib/thumb/v7e-m+fp/hard\libc_nano.a(lib_a-nano-mallocr.o)
                0x000000000800bc30                _malloc_r
 .text.printf   0x000000000800bd18       0x30 c:/st/stm32cubeide_1.11.0/stm32cubeide/plugins/com.st.stm32cube.ide.mcu.externaltools.gnu-tools-for-stm32.10.3-2021.10.win32_1.0.100.202210260954/tools/bin/../lib/gcc/arm-none-eabi/10.3.1/../../../../arm-none-eabi/lib/thumb/v7e-m+fp/hard\libc_nano.a(lib_a-printf.o)
                0x000000000800bd18                iprintf
                0x000000000800bd18                printf
 .text._puts_r  0x000000000800bd48       0xdc c:/st/stm32cubeide_1.11.0/stm32cubeide/plugins/com.st.stm32cube.ide.mcu.externaltools.gnu-tools-for-stm32.10.3-2021.10.win32_1.0.100.202210260954/tools/bin/../lib/gcc/arm-none-eabi/10.3.1/../../../../arm-none-eabi/lib/thumb/v7e-m+fp/hard\libc_nano.a(lib_a-puts.o)
                0x000000000800bd48                _puts_r
 .text.puts     0x000000000800be24       0x10 c:/st/stm32cubeide_1.11.0/stm32cubeide/plugins/com.st.stm32cube.ide.mcu.externaltools.gnu-tools-for-stm32.10.3-2021.10.win32_1.0.100.202210260954/tools/bin/../lib/gcc/arm-none-eabi/10.3.1/../../../../arm-none-eabi/lib/thumb/v7e-m+fp/hard\libc_nano.a(lib_a-puts.o)
                0x000000000800be24                puts
 .text.cleanup_glue
                0x000000000800be34       0x1a c:/st/stm32cubeide_1.11.0/stm32cubeide/plugins/com.st.stm32cube.ide.mcu.externaltools.gnu-tools-for-stm32.10.3-2021.10.win32_1.0.100.202210260954/tools/bin/../lib/gcc/arm-none-eabi/10.3.1/../../../../arm-none-eabi/lib/thumb/v7e-m+fp/hard\libc_nano.a(lib_a-reent.o)
                0x000000000800be34                cleanup_glue
 *fill*         0x000000000800be4e        0x2 
 .text._reclaim_reent
                0x000000000800be50       0xb8 c:/st/stm32cubeide_1.11.0/stm32cubeide/plugins/com.st.stm32cube.ide.mcu.externaltools.gnu-tools-for-stm32.10.3-2021.10.win32_1.0.100.202210260954/tools/bin/../lib/gcc/arm-none-eabi/10.3.1/../../../../arm-none-eabi/lib/thumb/v7e-m+fp/hard\libc_nano.a(lib_a-reent.o)
                0x000000000800be50                _reclaim_reent
 .text._sbrk_r  0x000000000800bf08       0x20 c:/st/stm32cubeide_1.11.0/stm32cubeide/plugins/com.st.stm32cube.ide.mcu.externaltools.gnu-tools-for-stm32.10.3-2021.10.win32_1.0.100.202210260954/tools/bin/../lib/gcc/arm-none-eabi/10.3.1/../../../../arm-none-eabi/lib/thumb/v7e-m+fp/hard\libc_nano.a(lib_a-sbrkr.o)
                0x000000000800bf08                _sbrk_r
 .text.snprintf
                0x000000000800bf28       0x68 c:/st/stm32cubeide_1.11.0/stm32cubeide/plugins/com.st.stm32cube.ide.mcu.externaltools.gnu-tools-for-stm32.10.3-2021.10.win32_1.0.100.202210260954/tools/bin/../lib/gcc/arm-none-eabi/10.3.1/../../../../arm-none-eabi/lib/thumb/v7e-m+fp/hard\libc_nano.a(lib_a-snprintf.o)
                0x000000000800bf28                sniprintf
                0x000000000800bf28                snprintf
 .text.__sread  0x000000000800bf90       0x22 c:/st/stm32cubeide_1.11.0/stm32cubeide/plugins/com.st.stm32cube.ide.mcu.externaltools.gnu-tools-for-stm32.10.3-2021.10.win32_1.0.100.202210260954/tools/bin/../lib/gcc/arm-none-eabi/10.3.1/../../../../arm-none-eabi/lib/thumb/v7e-m+fp/hard\libc_nano.a(lib_a-stdio.o)
                0x000000000800bf90                __sread
 .text.__swrite
                0x000000000800bfb2       0x38 c:/st/stm32cubeide_1.11.0/stm32cubeide/plugins/com.st.stm32cube.ide.mcu.externaltools.gnu-tools-for-stm32.10.3-2021.10.win32_1.0.100.202210260954/tools/bin/../lib/gcc/arm-none-eabi/10.3.1/../../../../arm-none-eabi/lib/thumb/v7e-m+fp/hard\libc_nano.a(lib_a-stdio.o)
                0x000000000800bfb2                __swrite
 .text.__sseek  0x000000000800bfea       0x24 c:/st/stm32cubeide_1.11.0/stm32cubeide/plugins/com.st.stm32cube.ide.mcu.externaltools.gnu-tools-for-stm32.10.3-2021.10.win32_1.0.100.202210260954/tools/bin/../lib/gcc/arm-none-eabi/10.3.1/../../../../arm-none-eabi/lib/thumb/v7e-m+fp/hard\libc_nano.a(lib_a-stdio.o)
                0x000000000800bfea                __sseek
 .text.__sclose
                0x000000000800c00e        0x8 c:/st/stm32cubeide_1.11.0/stm32cubeide/plugins/com.st.stm32cube.ide.mcu.externaltools.gnu-tools-for-stm32.10.3-2021.10.win32_1.0.100.202210260954/tools/bin/../lib/gcc/arm-none-eabi/10.3.1/../../../../arm-none-eabi/lib/thumb/v7e-m+fp/hard\libc_nano.a(lib_a-stdio.o)
                0x000000000800c00e                __sclose
 *fill*         0x000000000800c016        0x2 
 .text.__swbuf_r
                0x000000000800c018       0xa4 c:/st/stm32cubeide_1.11.0/stm32cubeide/plugins/com.st.stm32cube.ide.mcu.externaltools.gnu-tools-for-stm32.10.3-2021.10.win32_1.0.100.202210260954/tools/bin/../lib/gcc/arm-none-eabi/10.3.1/../../../../arm-none-eabi/lib/thumb/v7e-m+fp/hard\libc_nano.a(lib_a-wbuf.o)
                0x000000000800c018                __swbuf_r
 .text._write_r
                0x000000000800c0bc       0x24 c:/st/stm32cubeide_1.11.0/stm32cubeide/plugins/com.st.stm32cube.ide.mcu.externaltools.gnu-tools-for-stm32.10.3-2021.10.win32_1.0.100.202210260954/tools/bin/../lib/gcc/arm-none-eabi/10.3.1/../../../../arm-none-eabi/lib/thumb/v7e-m+fp/hard\libc_nano.a(lib_a-writer.o)
                0x000000000800c0bc                _write_r
 .text.__swsetup_r
                0x000000000800c0e0       0xdc c:/st/stm32cubeide_1.11.0/stm32cubeide/plugins/com.st.stm32cube.ide.mcu.externaltools.gnu-tools-for-stm32.10.3-2021.10.win32_1.0.100.202210260954/tools/bin/../lib/gcc/arm-none-eabi/10.3.1/../../../../arm-none-eabi/lib/thumb/v7e-m+fp/hard\libc_nano.a(lib_a-wsetup.o)
                0x000000000800c0e0                __swsetup_r
 .text._close_r
                0x000000000800c1bc       0x20 c:/st/stm32cubeide_1.11.0/stm32cubeide/plugins/com.st.stm32cube.ide.mcu.externaltools.gnu-tools-for-stm32.10.3-2021.10.win32_1.0.100.202210260954/tools/bin/../lib/gcc/arm-none-eabi/10.3.1/../../../../arm-none-eabi/lib/thumb/v7e-m+fp/hard\libc_nano.a(lib_a-closer.o)
                0x000000000800c1bc                _close_r
 .text.__sflush_r
                0x000000000800c1dc      0x10c c:/st/stm32cubeide_1.11.0/stm32cubeide/plugins/com.st.stm32cube.ide.mcu.externaltools.gnu-tools-for-stm32.10.3-2021.10.win32_1.0.100.202210260954/tools/bin/../lib/gcc/arm-none-eabi/10.3.1/../../../../arm-none-eabi/lib/thumb/v7e-m+fp/hard\libc_nano.a(lib_a-fflush.o)
                0x000000000800c1dc                __sflush_r
 .text._fflush_r
                0x000000000800c2e8       0x78 c:/st/stm32cubeide_1.11.0/stm32cubeide/plugins/com.st.stm32cube.ide.mcu.externaltools.gnu-tools-for-stm32.10.3-2021.10.win32_1.0.100.202210260954/tools/bin/../lib/gcc/arm-none-eabi/10.3.1/../../../../arm-none-eabi/lib/thumb/v7e-m+fp/hard\libc_nano.a(lib_a-fflush.o)
                0x000000000800c2e8                _fflush_r
 .text._lseek_r
                0x000000000800c360       0x24 c:/st/stm32cubeide_1.11.0/stm32cubeide/plugins/com.st.stm32cube.ide.mcu.externaltools.gnu-tools-for-stm32.10.3-2021.10.win32_1.0.100.202210260954/tools/bin/../lib/gcc/arm-none-eabi/10.3.1/../../../../arm-none-eabi/lib/thumb/v7e-m+fp/hard\libc_nano.a(lib_a-lseekr.o)
                0x000000000800c360                _lseek_r
 .text.__swhatbuf_r
                0x000000000800c384       0x4a c:/st/stm32cubeide_1.11.0/stm32cubeide/plugins/com.st.stm32cube.ide.mcu.externaltools.gnu-tools-for-stm32.10.3-2021.10.win32_1.0.100.202210260954/tools/bin/../lib/gcc/arm-none-eabi/10.3.1/../../../../arm-none-eabi/lib/thumb/v7e-m+fp/hard\libc_nano.a(lib_a-makebuf.o)
                0x000000000800c384                __swhatbuf_r
 *fill*         0x000000000800c3ce        0x2 
 .text.__smakebuf_r
                0x000000000800c3d0       0x80 c:/st/stm32cubeide_1.11.0/stm32cubeide/plugins/com.st.stm32cube.ide.mcu.externaltools.gnu-tools-for-stm32.10.3-2021.10.win32_1.0.100.202210260954/tools/bin/../lib/gcc/arm-none-eabi/10.3.1/../../../../arm-none-eabi/lib/thumb/v7e-m+fp/hard\libc_nano.a(lib_a-makebuf.o)
                0x000000000800c3d0                __smakebuf_r
 .text.__malloc_lock
                0x000000000800c450        0xc c:/st/stm32cubeide_1.11.0/stm32cubeide/plugins/com.st.stm32cube.ide.mcu.externaltools.gnu-tools-for-stm32.10.3-2021.10.win32_1.0.100.202210260954/tools/bin/../lib/gcc/arm-none-eabi/10.3.1/../../../../arm-none-eabi/lib/thumb/v7e-m+fp/hard\libc_nano.a(lib_a-mlock.o)
                0x000000000800c450                __malloc_lock
 .text.__malloc_unlock
                0x000000000800c45c        0xc c:/st/stm32cubeide_1.11.0/stm32cubeide/plugins/com.st.stm32cube.ide.mcu.externaltools.gnu-tools-for-stm32.10.3-2021.10.win32_1.0.100.202210260954/tools/bin/../lib/gcc/arm-none-eabi/10.3.1/../../../../arm-none-eabi/lib/thumb/v7e-m+fp/hard\libc_nano.a(lib_a-mlock.o)
                0x000000000800c45c                __malloc_unlock
 .text._free_r  0x000000000800c468       0x98 c:/st/stm32cubeide_1.11.0/stm32cubeide/plugins/com.st.stm32cube.ide.mcu.externaltools.gnu-tools-for-stm32.10.3-2021.10.win32_1.0.100.202210260954/tools/bin/../lib/gcc/arm-none-eabi/10.3.1/../../../../arm-none-eabi/lib/thumb/v7e-m+fp/hard\libc_nano.a(lib_a-nano-freer.o)
                0x000000000800c468                _free_r
 .text.__ssputs_r
                0x000000000800c500       0xb6 c:/st/stm32cubeide_1.11.0/stm32cubeide/plugins/com.st.stm32cube.ide.mcu.externaltools.gnu-tools-for-stm32.10.3-2021.10.win32_1.0.100.202210260954/tools/bin/../lib/gcc/arm-none-eabi/10.3.1/../../../../arm-none-eabi/lib/thumb/v7e-m+fp/hard\libc_nano.a(lib_a-nano-svfprintf.o)
                0x000000000800c500                __ssputs_r
 *fill*         0x000000000800c5b6        0x2 
 .text._svfprintf_r
                0x000000000800c5b8      0x200 c:/st/stm32cubeide_1.11.0/stm32cubeide/plugins/com.st.stm32cube.ide.mcu.externaltools.gnu-tools-for-stm32.10.3-2021.10.win32_1.0.100.202210260954/tools/bin/../lib/gcc/arm-none-eabi/10.3.1/../../../../arm-none-eabi/lib/thumb/v7e-m+fp/hard\libc_nano.a(lib_a-nano-svfprintf.o)
                0x000000000800c5b8                _svfiprintf_r
                0x000000000800c5b8                _svfprintf_r
 .text.__sfputc_r
                0x000000000800c7b8       0x2e c:/st/stm32cubeide_1.11.0/stm32cubeide/plugins/com.st.stm32cube.ide.mcu.externaltools.gnu-tools-for-stm32.10.3-2021.10.win32_1.0.100.202210260954/tools/bin/../lib/gcc/arm-none-eabi/10.3.1/../../../../arm-none-eabi/lib/thumb/v7e-m+fp/hard\libc_nano.a(lib_a-nano-vfprintf.o)
 .text.__sfputs_r
                0x000000000800c7e6       0x24 c:/st/stm32cubeide_1.11.0/stm32cubeide/plugins/com.st.stm32cube.ide.mcu.externaltools.gnu-tools-for-stm32.10.3-2021.10.win32_1.0.100.202210260954/tools/bin/../lib/gcc/arm-none-eabi/10.3.1/../../../../arm-none-eabi/lib/thumb/v7e-m+fp/hard\libc_nano.a(lib_a-nano-vfprintf.o)
                0x000000000800c7e6                __sfputs_r
 *fill*         0x000000000800c80a        0x2 
 .text._vfprintf_r
                0x000000000800c80c      0x260 c:/st/stm32cubeide_1.11.0/stm32cubeide/plugins/com.st.stm32cube.ide.mcu.externaltools.gnu-tools-for-stm32.10.3-2021.10.win32_1.0.100.202210260954/tools/bin/../lib/gcc/arm-none-eabi/10.3.1/../../../../arm-none-eabi/lib/thumb/v7e-m+fp/hard\libc_nano.a(lib_a-nano-vfprintf.o)
                0x000000000800c80c                _vfprintf_r
                0x000000000800c80c                _vfiprintf_r
 .text._printf_common
                0x000000000800ca6c       0xda c:/st/stm32cubeide_1.11.0/stm32cubeide/plugins/com.st.stm32cube.ide.mcu.externaltools.gnu-tools-for-stm32.10.3-2021.10.win32_1.0.100.202210260954/tools/bin/../lib/gcc/arm-none-eabi/10.3.1/../../../../arm-none-eabi/lib/thumb/v7e-m+fp/hard\libc_nano.a(lib_a-nano-vfprintf_i.o)
                0x000000000800ca6c                _printf_common
 *fill*         0x000000000800cb46        0x2 
 .text._printf_i
                0x000000000800cb48      0x24c c:/st/stm32cubeide_1.11.0/stm32cubeide/plugins/com.st.stm32cube.ide.mcu.externaltools.gnu-tools-for-stm32.10.3-2021.10.win32_1.0.100.202210260954/tools/bin/../lib/gcc/arm-none-eabi/10.3.1/../../../../arm-none-eabi/lib/thumb/v7e-m+fp/hard\libc_nano.a(lib_a-nano-vfprintf_i.o)
                0x000000000800cb48                _printf_i
 .text._read_r  0x000000000800cd94       0x24 c:/st/stm32cubeide_1.11.0/stm32cubeide/plugins/com.st.stm32cube.ide.mcu.externaltools.gnu-tools-for-stm32.10.3-2021.10.win32_1.0.100.202210260954/tools/bin/../lib/gcc/arm-none-eabi/10.3.1/../../../../arm-none-eabi/lib/thumb/v7e-m+fp/hard\libc_nano.a(lib_a-readr.o)
                0x000000000800cd94                _read_r
 .text._fstat_r
                0x000000000800cdb8       0x24 c:/st/stm32cubeide_1.11.0/stm32cubeide/plugins/com.st.stm32cube.ide.mcu.externaltools.gnu-tools-for-stm32.10.3-2021.10.win32_1.0.100.202210260954/tools/bin/../lib/gcc/arm-none-eabi/10.3.1/../../../../arm-none-eabi/lib/thumb/v7e-m+fp/hard\libc_nano.a(lib_a-fstatr.o)
                0x000000000800cdb8                _fstat_r
 .text._isatty_r
                0x000000000800cddc       0x20 c:/st/stm32cubeide_1.11.0/stm32cubeide/plugins/com.st.stm32cube.ide.mcu.externaltools.gnu-tools-for-stm32.10.3-2021.10.win32_1.0.100.202210260954/tools/bin/../lib/gcc/arm-none-eabi/10.3.1/../../../../arm-none-eabi/lib/thumb/v7e-m+fp/hard\libc_nano.a(lib_a-isattyr.o)
                0x000000000800cddc                _isatty_r
 .text.memmove  0x000000000800cdfc       0x34 c:/st/stm32cubeide_1.11.0/stm32cubeide/plugins/com.st.stm32cube.ide.mcu.externaltools.gnu-tools-for-stm32.10.3-2021.10.win32_1.0.100.202210260954/tools/bin/../lib/gcc/arm-none-eabi/10.3.1/../../../../arm-none-eabi/lib/thumb/v7e-m+fp/hard\libc_nano.a(lib_a-memmove.o)
                0x000000000800cdfc                memmove
 .text._realloc_r
                0x000000000800ce30       0x5e c:/st/stm32cubeide_1.11.0/stm32cubeide/plugins/com.st.stm32cube.ide.mcu.externaltools.gnu-tools-for-stm32.10.3-2021.10.win32_1.0.100.202210260954/tools/bin/../lib/gcc/arm-none-eabi/10.3.1/../../../../arm-none-eabi/lib/thumb/v7e-m+fp/hard\libc_nano.a(lib_a-nano-reallocr.o)
                0x000000000800ce30                _realloc_r
 .text._malloc_usable_size_r
                0x000000000800ce8e       0x10 c:/st/stm32cubeide_1.11.0/stm32cubeide/plugins/com.st.stm32cube.ide.mcu.externaltools.gnu-tools-for-stm32.10.3-2021.10.win32_1.0.100.202210260954/tools/bin/../lib/gcc/arm-none-eabi/10.3.1/../../../../arm-none-eabi/lib/thumb/v7e-m+fp/hard\libc_nano.a(lib_a-nano-msizer.o)
                0x000000000800ce8e                _malloc_usable_size_r
 *fill*         0x000000000800ce9e        0x2 
 .text.trunc    0x000000000800cea0       0x64 c:/st/stm32cubeide_1.11.0/stm32cubeide/plugins/com.st.stm32cube.ide.mcu.externaltools.gnu-tools-for-stm32.10.3-2021.10.win32_1.0.100.202210260954/tools/bin/../lib/gcc/arm-none-eabi/10.3.1/../../../../arm-none-eabi/lib/thumb/v7e-m+fp/hard\libm.a(lib_a-s_trunc.o)
                0x000000000800cea0                trunc
 *(.glue_7)
 .glue_7        0x000000000800cf04        0x0 linker stubs
 *(.glue_7t)
 .glue_7t       0x000000000800cf04        0x0 linker stubs
 *(.eh_frame)
 .eh_frame      0x000000000800cf04        0x0 c:/st/stm32cubeide_1.11.0/stm32cubeide/plugins/com.st.stm32cube.ide.mcu.externaltools.gnu-tools-for-stm32.10.3-2021.10.win32_1.0.100.202210260954/tools/bin/../lib/gcc/arm-none-eabi/10.3.1/thumb/v7e-m+fp/hard/crtbegin.o
 *(.init)
 .init          0x000000000800cf04        0x4 c:/st/stm32cubeide_1.11.0/stm32cubeide/plugins/com.st.stm32cube.ide.mcu.externaltools.gnu-tools-for-stm32.10.3-2021.10.win32_1.0.100.202210260954/tools/bin/../lib/gcc/arm-none-eabi/10.3.1/thumb/v7e-m+fp/hard/crti.o
                0x000000000800cf04                _init
 .init          0x000000000800cf08        0x8 c:/st/stm32cubeide_1.11.0/stm32cubeide/plugins/com.st.stm32cube.ide.mcu.externaltools.gnu-tools-for-stm32.10.3-2021.10.win32_1.0.100.202210260954/tools/bin/../lib/gcc/arm-none-eabi/10.3.1/thumb/v7e-m+fp/hard/crtn.o
 *(.fini)
 .fini          0x000000000800cf10        0x4 c:/st/stm32cubeide_1.11.0/stm32cubeide/plugins/com.st.stm32cube.ide.mcu.externaltools.gnu-tools-for-stm32.10.3-2021.10.win32_1.0.100.202210260954/tools/bin/../lib/gcc/arm-none-eabi/10.3.1/thumb/v7e-m+fp/hard/crti.o
                0x000000000800cf10                _fini
 .fini          0x000000000800cf14        0x8 c:/st/stm32cubeide_1.11.0/stm32cubeide/plugins/com.st.stm32cube.ide.mcu.externaltools.gnu-tools-for-stm32.10.3-2021.10.win32_1.0.100.202210260954/tools/bin/../lib/gcc/arm-none-eabi/10.3.1/thumb/v7e-m+fp/hard/crtn.o
                0x000000000800cf1c                . = ALIGN (0x4)
                0x000000000800cf1c                _etext = .

.vfp11_veneer   0x000000000800cf1c        0x0
 .vfp11_veneer  0x000000000800cf1c        0x0 linker stubs

.v4_bx          0x000000000800cf1c        0x0
 .v4_bx         0x000000000800cf1c        0x0 linker stubs

.iplt           0x000000000800cf1c        0x0
 .iplt          0x000000000800cf1c        0x0 c:/st/stm32cubeide_1.11.0/stm32cubeide/plugins/com.st.stm32cube.ide.mcu.externaltools.gnu-tools-for-stm32.10.3-2021.10.win32_1.0.100.202210260954/tools/bin/../lib/gcc/arm-none-eabi/10.3.1/thumb/v7e-m+fp/hard/crtbegin.o

.rodata         0x000000000800cf1c      0x554
                0x000000000800cf1c                . = ALIGN (0x4)
 *(.rodata)
 .rodata        0x000000000800cf1c      0x374 ./Core/Src/main.o
 .rodata        0x000000000800d290       0x30 ./Middlewares/Third_Party/FreeRTOS/Source/tasks.o
 .rodata        0x000000000800d2c0        0xd ./Middlewares/Third_Party/FreeRTOS/Source/timers.o
 *(.rodata*)
 *fill*         0x000000000800d2cd        0x3 
 .rodata.RTC_set_attributes
                0x000000000800d2d0       0x24 ./Core/Src/main.o
                0x000000000800d2d0                RTC_set_attributes
 .rodata.tempTask_attributes
                0x000000000800d2f4       0x24 ./Core/Src/main.o
                0x000000000800d2f4                tempTask_attributes
 .rodata.printTask_attributes
                0x000000000800d318       0x24 ./Core/Src/main.o
                0x000000000800d318                printTask_attributes
 .rodata.tarea_UART_attributes
                0x000000000800d33c       0x24 ./Core/Src/main.o
                0x000000000800d33c                tarea_UART_attributes
 .rodata.print_queue_attributes
                0x000000000800d360       0x18 ./Core/Src/main.o
                0x000000000800d360                print_queue_attributes
 .rodata.receive_queue_attributes
                0x000000000800d378       0x18 ./Core/Src/main.o
                0x000000000800d378                receive_queue_attributes
 .rodata.AHBPrescTable
                0x000000000800d390       0x10 ./Core/Src/system_stm32l4xx.o
                0x000000000800d390                AHBPrescTable
 .rodata.APBPrescTable
                0x000000000800d3a0        0x8 ./Core/Src/system_stm32l4xx.o
                0x000000000800d3a0                APBPrescTable
 .rodata.MSIRangeTable
                0x000000000800d3a8       0x30 ./Core/Src/system_stm32l4xx.o
                0x000000000800d3a8                MSIRangeTable
 .rodata.__sf_fake_stderr
                0x000000000800d3d8       0x20 c:/st/stm32cubeide_1.11.0/stm32cubeide/plugins/com.st.stm32cube.ide.mcu.externaltools.gnu-tools-for-stm32.10.3-2021.10.win32_1.0.100.202210260954/tools/bin/../lib/gcc/arm-none-eabi/10.3.1/../../../../arm-none-eabi/lib/thumb/v7e-m+fp/hard\libc_nano.a(lib_a-findfp.o)
                0x000000000800d3d8                __sf_fake_stderr
 .rodata.__sf_fake_stdin
                0x000000000800d3f8       0x20 c:/st/stm32cubeide_1.11.0/stm32cubeide/plugins/com.st.stm32cube.ide.mcu.externaltools.gnu-tools-for-stm32.10.3-2021.10.win32_1.0.100.202210260954/tools/bin/../lib/gcc/arm-none-eabi/10.3.1/../../../../arm-none-eabi/lib/thumb/v7e-m+fp/hard\libc_nano.a(lib_a-findfp.o)
                0x000000000800d3f8                __sf_fake_stdin
 .rodata.__sf_fake_stdout
                0x000000000800d418       0x20 c:/st/stm32cubeide_1.11.0/stm32cubeide/plugins/com.st.stm32cube.ide.mcu.externaltools.gnu-tools-for-stm32.10.3-2021.10.win32_1.0.100.202210260954/tools/bin/../lib/gcc/arm-none-eabi/10.3.1/../../../../arm-none-eabi/lib/thumb/v7e-m+fp/hard\libc_nano.a(lib_a-findfp.o)
                0x000000000800d418                __sf_fake_stdout
 .rodata._global_impure_ptr
                0x000000000800d438        0x4 c:/st/stm32cubeide_1.11.0/stm32cubeide/plugins/com.st.stm32cube.ide.mcu.externaltools.gnu-tools-for-stm32.10.3-2021.10.win32_1.0.100.202210260954/tools/bin/../lib/gcc/arm-none-eabi/10.3.1/../../../../arm-none-eabi/lib/thumb/v7e-m+fp/hard\libc_nano.a(lib_a-impure.o)
                0x000000000800d438                _global_impure_ptr
 .rodata._svfprintf_r.str1.1
                0x000000000800d43c       0x11 c:/st/stm32cubeide_1.11.0/stm32cubeide/plugins/com.st.stm32cube.ide.mcu.externaltools.gnu-tools-for-stm32.10.3-2021.10.win32_1.0.100.202210260954/tools/bin/../lib/gcc/arm-none-eabi/10.3.1/../../../../arm-none-eabi/lib/thumb/v7e-m+fp/hard\libc_nano.a(lib_a-nano-svfprintf.o)
 .rodata._vfprintf_r.str1.1
                0x000000000800d44d       0x11 c:/st/stm32cubeide_1.11.0/stm32cubeide/plugins/com.st.stm32cube.ide.mcu.externaltools.gnu-tools-for-stm32.10.3-2021.10.win32_1.0.100.202210260954/tools/bin/../lib/gcc/arm-none-eabi/10.3.1/../../../../arm-none-eabi/lib/thumb/v7e-m+fp/hard\libc_nano.a(lib_a-nano-vfprintf.o)
 .rodata._printf_i.str1.1
                0x000000000800d44d       0x22 c:/st/stm32cubeide_1.11.0/stm32cubeide/plugins/com.st.stm32cube.ide.mcu.externaltools.gnu-tools-for-stm32.10.3-2021.10.win32_1.0.100.202210260954/tools/bin/../lib/gcc/arm-none-eabi/10.3.1/../../../../arm-none-eabi/lib/thumb/v7e-m+fp/hard\libc_nano.a(lib_a-nano-vfprintf_i.o)
                0x000000000800d470                . = ALIGN (0x4)
 *fill*         0x000000000800d46f        0x1 

.ARM.extab      0x000000000800d470        0x0
                0x000000000800d470                . = ALIGN (0x4)
 *(.ARM.extab* .gnu.linkonce.armextab.*)
                0x000000000800d470                . = ALIGN (0x4)

.ARM            0x000000000800d470        0x8
                0x000000000800d470                . = ALIGN (0x4)
                0x000000000800d470                __exidx_start = .
 *(.ARM.exidx*)
 .ARM.exidx     0x000000000800d470        0x8 c:/st/stm32cubeide_1.11.0/stm32cubeide/plugins/com.st.stm32cube.ide.mcu.externaltools.gnu-tools-for-stm32.10.3-2021.10.win32_1.0.100.202210260954/tools/bin/../lib/gcc/arm-none-eabi/10.3.1/thumb/v7e-m+fp/hard\libgcc.a(_udivmoddi4.o)
                0x000000000800d478                __exidx_end = .
                0x000000000800d478                . = ALIGN (0x4)

.rel.dyn        0x000000000800d478        0x0
 .rel.iplt      0x000000000800d478        0x0 c:/st/stm32cubeide_1.11.0/stm32cubeide/plugins/com.st.stm32cube.ide.mcu.externaltools.gnu-tools-for-stm32.10.3-2021.10.win32_1.0.100.202210260954/tools/bin/../lib/gcc/arm-none-eabi/10.3.1/thumb/v7e-m+fp/hard/crtbegin.o

.preinit_array  0x000000000800d478        0x0
                0x000000000800d478                . = ALIGN (0x4)
                0x000000000800d478                PROVIDE (__preinit_array_start = .)
 *(.preinit_array*)
                0x000000000800d478                PROVIDE (__preinit_array_end = .)
                0x000000000800d478                . = ALIGN (0x4)

.init_array     0x000000000800d478        0x4
                0x000000000800d478                . = ALIGN (0x4)
                0x000000000800d478                PROVIDE (__init_array_start = .)
 *(SORT_BY_NAME(.init_array.*))
 *(.init_array*)
 .init_array    0x000000000800d478        0x4 c:/st/stm32cubeide_1.11.0/stm32cubeide/plugins/com.st.stm32cube.ide.mcu.externaltools.gnu-tools-for-stm32.10.3-2021.10.win32_1.0.100.202210260954/tools/bin/../lib/gcc/arm-none-eabi/10.3.1/thumb/v7e-m+fp/hard/crtbegin.o
                0x000000000800d47c                PROVIDE (__init_array_end = .)
                0x000000000800d47c                . = ALIGN (0x4)

.fini_array     0x000000000800d47c        0x4
                0x000000000800d47c                . = ALIGN (0x4)
                [!provide]                        PROVIDE (__fini_array_start = .)
 *(SORT_BY_NAME(.fini_array.*))
 *(.fini_array*)
 .fini_array    0x000000000800d47c        0x4 c:/st/stm32cubeide_1.11.0/stm32cubeide/plugins/com.st.stm32cube.ide.mcu.externaltools.gnu-tools-for-stm32.10.3-2021.10.win32_1.0.100.202210260954/tools/bin/../lib/gcc/arm-none-eabi/10.3.1/thumb/v7e-m+fp/hard/crtbegin.o
                [!provide]                        PROVIDE (__fini_array_end = .)
                0x000000000800d480                . = ALIGN (0x4)
                0x000000000800d480                _sidata = LOADADDR (.data)

.data           0x0000000020000000       0x84 load address 0x000000000800d480
                0x0000000020000000                . = ALIGN (0x4)
                0x0000000020000000                _sdata = .