../Drivers/CMSIS/Include/core_cm4.h:2059:26:ITM_SendChar	16	static,ignoring_inline_asm
../Core/Src/main.c:126:6:configureTimerForRunTimeStats	8	static
../Core/Src/main.c:130:15:getRunTimeCounterValue	4	static
../Core/Src/main.c:144:5:main	8	static
../Core/Src/main.c:248:6:SystemClock_Config	96	static
../Core/Src/main.c:311:13:MX_DFSDM1_Init	8	static
../Core/Src/main.c:349:13:MX_I2C2_Init	8	static
../Core/Src/main.c:397:13:MX_QUADSPI_Init	8	static
../Core/Src/main.c:430:13:MX_RTC_Init	32	static
../Core/Src/main.c:494:13:MX_SPI3_Init	8	static
../Core/Src/main.c:534:13:MX_TIM7_Init	24	static
../Core/Src/main.c:572:13:MX_USART1_UART_Init	8	static
../Core/Src/main.c:607:13:MX_USART3_UART_Init	8	static
../Core/Src/main.c:642:13:MX_USB_OTG_FS_PCD_Init	8	static
../Core/Src/main.c:677:13:MX_GPIO_Init	48	static
../Core/Src/main.c:858:5:_write	32	static
../Core/Src/main.c:868:6:HAL_UART_RxCpltCallback	16	static
../Core/Src/main.c:895:6:RTC_set_func	136	static
../Core/Src/main.c:1008:6:tempTask_func	200	static
../Core/Src/main.c:1088:6:printTask_func	32	static
../Core/Src/main.c:1127:6:tarea_UART_func	24	static
../Core/Src/main.c:1154:6:HAL_TIM_PeriodElapsedCallback	16	static
../Core/Src/main.c:1171:6:Error_Handler	4	static,ignoring_inline_asm
