../Drivers/CMSIS/Include/core_cm4.h:2059:26:ITM_SendChar	16	static,ignoring_inline_asm
../Core/Src/main.c:101:5:main	8	static
../Core/Src/main.c:194:6:SystemClock_Config	96	static
../Core/Src/main.c:255:13:MX_DFSDM1_Init	8	static
../Core/Src/main.c:293:13:MX_I2C2_Init	8	static
../Core/Src/main.c:341:13:MX_QUADSPI_Init	8	static
../Core/Src/main.c:374:13:MX_SPI3_Init	8	static
../Core/Src/main.c:414:13:MX_USART1_UART_Init	8	static
../Core/Src/main.c:449:13:MX_USART3_UART_Init	8	static
../Core/Src/main.c:484:13:MX_USB_OTG_FS_PCD_Init	8	static
../Core/Src/main.c:519:13:MX_GPIO_Init	48	static
../Core/Src/main.c:702:5:_write	32	static
../Core/Src/main.c:711:24:BSP_ACCELERO_Init_INT	16	static
../Core/Src/main.c:732:6:HAL_GPIO_EXTI_Callback	16	static
../Core/Src/main.c:749:6:sendAccel_func	40	static
../Core/Src/main.c:774:6:HAL_TIM_PeriodElapsedCallback	16	static
../Core/Src/main.c:791:6:Error_Handler	4	static,ignoring_inline_asm
