Archive member included to satisfy reference by file (symbol)

c:/st/stm32cubeide_1.11.0/stm32cubeide/plugins/com.st.stm32cube.ide.mcu.externaltools.gnu-tools-for-stm32.10.3-2021.10.win32_1.0.100.202210260954/tools/bin/../lib/gcc/arm-none-eabi/10.3.1/../../../../arm-none-eabi/lib/thumb/v7e-m+fp/hard\libc_nano.a(lib_a-errno.o)
                              ./Core/Src/syscalls.o (__errno)
c:/st/stm32cubeide_1.11.0/stm32cubeide/plugins/com.st.stm32cube.ide.mcu.externaltools.gnu-tools-for-stm32.10.3-2021.10.win32_1.0.100.202210260954/tools/bin/../lib/gcc/arm-none-eabi/10.3.1/../../../../arm-none-eabi/lib/thumb/v7e-m+fp/hard\libc_nano.a(lib_a-exit.o)
                              c:/st/stm32cubeide_1.11.0/stm32cubeide/plugins/com.st.stm32cube.ide.mcu.externaltools.gnu-tools-for-stm32.10.3-2021.10.win32_1.0.100.202210260954/tools/bin/../lib/gcc/arm-none-eabi/10.3.1/../../../../arm-none-eabi/lib/thumb/v7e-m+fp/hard/crt0.o (exit)
c:/st/stm32cubeide_1.11.0/stm32cubeide/plugins/com.st.stm32cube.ide.mcu.externaltools.gnu-tools-for-stm32.10.3-2021.10.win32_1.0.100.202210260954/tools/bin/../lib/gcc/arm-none-eabi/10.3.1/../../../../arm-none-eabi/lib/thumb/v7e-m+fp/hard\libc_nano.a(lib_a-findfp.o)
                              ./Middlewares/Third_Party/FreeRTOS/Source/tasks.o (__sf_fake_stderr)
c:/st/stm32cubeide_1.11.0/stm32cubeide/plugins/com.st.stm32cube.ide.mcu.externaltools.gnu-tools-for-stm32.10.3-2021.10.win32_1.0.100.202210260954/tools/bin/../lib/gcc/arm-none-eabi/10.3.1/../../../../arm-none-eabi/lib/thumb/v7e-m+fp/hard\libc_nano.a(lib_a-fwalk.o)
                              c:/st/stm32cubeide_1.11.0/stm32cubeide/plugins/com.st.stm32cube.ide.mcu.externaltools.gnu-tools-for-stm32.10.3-2021.10.win32_1.0.100.202210260954/tools/bin/../lib/gcc/arm-none-eabi/10.3.1/../../../../arm-none-eabi/lib/thumb/v7e-m+fp/hard\libc_nano.a(lib_a-findfp.o) (_fwalk)
c:/st/stm32cubeide_1.11.0/stm32cubeide/plugins/com.st.stm32cube.ide.mcu.externaltools.gnu-tools-for-stm32.10.3-2021.10.win32_1.0.100.202210260954/tools/bin/../lib/gcc/arm-none-eabi/10.3.1/../../../../arm-none-eabi/lib/thumb/v7e-m+fp/hard\libc_nano.a(lib_a-impure.o)
                              c:/st/stm32cubeide_1.11.0/stm32cubeide/plugins/com.st.stm32cube.ide.mcu.externaltools.gnu-tools-for-stm32.10.3-2021.10.win32_1.0.100.202210260954/tools/bin/../lib/gcc/arm-none-eabi/10.3.1/../../../../arm-none-eabi/lib/thumb/v7e-m+fp/hard\libc_nano.a(lib_a-exit.o) (_global_impure_ptr)
c:/st/stm32cubeide_1.11.0/stm32cubeide/plugins/com.st.stm32cube.ide.mcu.externaltools.gnu-tools-for-stm32.10.3-2021.10.win32_1.0.100.202210260954/tools/bin/../lib/gcc/arm-none-eabi/10.3.1/../../../../arm-none-eabi/lib/thumb/v7e-m+fp/hard\libc_nano.a(lib_a-init.o)
                              c:/st/stm32cubeide_1.11.0/stm32cubeide/plugins/com.st.stm32cube.ide.mcu.externaltools.gnu-tools-for-stm32.10.3-2021.10.win32_1.0.100.202210260954/tools/bin/../lib/gcc/arm-none-eabi/10.3.1/../../../../arm-none-eabi/lib/thumb/v7e-m+fp/hard/crt0.o (__libc_init_array)
c:/st/stm32cubeide_1.11.0/stm32cubeide/plugins/com.st.stm32cube.ide.mcu.externaltools.gnu-tools-for-stm32.10.3-2021.10.win32_1.0.100.202210260954/tools/bin/../lib/gcc/arm-none-eabi/10.3.1/../../../../arm-none-eabi/lib/thumb/v7e-m+fp/hard\libc_nano.a(lib_a-lock.o)
                              c:/st/stm32cubeide_1.11.0/stm32cubeide/plugins/com.st.stm32cube.ide.mcu.externaltools.gnu-tools-for-stm32.10.3-2021.10.win32_1.0.100.202210260954/tools/bin/../lib/gcc/arm-none-eabi/10.3.1/../../../../arm-none-eabi/lib/thumb/v7e-m+fp/hard\libc_nano.a(lib_a-findfp.o) (__retarget_lock_init_recursive)
c:/st/stm32cubeide_1.11.0/stm32cubeide/plugins/com.st.stm32cube.ide.mcu.externaltools.gnu-tools-for-stm32.10.3-2021.10.win32_1.0.100.202210260954/tools/bin/../lib/gcc/arm-none-eabi/10.3.1/../../../../arm-none-eabi/lib/thumb/v7e-m+fp/hard\libc_nano.a(lib_a-memcpy-stub.o)
                              ./Middlewares/Third_Party/FreeRTOS/Source/CMSIS_RTOS_V2/cmsis_os2.o (memcpy)
c:/st/stm32cubeide_1.11.0/stm32cubeide/plugins/com.st.stm32cube.ide.mcu.externaltools.gnu-tools-for-stm32.10.3-2021.10.win32_1.0.100.202210260954/tools/bin/../lib/gcc/arm-none-eabi/10.3.1/../../../../arm-none-eabi/lib/thumb/v7e-m+fp/hard\libc_nano.a(lib_a-memset.o)
                              c:/st/stm32cubeide_1.11.0/stm32cubeide/plugins/com.st.stm32cube.ide.mcu.externaltools.gnu-tools-for-stm32.10.3-2021.10.win32_1.0.100.202210260954/tools/bin/../lib/gcc/arm-none-eabi/10.3.1/../../../../arm-none-eabi/lib/thumb/v7e-m+fp/hard/crt0.o (memset)
c:/st/stm32cubeide_1.11.0/stm32cubeide/plugins/com.st.stm32cube.ide.mcu.externaltools.gnu-tools-for-stm32.10.3-2021.10.win32_1.0.100.202210260954/tools/bin/../lib/gcc/arm-none-eabi/10.3.1/../../../../arm-none-eabi/lib/thumb/v7e-m+fp/hard\libc_nano.a(lib_a-nano-mallocr.o)
[...]
Memory Configuration

Name             Origin             Length             Attributes
RAM              0x0000000020000000 0x0000000000018000 xrw
RAM2             0x0000000010000000 0x0000000000008000 xrw
FLASH            0x0000000008000000 0x0000000000100000 xr
*default*        0x0000000000000000 0xffffffffffffffff

Linker script and memory map

LOAD c:/st/stm32cubeide_1.11.0/stm32cubeide/plugins/com.st.stm32cube.ide.mcu.externaltools.gnu-tools-for-stm32.10.3-2021.10.win32_1.0.100.202210260954/tools/bin/../lib/gcc/arm-none-eabi/10.3.1/thumb/v7e-m+fp/hard/crti.o
LOAD c:/st/stm32cubeide_1.11.0/stm32cubeide/plugins/com.st.stm32cube.ide.mcu.externaltools.gnu-tools-for-stm32.10.3-2021.10.win32_1.0.100.202210260954/tools/bin/../lib/gcc/arm-none-eabi/10.3.1/thumb/v7e-m+fp/hard/crtbegin.o
LOAD c:/st/stm32cubeide_1.11.0/stm32cubeide/plugins/com.st.stm32cube.ide.mcu.externaltools.gnu-tools-for-stm32.10.3-2021.10.win32_1.0.100.202210260954/tools/bin/../lib/gcc/arm-none-eabi/10.3.1/../../../../arm-none-eabi/lib/thumb/v7e-m+fp/hard/crt0.o
LOAD ./Core/Src/freertos.o
LOAD ./Core/Src/main.o
LOAD ./Core/Src/stm32l4xx_hal_msp.o
LOAD ./Core/Src/stm32l4xx_hal_timebase_tim.o
LOAD ./Core/Src/stm32l4xx_it.o
LOAD ./Core/Src/syscalls.o
LOAD ./Core/Src/sysmem.o
LOAD ./Core/Src/system_stm32l4xx.o
LOAD ./Core/Startup/startup_stm32l475vgtx.o
LOAD ./Drivers/STM32L4xx_HAL_Driver/Src/stm32l4xx_hal.o
LOAD ./Drivers/STM32L4xx_HAL_Driver/Src/stm32l4xx_hal_cortex.o
LOAD ./Drivers/STM32L4xx_HAL_Driver/Src/stm32l4xx_hal_dfsdm.o
LOAD ./Drivers/STM32L4xx_HAL_Driver/Src/stm32l4xx_hal_dma.o
LOAD ./Drivers/STM32L4xx_HAL_Driver/Src/stm32l4xx_hal_dma_ex.o
LOAD ./Drivers/STM32L4xx_HAL_Driver/Src/stm32l4xx_hal_exti.o
LOAD ./Drivers/STM32L4xx_HAL_Driver/Src/stm32l4xx_hal_flash.o
LOAD ./Drivers/STM32L4xx_HAL_Driver/Src/stm32l4xx_hal_flash_ex.o
LOAD ./Drivers/STM32L4xx_HAL_Driver/Src/stm32l4xx_hal_flash_ramfunc.o
LOAD ./Drivers/STM32L4xx_HAL_Driver/Src/stm32l4xx_hal_gpio.o
LOAD ./Drivers/STM32L4xx_HAL_Driver/Src/stm32l4xx_hal_i2c.o
LOAD ./Drivers/STM32L4xx_HAL_Driver/Src/stm32l4xx_hal_i2c_ex.o
LOAD ./Drivers/STM32L4xx_HAL_Driver/Src/stm32l4xx_hal_pcd.o
LOAD ./Drivers/STM32L4xx_HAL_Driver/Src/stm32l4xx_hal_pcd_ex.o
LOAD ./Drivers/STM32L4xx_HAL_Driver/Src/stm32l4xx_hal_pwr.o
LOAD ./Drivers/STM32L4xx_HAL_Driver/Src/stm32l4xx_hal_pwr_ex.o
LOAD ./Drivers/STM32L4xx_HAL_Driver/Src/stm32l4xx_hal_qspi.o
LOAD ./Drivers/STM32L4xx_HAL_Driver/Src/stm32l4xx_hal_rcc.o
LOAD ./Drivers/STM32L4xx_HAL_Driver/Src/stm32l4xx_hal_rcc_ex.o
LOAD ./Drivers/STM32L4xx_HAL_Driver/Src/stm32l4xx_hal_spi.o
LOAD ./Drivers/STM32L4xx_HAL_Driver/Src/stm32l4xx_hal_spi_ex.o
LOAD ./Drivers/STM32L4xx_HAL_Driver/Src/stm32l4xx_hal_tim.o
LOAD ./Drivers/STM32L4xx_HAL_Driver/Src/stm32l4xx_hal_tim_ex.o
LOAD ./Drivers/STM32L4xx_HAL_Driver/Src/stm32l4xx_hal_uart.o
LOAD ./Drivers/STM32L4xx_HAL_Driver/Src/stm32l4xx_hal_uart_ex.o
LOAD ./Drivers/STM32L4xx_HAL_Driver/Src/stm32l4xx_ll_usb.o
LOAD ./L4_IOT_Sensors/Drivers/BSP/B-L475E-IOT01/stm32l475e_iot01.o
LOAD ./L4_IOT_Sensors/Drivers/BSP/B-L475E-IOT01/stm32l475e_iot01_accelero.o
LOAD ./L4_IOT_Sensors/Drivers/BSP/Components/lsm6dsl/lsm6dsl.o
LOAD ./Middlewares/Third_Party/FreeRTOS/Source/CMSIS_RTOS_V2/cmsis_os2.o
LOAD ./Middlewares/Third_Party/FreeRTOS/Source/croutine.o
LOAD ./Middlewares/Third_Party/FreeRTOS/Source/event_groups.o
LOAD ./Middlewares/Third_Party/FreeRTOS/Source/list.o
LOAD ./Middlewares/Third_Party/FreeRTOS/Source/queue.o
LOAD ./Middlewares/Third_Party/FreeRTOS/Source/stream_buffer.o
LOAD ./Middlewares/Third_Party/FreeRTOS/Source/tasks.o
LOAD ./Middlewares/Third_Party/FreeRTOS/Source/timers.o
LOAD ./Middlewares/Third_Party/FreeRTOS/Source/portable/GCC/ARM_CM4F/port.o
LOAD ./Middlewares/Third_Party/FreeRTOS/Source/portable/MemMang/heap_4.o
START GROUP
LOAD c:/st/stm32cubeide_1.11.0/stm32cubeide/plugins/com.st.stm32cube.ide.mcu.externaltools.gnu-tools-for-stm32.10.3-2021.10.win32_1.0.100.202210260954/tools/bin/../lib/gcc/arm-none-eabi/10.3.1/../../../../arm-none-eabi/lib/thumb/v7e-m+fp/hard\libc_nano.a
LOAD c:/st/stm32cubeide_1.11.0/stm32cubeide/plugins/com.st.stm32cube.ide.mcu.externaltools.gnu-tools-for-stm32.10.3-2021.10.win32_1.0.100.202210260954/tools/bin/../lib/gcc/arm-none-eabi/10.3.1/../../../../arm-none-eabi/lib/thumb/v7e-m+fp/hard\libm.a
END GROUP
START GROUP
LOAD c:/st/stm32cubeide_1.11.0/stm32cubeide/plugins/com.st.stm32cube.ide.mcu.externaltools.gnu-tools-for-stm32.10.3-2021.10.win32_1.0.100.202210260954/tools/bin/../lib/gcc/arm-none-eabi/10.3.1/thumb/v7e-m+fp/hard\libgcc.a
LOAD c:/st/stm32cubeide_1.11.0/stm32cubeide/plugins/com.st.stm32cube.ide.mcu.externaltools.gnu-tools-for-stm32.10.3-2021.10.win32_1.0.100.202210260954/tools/bin/../lib/gcc/arm-none-eabi/10.3.1/../../../../arm-none-eabi/lib/thumb/v7e-m+fp/hard\libc_nano.a
END GROUP
START GROUP
LOAD c:/st/stm32cubeide_1.11.0/stm32cubeide/plugins/com.st.stm32cube.ide.mcu.externaltools.gnu-tools-for-stm32.10.3-2021.10.win32_1.0.100.202210260954/tools/bin/../lib/gcc/arm-none-eabi/10.3.1/thumb/v7e-m+fp/hard\libgcc.a
LOAD c:/st/stm32cubeide_1.11.0/stm32cubeide/plugins/com.st.stm32cube.ide.mcu.externaltools.gnu-tools-for-stm32.10.3-2021.10.win32_1.0.100.202210260954/tools/bin/../lib/gcc/arm-none-eabi/10.3.1/../../../../arm-none-eabi/lib/thumb/v7e-m+fp/hard\libc_nano.a
LOAD c:/st/stm32cubeide_1.11.0/stm32cubeide/plugins/com.st.stm32cube.ide.mcu.externaltools.gnu-tools-for-stm32.10.3-2021.10.win32_1.0.100.202210260954/tools/bin/../lib/gcc/arm-none-eabi/10.3.1/../../../../arm-none-eabi/lib/thumb/v7e-m+fp/hard\libnosys.a
END GROUP
START GROUP
LOAD c:/st/stm32cubeide_1.11.0/stm32cubeide/plugins/com.st.stm32cube.ide.mcu.externaltools.gnu-tools-for-stm32.10.3-2021.10.win32_1.0.100.202210260954/tools/bin/../lib/gcc/arm-none-eabi/10.3.1/thumb/v7e-m+fp/hard\libgcc.a
LOAD c:/st/stm32cubeide_1.11.0/stm32cubeide/plugins/com.st.stm32cube.ide.mcu.externaltools.gnu-tools-for-stm32.10.3-2021.10.win32_1.0.100.202210260954/tools/bin/../lib/gcc/arm-none-eabi/10.3.1/../../../../arm-none-eabi/lib/thumb/v7e-m+fp/hard\libc_nano.a
LOAD c:/st/stm32cubeide_1.11.0/stm32cubeide/plugins/com.st.stm32cube.ide.mcu.externaltools.gnu-tools-for-stm32.10.3-2021.10.win32_1.0.100.202210260954/tools/bin/../lib/gcc/arm-none-eabi/10.3.1/../../../../arm-none-eabi/lib/thumb/v7e-m+fp/hard\libnosys.a
END GROUP
LOAD c:/st/stm32cubeide_1.11.0/stm32cubeide/plugins/com.st.stm32cube.ide.mcu.externaltools.gnu-tools-for-stm32.10.3-2021.10.win32_1.0.100.202210260954/tools/bin/../lib/gcc/arm-none-eabi/10.3.1/thumb/v7e-m+fp/hard/crtend.o
LOAD c:/st/stm32cubeide_1.11.0/stm32cubeide/plugins/com.st.stm32cube.ide.mcu.externaltools.gnu-tools-for-stm32.10.3-2021.10.win32_1.0.100.202210260954/tools/bin/../lib/gcc/arm-none-eabi/10.3.1/thumb/v7e-m+fp/hard/crtn.o
                0x0000000020018000                _estack = (ORIGIN (RAM) + LENGTH (RAM))
                0x0000000000000200                _Min_Heap_Size = 0x200
                0x0000000000000400                _Min_Stack_Size = 0x400

.isr_vector     0x0000000008000000      0x188
                0x0000000008000000                . = ALIGN (0x4)
 *(.isr_vector)
 .isr_vector    0x0000000008000000      0x188 ./Core/Startup/startup_stm32l475vgtx.o
                0x0000000008000000                g_pfnVectors
                0x0000000008000188                . = ALIGN (0x4)

.text           0x0000000008000190     0xa644
                0x0000000008000190                . = ALIGN (0x4)
 *(.text)
 .text          0x0000000008000190       0x40 c:/st/stm32cubeide_1.11.0/stm32cubeide/plugins/com.st.stm32cube.ide.mcu.externaltools.gnu-tools-for-stm32.10.3-2021.10.win32_1.0.100.202210260954/tools/bin/../lib/gcc/arm-none-eabi/10.3.1/thumb/v7e-m+fp/hard/crtbegin.o
 .text          0x00000000080001d0       0xa0 c:/st/stm32cubeide_1.11.0/stm32cubeide/plugins/com.st.stm32cube.ide.mcu.externaltools.gnu-tools-for-stm32.10.3-2021.10.win32_1.0.100.202210260954/tools/bin/../lib/gcc/arm-none-eabi/10.3.1/../../../../arm-none-eabi/lib/thumb/v7e-m+fp/hard\libc_nano.a(lib_a-memchr.o)
                0x00000000080001d0                memchr
 .text          0x0000000008000270       0x30 c:/st/stm32cubeide_1.11.0/stm32cubeide/plugins/com.st.stm32cube.ide.mcu.externaltools.gnu-tools-for-stm32.10.3-2021.10.win32_1.0.100.202210260954/tools/bin/../lib/gcc/arm-none-eabi/10.3.1/thumb/v7e-m+fp/hard\libgcc.a(_aeabi_uldivmod.o)
                0x0000000008000270                __aeabi_uldivmod
 .text          0x00000000080002a0      0x2d0 c:/st/stm32cubeide_1.11.0/stm32cubeide/plugins/com.st.stm32cube.ide.mcu.externaltools.gnu-tools-for-stm32.10.3-2021.10.win32_1.0.100.202210260954/tools/bin/../lib/gcc/arm-none-eabi/10.3.1/thumb/v7e-m+fp/hard\libgcc.a(_udivmoddi4.o)
                0x00000000080002a0                __udivmoddi4
 .text          0x0000000008000570        0x4 c:/st/stm32cubeide_1.11.0/stm32cubeide/plugins/com.st.stm32cube.ide.mcu.externaltools.gnu-tools-for-stm32.10.3-2021.10.win32_1.0.100.202210260954/tools/bin/../lib/gcc/arm-none-eabi/10.3.1/thumb/v7e-m+fp/hard\libgcc.a(_dvmd_tls.o)
                0x0000000008000570                __aeabi_idiv0
                0x0000000008000570                __aeabi_ldiv0
 *(.text*)
 .text.ITM_SendChar
                0x0000000008000574       0x4e ./Core/Src/main.o
 *fill*         0x00000000080005c2        0x2 
 .text.main     0x00000000080005c4       0x8c ./Core/Src/main.o
                0x00000000080005c4                main
 .text.SystemClock_Config
                0x0000000008000650       0xc4 ./Core/Src/main.o
                0x0000000008000650                SystemClock_Config
 .text.MX_DFSDM1_Init
                0x0000000008000714       0x70 ./Core/Src/main.o
 .text.MX_I2C2_Init
                0x0000000008000784       0x80 ./Core/Src/main.o
 .text.MX_QUADSPI_Init
                0x0000000008000804       0x4c ./Core/Src/main.o
 .text.MX_SPI3_Init
                0x0000000008000850       0x7c ./Core/Src/main.o
 .text.MX_USART1_UART_Init
                0x00000000080008cc       0x60 ./Core/Src/main.o
 .text.MX_USART3_UART_Init
                0x000000000800092c       0x60 ./Core/Src/main.o
 .text.MX_USB_OTG_FS_PCD_Init
                0x000000000800098c       0x5c ./Core/Src/main.o
 .text.MX_GPIO_Init
                0x00000000080009e8      0x364 ./Core/Src/main.o
 .text._write   0x0000000008000d4c       0x38 ./Core/Src/main.o
                0x0000000008000d4c                _write
 .text.BSP_ACCELERO_Init_INT
                0x0000000008000d84       0x7e ./Core/Src/main.o
                0x0000000008000d84                BSP_ACCELERO_Init_INT
 *fill*         0x0000000008000e02        0x2 
 .text.HAL_GPIO_EXTI_Callback
                0x0000000008000e04       0x2c ./Core/Src/main.o
                0x0000000008000e04                HAL_GPIO_EXTI_Callback
 .text.sendAccel_func
                0x0000000008000e30       0x4c ./Core/Src/main.o
                0x0000000008000e30                sendAccel_func
 .text.HAL_TIM_PeriodElapsedCallback
                0x0000000008000e7c       0x24 ./Core/Src/main.o
                0x0000000008000e7c                HAL_TIM_PeriodElapsedCallback
 .text.Error_Handler
                0x0000000008000ea0        0xa ./Core/Src/main.o
                0x0000000008000ea0                Error_Handler
 *fill*         0x0000000008000eaa        0x2 
 .text.HAL_MspInit
                0x0000000008000eac       0x50 ./Core/Src/stm32l4xx_hal_msp.o
                0x0000000008000eac                HAL_MspInit
 .text.HAL_DFSDM_ChannelMspInit
                0x0000000008000efc       0xc8 ./Core/Src/stm32l4xx_hal_msp.o
                0x0000000008000efc                HAL_DFSDM_ChannelMspInit
 .text.HAL_I2C_MspInit
                0x0000000008000fc4       0xbc ./Core/Src/stm32l4xx_hal_msp.o
                0x0000000008000fc4                HAL_I2C_MspInit
 .text.HAL_I2C_MspDeInit
                0x0000000008001080       0x48 ./Core/Src/stm32l4xx_hal_msp.o
                0x0000000008001080                HAL_I2C_MspDeInit
 .text.HAL_QSPI_MspInit
                0x00000000080010c8       0x88 ./Core/Src/stm32l4xx_hal_msp.o
                0x00000000080010c8                HAL_QSPI_MspInit
 .text.HAL_SPI_MspInit
                0x0000000008001150       0x88 ./Core/Src/stm32l4xx_hal_msp.o
                0x0000000008001150                HAL_SPI_MspInit
 .text.HAL_UART_MspInit
                0x00000000080011d8      0x148 ./Core/Src/stm32l4xx_hal_msp.o
                0x00000000080011d8                HAL_UART_MspInit
 .text.HAL_PCD_MspInit
                0x0000000008001320      0x138 ./Core/Src/stm32l4xx_hal_msp.o
                0x0000000008001320                HAL_PCD_MspInit
 .text.HAL_InitTick
                0x0000000008001458       0xf4 ./Core/Src/stm32l4xx_hal_timebase_tim.o
                0x0000000008001458                HAL_InitTick
 .text.NMI_Handler
                0x000000000800154c        0x6 ./Core/Src/stm32l4xx_it.o
                0x000000000800154c                NMI_Handler
 .text.HardFault_Handler
                0x0000000008001552        0x6 ./Core/Src/stm32l4xx_it.o
                0x0000000008001552                HardFault_Handler
 .text.MemManage_Handler
                0x0000000008001558        0x6 ./Core/Src/stm32l4xx_it.o
                0x0000000008001558                MemManage_Handler
 .text.BusFault_Handler
                0x000000000800155e        0x6 ./Core/Src/stm32l4xx_it.o
                0x000000000800155e                BusFault_Handler
 .text.UsageFault_Handler
                0x0000000008001564        0x6 ./Core/Src/stm32l4xx_it.o
                0x0000000008001564                UsageFault_Handler
 .text.DebugMon_Handler
                0x000000000800156a        0xe ./Core/Src/stm32l4xx_it.o
                0x000000000800156a                DebugMon_Handler
 .text.EXTI9_5_IRQHandler
                0x0000000008001578       0x22 ./Core/Src/stm32l4xx_it.o
                0x0000000008001578                EXTI9_5_IRQHandler
 .text.EXTI15_10_IRQHandler
                0x000000000800159a       0x30 ./Core/Src/stm32l4xx_it.o
                0x000000000800159a                EXTI15_10_IRQHandler
 *fill*         0x00000000080015ca        0x2 
 .text.TIM6_DAC_IRQHandler
                0x00000000080015cc       0x14 ./Core/Src/stm32l4xx_it.o
                0x00000000080015cc                TIM6_DAC_IRQHandler
 .text._read    0x00000000080015e0       0x3a ./Core/Src/syscalls.o
                0x00000000080015e0                _read
 .text._close   0x000000000800161a       0x18 ./Core/Src/syscalls.o
                0x000000000800161a                _close
 .text._fstat   0x0000000008001632       0x20 ./Core/Src/syscalls.o
                0x0000000008001632                _fstat
 .text._isatty  0x0000000008001652       0x16 ./Core/Src/syscalls.o
                0x0000000008001652                _isatty
 .text._lseek   0x0000000008001668       0x1a ./Core/Src/syscalls.o
                0x0000000008001668                _lseek
 *fill*         0x0000000008001682        0x2 
 .text._sbrk    0x0000000008001684       0x6c ./Core/Src/sysmem.o
                0x0000000008001684                _sbrk
 .text.SystemInit
                0x00000000080016f0       0x24 ./Core/Src/system_stm32l4xx.o
                0x00000000080016f0                SystemInit
 .text.Reset_Handler
                0x0000000008001714       0x50 ./Core/Startup/startup_stm32l475vgtx.o
                0x0000000008001714                Reset_Handler
 .text.Default_Handler
                0x0000000008001764        0x2 ./Core/Startup/startup_stm32l475vgtx.o
                0x0000000008001764                RTC_Alarm_IRQHandler
                0x0000000008001764                EXTI2_IRQHandler
                0x0000000008001764                TIM8_TRG_COM_IRQHandler
                0x0000000008001764                TIM8_CC_IRQHandler
                0x0000000008001764                TIM1_CC_IRQHandler
                0x0000000008001764                TSC_IRQHandler
                0x0000000008001764                TAMP_STAMP_IRQHandler
                0x0000000008001764                EXTI3_IRQHandler
                0x0000000008001764                LPTIM2_IRQHandler
                0x0000000008001764                DFSDM1_FLT1_IRQHandler
                0x0000000008001764                I2C3_ER_IRQHandler
                0x0000000008001764                DFSDM1_FLT2_IRQHandler
                0x0000000008001764                EXTI0_IRQHandler
                0x0000000008001764                I2C2_EV_IRQHandler
                0x0000000008001764                CAN1_RX0_IRQHandler
                0x0000000008001764                FPU_IRQHandler
                0x0000000008001764                TIM1_UP_TIM16_IRQHandler
                0x0000000008001764                ADC1_2_IRQHandler
                0x0000000008001764                SPI1_IRQHandler
                0x0000000008001764                TIM8_UP_IRQHandler
                0x0000000008001764                DMA2_Channel2_IRQHandler
                0x0000000008001764                DMA1_Channel4_IRQHandler
                0x0000000008001764                SAI2_IRQHandler
                0x0000000008001764                DFSDM1_FLT3_IRQHandler
                0x0000000008001764                USART3_IRQHandler
                0x0000000008001764                DMA1_Channel7_IRQHandler
                0x0000000008001764                CAN1_RX1_IRQHandler
                0x0000000008001764                UART5_IRQHandler
                0x0000000008001764                ADC3_IRQHandler
                0x0000000008001764                TIM4_IRQHandler
                0x0000000008001764                DMA2_Channel1_IRQHandler
                0x0000000008001764                QUADSPI_IRQHandler
                0x0000000008001764                I2C1_EV_IRQHandler
                0x0000000008001764                DMA1_Channel6_IRQHandler
                0x0000000008001764                UART4_IRQHandler
                0x0000000008001764                DMA2_Channel4_IRQHandler
                0x0000000008001764                TIM3_IRQHandler
                0x0000000008001764                RCC_IRQHandler
                0x0000000008001764                DMA1_Channel1_IRQHandler
                0x0000000008001764                Default_Handler
                0x0000000008001764                DMA2_Channel7_IRQHandler
                0x0000000008001764                TIM7_IRQHandler
                0x0000000008001764                SDMMC1_IRQHandler
                0x0000000008001764                TIM5_IRQHandler
                0x0000000008001764                I2C3_EV_IRQHandler
                0x0000000008001764                RTC_WKUP_IRQHandler
                0x0000000008001764                PVD_PVM_IRQHandler
                0x0000000008001764                SPI2_IRQHandler
                0x0000000008001764                CAN1_TX_IRQHandler
                0x0000000008001764                DMA2_Channel5_IRQHandler
                0x0000000008001764                DMA1_Channel5_IRQHandler
                0x0000000008001764                EXTI4_IRQHandler
                0x0000000008001764                RNG_IRQHandler
                0x0000000008001764                TIM1_TRG_COM_TIM17_IRQHandler
                0x0000000008001764                DMA1_Channel3_IRQHandler
                0x0000000008001764                COMP_IRQHandler
                0x0000000008001764                WWDG_IRQHandler
                0x0000000008001764                LPUART1_IRQHandler
                0x0000000008001764                DMA2_Channel6_IRQHandler
                0x0000000008001764                TIM2_IRQHandler
                0x0000000008001764                EXTI1_IRQHandler
                0x0000000008001764                USART2_IRQHandler
                0x0000000008001764                DFSDM1_FLT0_IRQHandler
                0x0000000008001764                I2C2_ER_IRQHandler
                0x0000000008001764                DMA1_Channel2_IRQHandler
                0x0000000008001764                TIM8_BRK_IRQHandler
                0x0000000008001764                CAN1_SCE_IRQHandler
                0x0000000008001764                FLASH_IRQHandler
                0x0000000008001764                USART1_IRQHandler
                0x0000000008001764                OTG_FS_IRQHandler
                0x0000000008001764                SPI3_IRQHandler
                0x0000000008001764                I2C1_ER_IRQHandler
                0x0000000008001764                FMC_IRQHandler
                0x0000000008001764                SWPMI1_IRQHandler
                0x0000000008001764                LPTIM1_IRQHandler
                0x0000000008001764                SAI1_IRQHandler
                0x0000000008001764                DMA2_Channel3_IRQHandler
                0x0000000008001764                TIM1_BRK_TIM15_IRQHandler
 .text.HAL_Init
                0x0000000008001766       0x30 ./Drivers/STM32L4xx_HAL_Driver/Src/stm32l4xx_hal.o
                0x0000000008001766                HAL_Init
 *fill*         0x0000000008001796        0x2 
 .text.HAL_IncTick
                0x0000000008001798       0x28 ./Drivers/STM32L4xx_HAL_Driver/Src/stm32l4xx_hal.o
                0x0000000008001798                HAL_IncTick
 .text.HAL_GetTick
                0x00000000080017c0       0x18 ./Drivers/STM32L4xx_HAL_Driver/Src/stm32l4xx_hal.o
                0x00000000080017c0                HAL_GetTick
 .text.HAL_Delay
                0x00000000080017d8       0x48 ./Drivers/STM32L4xx_HAL_Driver/Src/stm32l4xx_hal.o
                0x00000000080017d8                HAL_Delay
 .text.__NVIC_SetPriorityGrouping
                0x0000000008001820       0x48 ./Drivers/STM32L4xx_HAL_Driver/Src/stm32l4xx_hal_cortex.o
 .text.__NVIC_GetPriorityGrouping
                0x0000000008001868       0x1c ./Drivers/STM32L4xx_HAL_Driver/Src/stm32l4xx_hal_cortex.o
 .text.__NVIC_EnableIRQ
                0x0000000008001884       0x3c ./Drivers/STM32L4xx_HAL_Driver/Src/stm32l4xx_hal_cortex.o
 .text.__NVIC_SetPriority
                0x00000000080018c0       0x54 ./Drivers/STM32L4xx_HAL_Driver/Src/stm32l4xx_hal_cortex.o
 .text.NVIC_EncodePriority
                0x0000000008001914       0x66 ./Drivers/STM32L4xx_HAL_Driver/Src/stm32l4xx_hal_cortex.o
 .text.HAL_NVIC_SetPriorityGrouping
                0x000000000800197a       0x16 ./Drivers/STM32L4xx_HAL_Driver/Src/stm32l4xx_hal_cortex.o
                0x000000000800197a                HAL_NVIC_SetPriorityGrouping
 .text.HAL_NVIC_SetPriority
                0x0000000008001990       0x38 ./Drivers/STM32L4xx_HAL_Driver/Src/stm32l4xx_hal_cortex.o
                0x0000000008001990                HAL_NVIC_SetPriority
 .text.HAL_NVIC_EnableIRQ
                0x00000000080019c8       0x1c ./Drivers/STM32L4xx_HAL_Driver/Src/stm32l4xx_hal_cortex.o
                0x00000000080019c8                HAL_NVIC_EnableIRQ
 .text.HAL_DFSDM_ChannelInit
                0x00000000080019e4      0x180 ./Drivers/STM32L4xx_HAL_Driver/Src/stm32l4xx_hal_dfsdm.o
                0x00000000080019e4                HAL_DFSDM_ChannelInit
 .text.DFSDM_GetChannelFromInstance
                0x0000000008001b64       0x98 ./Drivers/STM32L4xx_HAL_Driver/Src/stm32l4xx_hal_dfsdm.o
 .text.HAL_GPIO_Init
                0x0000000008001bfc      0x354 ./Drivers/STM32L4xx_HAL_Driver/Src/stm32l4xx_hal_gpio.o
                0x0000000008001bfc                HAL_GPIO_Init
 .text.HAL_GPIO_DeInit
                0x0000000008001f50      0x1e8 ./Drivers/STM32L4xx_HAL_Driver/Src/stm32l4xx_hal_gpio.o
                0x0000000008001f50                HAL_GPIO_DeInit
 .text.HAL_GPIO_WritePin
                0x0000000008002138       0x30 ./Drivers/STM32L4xx_HAL_Driver/Src/stm32l4xx_hal_gpio.o
                0x0000000008002138                HAL_GPIO_WritePin
 .text.HAL_GPIO_EXTI_IRQHandler
                0x0000000008002168       0x30 ./Drivers/STM32L4xx_HAL_Driver/Src/stm32l4xx_hal_gpio.o
                0x0000000008002168                HAL_GPIO_EXTI_IRQHandler
 .text.HAL_I2C_Init
                0x0000000008002198      0x11e ./Drivers/STM32L4xx_HAL_Driver/Src/stm32l4xx_hal_i2c.o
                0x0000000008002198                HAL_I2C_Init
 .text.HAL_I2C_DeInit
                0x00000000080022b6       0x5e ./Drivers/STM32L4xx_HAL_Driver/Src/stm32l4xx_hal_i2c.o
                0x00000000080022b6                HAL_I2C_DeInit
 .text.HAL_I2C_Mem_Write
                0x0000000008002314      0x228 ./Drivers/STM32L4xx_HAL_Driver/Src/stm32l4xx_hal_i2c.o
                0x0000000008002314                HAL_I2C_Mem_Write
 .text.HAL_I2C_Mem_Read
                0x000000000800253c      0x234 ./Drivers/STM32L4xx_HAL_Driver/Src/stm32l4xx_hal_i2c.o
                0x000000000800253c                HAL_I2C_Mem_Read
 .text.I2C_RequestMemoryWrite
                0x0000000008002770       0xa8 ./Drivers/STM32L4xx_HAL_Driver/Src/stm32l4xx_hal_i2c.o
 .text.I2C_RequestMemoryRead
                0x0000000008002818       0xa8 ./Drivers/STM32L4xx_HAL_Driver/Src/stm32l4xx_hal_i2c.o
 .text.I2C_Flush_TXDR
                0x00000000080028c0       0x48 ./Drivers/STM32L4xx_HAL_Driver/Src/stm32l4xx_hal_i2c.o
 .text.I2C_WaitOnFlagUntilTimeout
                0x0000000008002908       0x80 ./Drivers/STM32L4xx_HAL_Driver/Src/stm32l4xx_hal_i2c.o
 .text.I2C_WaitOnTXISFlagUntilTimeout
                0x0000000008002988       0x80 ./Drivers/STM32L4xx_HAL_Driver/Src/stm32l4xx_hal_i2c.o
 .text.I2C_WaitOnSTOPFlagUntilTimeout
                0x0000000008002a08       0x78 ./Drivers/STM32L4xx_HAL_Driver/Src/stm32l4xx_hal_i2c.o
 .text.I2C_IsErrorOccurred
                0x0000000008002a80      0x1d8 ./Drivers/STM32L4xx_HAL_Driver/Src/stm32l4xx_hal_i2c.o
 .text.I2C_TransferConfig
                0x0000000008002c58       0x64 ./Drivers/STM32L4xx_HAL_Driver/Src/stm32l4xx_hal_i2c.o
 .text.HAL_I2CEx_ConfigAnalogFilter
                0x0000000008002cbc       0x96 ./Drivers/STM32L4xx_HAL_Driver/Src/stm32l4xx_hal_i2c_ex.o
                0x0000000008002cbc                HAL_I2CEx_ConfigAnalogFilter
 .text.HAL_I2CEx_ConfigDigitalFilter
                0x0000000008002d52       0x98 ./Drivers/STM32L4xx_HAL_Driver/Src/stm32l4xx_hal_i2c_ex.o
                0x0000000008002d52                HAL_I2CEx_ConfigDigitalFilter
 .text.HAL_PCD_Init
                0x0000000008002dea      0x248 ./Drivers/STM32L4xx_HAL_Driver/Src/stm32l4xx_hal_pcd.o
                0x0000000008002dea                HAL_PCD_Init
 .text.HAL_PCDEx_ActivateLPM
                0x0000000008003032       0x48 ./Drivers/STM32L4xx_HAL_Driver/Src/stm32l4xx_hal_pcd_ex.o
                0x0000000008003032                HAL_PCDEx_ActivateLPM
 *fill*         0x000000000800307a        0x2 
 .text.HAL_PWR_EnableBkUpAccess
                0x000000000800307c       0x20 ./Drivers/STM32L4xx_HAL_Driver/Src/stm32l4xx_hal_pwr.o
                0x000000000800307c                HAL_PWR_EnableBkUpAccess
 .text.HAL_PWREx_GetVoltageRange
                0x000000000800309c       0x1c ./Drivers/STM32L4xx_HAL_Driver/Src/stm32l4xx_hal_pwr_ex.o
                0x000000000800309c                HAL_PWREx_GetVoltageRange
 .text.HAL_PWREx_ControlVoltageScaling
                0x00000000080030b8       0xac ./Drivers/STM32L4xx_HAL_Driver/Src/stm32l4xx_hal_pwr_ex.o
                0x00000000080030b8                HAL_PWREx_ControlVoltageScaling
 .text.HAL_PWREx_EnableVddUSB
                0x0000000008003164       0x20 ./Drivers/STM32L4xx_HAL_Driver/Src/stm32l4xx_hal_pwr_ex.o
                0x0000000008003164                HAL_PWREx_EnableVddUSB
 .text.HAL_QSPI_Init
                0x0000000008003184       0xec ./Drivers/STM32L4xx_HAL_Driver/Src/stm32l4xx_hal_qspi.o
                0x0000000008003184                HAL_QSPI_Init
 .text.HAL_QSPI_SetTimeout
                0x0000000008003270       0x1c ./Drivers/STM32L4xx_HAL_Driver/Src/stm32l4xx_hal_qspi.o
                0x0000000008003270                HAL_QSPI_SetTimeout
 .text.QSPI_WaitFlagStateUntilTimeout
                0x000000000800328c       0x6e ./Drivers/STM32L4xx_HAL_Driver/Src/stm32l4xx_hal_qspi.o
 *fill*         0x00000000080032fa        0x2 
 .text.HAL_RCC_OscConfig
                0x00000000080032fc      0x7b8 ./Drivers/STM32L4xx_HAL_Driver/Src/stm32l4xx_hal_rcc.o
                0x00000000080032fc                HAL_RCC_OscConfig
 .text.HAL_RCC_ClockConfig
                0x0000000008003ab4      0x200 ./Drivers/STM32L4xx_HAL_Driver/Src/stm32l4xx_hal_rcc.o
                0x0000000008003ab4                HAL_RCC_ClockConfig
 .text.HAL_RCC_GetSysClockFreq
                0x0000000008003cb4      0x118 ./Drivers/STM32L4xx_HAL_Driver/Src/stm32l4xx_hal_rcc.o
                0x0000000008003cb4                HAL_RCC_GetSysClockFreq
 .text.HAL_RCC_GetHCLKFreq
                0x0000000008003dcc       0x18 ./Drivers/STM32L4xx_HAL_Driver/Src/stm32l4xx_hal_rcc.o
                0x0000000008003dcc                HAL_RCC_GetHCLKFreq
 .text.HAL_RCC_GetPCLK1Freq
                0x0000000008003de4       0x2c ./Drivers/STM32L4xx_HAL_Driver/Src/stm32l4xx_hal_rcc.o
                0x0000000008003de4                HAL_RCC_GetPCLK1Freq
 .text.HAL_RCC_GetPCLK2Freq
                0x0000000008003e10       0x2c ./Drivers/STM32L4xx_HAL_Driver/Src/stm32l4xx_hal_rcc.o
                0x0000000008003e10                HAL_RCC_GetPCLK2Freq
 .text.HAL_RCC_GetClockConfig
                0x0000000008003e3c       0x64 ./Drivers/STM32L4xx_HAL_Driver/Src/stm32l4xx_hal_rcc.o
                0x0000000008003e3c                HAL_RCC_GetClockConfig
 .text.RCC_SetFlashLatencyFromMSIRange
                0x0000000008003ea0       0xc0 ./Drivers/STM32L4xx_HAL_Driver/Src/stm32l4xx_hal_rcc.o
 .text.HAL_RCCEx_PeriphCLKConfig
                0x0000000008003f60      0x5d4 ./Drivers/STM32L4xx_HAL_Driver/Src/stm32l4xx_hal_rcc_ex.o
                0x0000000008003f60                HAL_RCCEx_PeriphCLKConfig
 .text.HAL_RCCEx_EnableMSIPLLMode
                0x0000000008004534       0x20 ./Drivers/STM32L4xx_HAL_Driver/Src/stm32l4xx_hal_rcc_ex.o
                0x0000000008004534                HAL_RCCEx_EnableMSIPLLMode
 .text.RCCEx_PLLSAI1_Config
                0x0000000008004554      0x1e8 ./Drivers/STM32L4xx_HAL_Driver/Src/stm32l4xx_hal_rcc_ex.o
 .text.RCCEx_PLLSAI2_Config
                0x000000000800473c      0x1bc ./Drivers/STM32L4xx_HAL_Driver/Src/stm32l4xx_hal_rcc_ex.o
 .text.HAL_SPI_Init
                0x00000000080048f8      0x146 ./Drivers/STM32L4xx_HAL_Driver/Src/stm32l4xx_hal_spi.o
                0x00000000080048f8                HAL_SPI_Init
 .text.HAL_TIM_Base_Init
                0x0000000008004a3e       0xae ./Drivers/STM32L4xx_HAL_Driver/Src/stm32l4xx_hal_tim.o
                0x0000000008004a3e                HAL_TIM_Base_Init
 .text.HAL_TIM_Base_MspInit
                0x0000000008004aec       0x14 ./Drivers/STM32L4xx_HAL_Driver/Src/stm32l4xx_hal_tim.o
                0x0000000008004aec                HAL_TIM_Base_MspInit
 .text.HAL_TIM_Base_Start_IT
                0x0000000008004b00       0xe0 ./Drivers/STM32L4xx_HAL_Driver/Src/stm32l4xx_hal_tim.o
                0x0000000008004b00                HAL_TIM_Base_Start_IT
 .text.HAL_TIM_IRQHandler
                0x0000000008004be0      0x23e ./Drivers/STM32L4xx_HAL_Driver/Src/stm32l4xx_hal_tim.o
                0x0000000008004be0                HAL_TIM_IRQHandler
 .text.HAL_TIM_OC_DelayElapsedCallback
                0x0000000008004e1e       0x14 ./Drivers/STM32L4xx_HAL_Driver/Src/stm32l4xx_hal_tim.o
                0x0000000008004e1e                HAL_TIM_OC_DelayElapsedCallback
 .text.HAL_TIM_IC_CaptureCallback
                0x0000000008004e32       0x14 ./Drivers/STM32L4xx_HAL_Driver/Src/stm32l4xx_hal_tim.o
                0x0000000008004e32                HAL_TIM_IC_CaptureCallback
 .text.HAL_TIM_PWM_PulseFinishedCallback
                0x0000000008004e46       0x14 ./Drivers/STM32L4xx_HAL_Driver/Src/stm32l4xx_hal_tim.o
                0x0000000008004e46                HAL_TIM_PWM_PulseFinishedCallback
 .text.HAL_TIM_TriggerCallback
                0x0000000008004e5a       0x14 ./Drivers/STM32L4xx_HAL_Driver/Src/stm32l4xx_hal_tim.o
                0x0000000008004e5a                HAL_TIM_TriggerCallback
 *fill*         0x0000000008004e6e        0x2 
 .text.TIM_Base_SetConfig
                0x0000000008004e70      0x134 ./Drivers/STM32L4xx_HAL_Driver/Src/stm32l4xx_hal_tim.o
                0x0000000008004e70                TIM_Base_SetConfig
 .text.HAL_TIMEx_CommutCallback
                0x0000000008004fa4       0x14 ./Drivers/STM32L4xx_HAL_Driver/Src/stm32l4xx_hal_tim_ex.o
                0x0000000008004fa4                HAL_TIMEx_CommutCallback
 .text.HAL_TIMEx_BreakCallback
                0x0000000008004fb8       0x14 ./Drivers/STM32L4xx_HAL_Driver/Src/stm32l4xx_hal_tim_ex.o
                0x0000000008004fb8                HAL_TIMEx_BreakCallback
 .text.HAL_TIMEx_Break2Callback
                0x0000000008004fcc       0x14 ./Drivers/STM32L4xx_HAL_Driver/Src/stm32l4xx_hal_tim_ex.o
                0x0000000008004fcc                HAL_TIMEx_Break2Callback
 .text.HAL_UART_Init
                0x0000000008004fe0       0x9c ./Drivers/STM32L4xx_HAL_Driver/Src/stm32l4xx_hal_uart.o
                0x0000000008004fe0                HAL_UART_Init
 .text.UART_SetConfig
                0x000000000800507c      0x570 ./Drivers/STM32L4xx_HAL_Driver/Src/stm32l4xx_hal_uart.o
                0x000000000800507c                UART_SetConfig
 .text.UART_AdvFeatureConfig
                0x00000000080055ec      0x144 ./Drivers/STM32L4xx_HAL_Driver/Src/stm32l4xx_hal_uart.o
                0x00000000080055ec                UART_AdvFeatureConfig
 .text.UART_CheckIdleState
                0x0000000008005730       0x92 ./Drivers/STM32L4xx_HAL_Driver/Src/stm32l4xx_hal_uart.o
                0x0000000008005730                UART_CheckIdleState
 .text.UART_WaitOnFlagUntilTimeout
                0x00000000080057c2      0x188 ./Drivers/STM32L4xx_HAL_Driver/Src/stm32l4xx_hal_uart.o
                0x00000000080057c2                UART_WaitOnFlagUntilTimeout
 .text.USB_CoreInit
                0x000000000800594a       0x58 ./Drivers/STM32L4xx_HAL_Driver/Src/stm32l4xx_ll_usb.o
                0x000000000800594a                USB_CoreInit
 .text.USB_DisableGlobalInt
                0x00000000080059a2       0x22 ./Drivers/STM32L4xx_HAL_Driver/Src/stm32l4xx_ll_usb.o
                0x00000000080059a2                USB_DisableGlobalInt
 .text.USB_SetCurrentMode
                0x00000000080059c4       0x98 ./Drivers/STM32L4xx_HAL_Driver/Src/stm32l4xx_ll_usb.o
                0x00000000080059c4                USB_SetCurrentMode
 .text.USB_DevInit
                0x0000000008005a5c      0x298 ./Drivers/STM32L4xx_HAL_Driver/Src/stm32l4xx_ll_usb.o
                0x0000000008005a5c                USB_DevInit
 .text.USB_FlushTxFifo
                0x0000000008005cf4       0x68 ./Drivers/STM32L4xx_HAL_Driver/Src/stm32l4xx_ll_usb.o
                0x0000000008005cf4                USB_FlushTxFifo
 .text.USB_FlushRxFifo
                0x0000000008005d5c       0x60 ./Drivers/STM32L4xx_HAL_Driver/Src/stm32l4xx_ll_usb.o
                0x0000000008005d5c                USB_FlushRxFifo
 .text.USB_SetDevSpeed
                0x0000000008005dbc       0x32 ./Drivers/STM32L4xx_HAL_Driver/Src/stm32l4xx_ll_usb.o
                0x0000000008005dbc                USB_SetDevSpeed
 .text.USB_DevDisconnect
                0x0000000008005dee       0x42 ./Drivers/STM32L4xx_HAL_Driver/Src/stm32l4xx_ll_usb.o
                0x0000000008005dee                USB_DevDisconnect
 .text.USB_GetMode
                0x0000000008005e30       0x1c ./Drivers/STM32L4xx_HAL_Driver/Src/stm32l4xx_ll_usb.o
                0x0000000008005e30                USB_GetMode
 .text.USB_CoreReset
                0x0000000008005e4c       0x68 ./Drivers/STM32L4xx_HAL_Driver/Src/stm32l4xx_ll_usb.o
 .text.I2Cx_MspInit
                0x0000000008005eb4       0xb0 ./L4_IOT_Sensors/Drivers/BSP/B-L475E-IOT01/stm32l475e_iot01.o
 .text.I2Cx_Init
                0x0000000008005f64       0x5c ./L4_IOT_Sensors/Drivers/BSP/B-L475E-IOT01/stm32l475e_iot01.o
 .text.I2Cx_ReadMultiple
                0x0000000008005fc0       0x5a ./L4_IOT_Sensors/Drivers/BSP/B-L475E-IOT01/stm32l475e_iot01.o
 .text.I2Cx_WriteMultiple
                0x000000000800601a       0x5a ./L4_IOT_Sensors/Drivers/BSP/B-L475E-IOT01/stm32l475e_iot01.o
 .text.I2Cx_Error
                0x0000000008006074       0x20 ./L4_IOT_Sensors/Drivers/BSP/B-L475E-IOT01/stm32l475e_iot01.o
 .text.SENSOR_IO_Init
                0x0000000008006094       0x14 ./L4_IOT_Sensors/Drivers/BSP/B-L475E-IOT01/stm32l475e_iot01.o
                0x0000000008006094                SENSOR_IO_Init
 .text.SENSOR_IO_Write
                0x00000000080060a8       0x34 ./L4_IOT_Sensors/Drivers/BSP/B-L475E-IOT01/stm32l475e_iot01.o
                0x00000000080060a8                SENSOR_IO_Write
 .text.SENSOR_IO_Read
                0x00000000080060dc       0x3c ./L4_IOT_Sensors/Drivers/BSP/B-L475E-IOT01/stm32l475e_iot01.o
                0x00000000080060dc                SENSOR_IO_Read
 .text.SENSOR_IO_ReadMultiple
                0x0000000008006118       0x3c ./L4_IOT_Sensors/Drivers/BSP/B-L475E-IOT01/stm32l475e_iot01.o
                0x0000000008006118                SENSOR_IO_ReadMultiple
 .text.BSP_ACCELERO_Init
                0x0000000008006154       0x7c ./L4_IOT_Sensors/Drivers/BSP/B-L475E-IOT01/stm32l475e_iot01_accelero.o
                0x0000000008006154                BSP_ACCELERO_Init
 .text.BSP_ACCELERO_AccGetXYZ
                0x00000000080061d0       0x30 ./L4_IOT_Sensors/Drivers/BSP/B-L475E-IOT01/stm32l475e_iot01_accelero.o
                0x00000000080061d0                BSP_ACCELERO_AccGetXYZ
 .text.LSM6DSL_AccInit
                0x0000000008006200       0x72 ./L4_IOT_Sensors/Drivers/BSP/Components/lsm6dsl/lsm6dsl.o
                0x0000000008006200                LSM6DSL_AccInit
 .text.LSM6DSL_AccDeInit
                0x0000000008006272       0x32 ./L4_IOT_Sensors/Drivers/BSP/Components/lsm6dsl/lsm6dsl.o
                0x0000000008006272                LSM6DSL_AccDeInit
 .text.LSM6DSL_AccReadID
                0x00000000080062a4       0x16 ./L4_IOT_Sensors/Drivers/BSP/Components/lsm6dsl/lsm6dsl.o
                0x00000000080062a4                LSM6DSL_AccReadID
 .text.LSM6DSL_AccLowPower
                0x00000000080062ba       0x44 ./L4_IOT_Sensors/Drivers/BSP/Components/lsm6dsl/lsm6dsl.o
                0x00000000080062ba                LSM6DSL_AccLowPower
 *fill*         0x00000000080062fe        0x2 
 .text.LSM6DSL_AccReadXYZ
                0x0000000008006300      0x130 ./L4_IOT_Sensors/Drivers/BSP/Components/lsm6dsl/lsm6dsl.o
                0x0000000008006300                LSM6DSL_AccReadXYZ
 .text.__NVIC_SetPriority
                0x0000000008006430       0x54 ./Middlewares/Third_Party/FreeRTOS/Source/CMSIS_RTOS_V2/cmsis_os2.o
 .text.SysTick_Handler
                0x0000000008006484       0x20 ./Middlewares/Third_Party/FreeRTOS/Source/CMSIS_RTOS_V2/cmsis_os2.o
                0x0000000008006484                SysTick_Handler
 .text.SVC_Setup
                0x00000000080064a4       0x12 ./Middlewares/Third_Party/FreeRTOS/Source/CMSIS_RTOS_V2/cmsis_os2.o
 *fill*         0x00000000080064b6        0x2 
 .text.osKernelInitialize
                0x00000000080064b8       0x48 ./Middlewares/Third_Party/FreeRTOS/Source/CMSIS_RTOS_V2/cmsis_os2.o
                0x00000000080064b8                osKernelInitialize
 .text.osKernelStart
                0x0000000008006500       0x4c ./Middlewares/Third_Party/FreeRTOS/Source/CMSIS_RTOS_V2/cmsis_os2.o
                0x0000000008006500                osKernelStart
 .text.osKernelGetTickCount
                0x000000000800654c       0x2a ./Middlewares/Third_Party/FreeRTOS/Source/CMSIS_RTOS_V2/cmsis_os2.o
                0x000000000800654c                osKernelGetTickCount
 .text.osThreadNew
                0x0000000008006576      0x124 ./Middlewares/Third_Party/FreeRTOS/Source/CMSIS_RTOS_V2/cmsis_os2.o
                0x0000000008006576                osThreadNew
 *fill*         0x000000000800669a        0x2 
 .text.osThreadFlagsSet
                0x000000000800669c       0x9c ./Middlewares/Third_Party/FreeRTOS/Source/CMSIS_RTOS_V2/cmsis_os2.o
                0x000000000800669c                osThreadFlagsSet
 .text.osThreadFlagsWait
                0x0000000008006738      0x102 ./Middlewares/Third_Party/FreeRTOS/Source/CMSIS_RTOS_V2/cmsis_os2.o
                0x0000000008006738                osThreadFlagsWait
 .text.osMessageQueueNew
                0x000000000800683a       0xe6 ./Middlewares/Third_Party/FreeRTOS/Source/CMSIS_RTOS_V2/cmsis_os2.o
                0x000000000800683a                osMessageQueueNew
 .text.vApplicationGetIdleTaskMemory
                0x0000000008006920       0x34 ./Middlewares/Third_Party/FreeRTOS/Source/CMSIS_RTOS_V2/cmsis_os2.o
                0x0000000008006920                vApplicationGetIdleTaskMemory
 .text.vApplicationGetTimerTaskMemory
                0x0000000008006954       0x34 ./Middlewares/Third_Party/FreeRTOS/Source/CMSIS_RTOS_V2/cmsis_os2.o
                0x0000000008006954                vApplicationGetTimerTaskMemory
 .text.vListInitialise
                0x0000000008006988       0x40 ./Middlewares/Third_Party/FreeRTOS/Source/list.o
                0x0000000008006988                vListInitialise
 .text.vListInitialiseItem
                0x00000000080069c8       0x1a ./Middlewares/Third_Party/FreeRTOS/Source/list.o
                0x00000000080069c8                vListInitialiseItem
 .text.vListInsertEnd
                0x00000000080069e2       0x48 ./Middlewares/Third_Party/FreeRTOS/Source/list.o
                0x00000000080069e2                vListInsertEnd
 .text.vListInsert
                0x0000000008006a2a       0x72 ./Middlewares/Third_Party/FreeRTOS/Source/list.o
                0x0000000008006a2a                vListInsert
 .text.uxListRemove
                0x0000000008006a9c       0x54 ./Middlewares/Third_Party/FreeRTOS/Source/list.o
                0x0000000008006a9c                uxListRemove
 .text.xQueueGenericReset
                0x0000000008006af0       0xd0 ./Middlewares/Third_Party/FreeRTOS/Source/queue.o
                0x0000000008006af0                xQueueGenericReset
 .text.xQueueGenericCreateStatic
                0x0000000008006bc0       0xf0 ./Middlewares/Third_Party/FreeRTOS/Source/queue.o
                0x0000000008006bc0                xQueueGenericCreateStatic
 .text.xQueueGenericCreate
                0x0000000008006cb0       0x74 ./Middlewares/Third_Party/FreeRTOS/Source/queue.o
                0x0000000008006cb0                xQueueGenericCreate
 .text.prvInitialiseNewQueue
                0x0000000008006d24       0x46 ./Middlewares/Third_Party/FreeRTOS/Source/queue.o
 *fill*         0x0000000008006d6a        0x2 
 .text.xQueueGenericSend
                0x0000000008006d6c      0x1fc ./Middlewares/Third_Party/FreeRTOS/Source/queue.o
                0x0000000008006d6c                xQueueGenericSend
 .text.xQueueGenericSendFromISR
                0x0000000008006f68      0x136 ./Middlewares/Third_Party/FreeRTOS/Source/queue.o
                0x0000000008006f68                xQueueGenericSendFromISR
 *fill*         0x000000000800709e        0x2 
 .text.xQueueReceive
                0x00000000080070a0      0x1c0 ./Middlewares/Third_Party/FreeRTOS/Source/queue.o
                0x00000000080070a0                xQueueReceive
 .text.prvCopyDataToQueue
                0x0000000008007260       0xd4 ./Middlewares/Third_Party/FreeRTOS/Source/queue.o
 .text.prvCopyDataFromQueue
                0x0000000008007334       0x4c ./Middlewares/Third_Party/FreeRTOS/Source/queue.o
 .text.prvUnlockQueue
                0x0000000008007380       0xa4 ./Middlewares/Third_Party/FreeRTOS/Source/queue.o
 .text.prvIsQueueEmpty
                0x0000000008007424       0x2c ./Middlewares/Third_Party/FreeRTOS/Source/queue.o
 .text.prvIsQueueFull
                0x0000000008007450       0x30 ./Middlewares/Third_Party/FreeRTOS/Source/queue.o
 .text.vQueueAddToRegistry
                0x0000000008007480       0x54 ./Middlewares/Third_Party/FreeRTOS/Source/queue.o
                0x0000000008007480                vQueueAddToRegistry
 .text.vQueueWaitForMessageRestricted
                0x00000000080074d4       0x68 ./Middlewares/Third_Party/FreeRTOS/Source/queue.o
                0x00000000080074d4                vQueueWaitForMessageRestricted
 .text.xTaskCreateStatic
                0x000000000800753c       0xba ./Middlewares/Third_Party/FreeRTOS/Source/tasks.o
                0x000000000800753c                xTaskCreateStatic
 .text.xTaskCreate
                0x00000000080075f6       0x8a ./Middlewares/Third_Party/FreeRTOS/Source/tasks.o
                0x00000000080075f6                xTaskCreate
 .text.prvInitialiseNewTask
                0x0000000008007680      0x14c ./Middlewares/Third_Party/FreeRTOS/Source/tasks.o
 .text.prvAddNewTaskToReadyList
                0x00000000080077cc       0xe0 ./Middlewares/Third_Party/FreeRTOS/Source/tasks.o
 .text.vTaskStartScheduler
                0x00000000080078ac       0xe0 ./Middlewares/Third_Party/FreeRTOS/Source/tasks.o
                0x00000000080078ac                vTaskStartScheduler
 .text.vTaskSuspendAll
                0x000000000800798c       0x1c ./Middlewares/Third_Party/FreeRTOS/Source/tasks.o
                0x000000000800798c                vTaskSuspendAll
 .text.xTaskResumeAll
                0x00000000080079a8      0x13c ./Middlewares/Third_Party/FreeRTOS/Source/tasks.o
                0x00000000080079a8                xTaskResumeAll
 .text.xTaskGetTickCount
                0x0000000008007ae4       0x20 ./Middlewares/Third_Party/FreeRTOS/Source/tasks.o
                0x0000000008007ae4                xTaskGetTickCount
 .text.xTaskGetTickCountFromISR
                0x0000000008007b04       0x24 ./Middlewares/Third_Party/FreeRTOS/Source/tasks.o
                0x0000000008007b04                xTaskGetTickCountFromISR
 .text.xTaskIncrementTick
                0x0000000008007b28      0x174 ./Middlewares/Third_Party/FreeRTOS/Source/tasks.o
                0x0000000008007b28                xTaskIncrementTick
 .text.vTaskSwitchContext
                0x0000000008007c9c       0xc8 ./Middlewares/Third_Party/FreeRTOS/Source/tasks.o
                0x0000000008007c9c                vTaskSwitchContext
 .text.vTaskPlaceOnEventList
                0x0000000008007d64       0x48 ./Middlewares/Third_Party/FreeRTOS/Source/tasks.o
                0x0000000008007d64                vTaskPlaceOnEventList
 .text.vTaskPlaceOnEventListRestricted
                0x0000000008007dac       0x58 ./Middlewares/Third_Party/FreeRTOS/Source/tasks.o
                0x0000000008007dac                vTaskPlaceOnEventListRestricted
 .text.xTaskRemoveFromEventList
                0x0000000008007e04       0xc8 ./Middlewares/Third_Party/FreeRTOS/Source/tasks.o
                0x0000000008007e04                xTaskRemoveFromEventList
 .text.vTaskInternalSetTimeOutState
                0x0000000008007ecc       0x2c ./Middlewares/Third_Party/FreeRTOS/Source/tasks.o
                0x0000000008007ecc                vTaskInternalSetTimeOutState
 .text.xTaskCheckForTimeOut
                0x0000000008007ef8       0xc4 ./Middlewares/Third_Party/FreeRTOS/Source/tasks.o
                0x0000000008007ef8                xTaskCheckForTimeOut
 .text.vTaskMissedYield
                0x0000000008007fbc       0x18 ./Middlewares/Third_Party/FreeRTOS/Source/tasks.o
                0x0000000008007fbc                vTaskMissedYield
 .text.prvIdleTask
                0x0000000008007fd4       0x30 ./Middlewares/Third_Party/FreeRTOS/Source/tasks.o
 .text.prvInitialiseTaskLists
                0x0000000008008004       0x80 ./Middlewares/Third_Party/FreeRTOS/Source/tasks.o
 .text.prvCheckTasksWaitingTermination
                0x0000000008008084       0x5c ./Middlewares/Third_Party/FreeRTOS/Source/tasks.o
 .text.prvDeleteTCB
                0x00000000080080e0       0x68 ./Middlewares/Third_Party/FreeRTOS/Source/tasks.o
 .text.prvResetNextTaskUnblockTime
                0x0000000008008148       0x40 ./Middlewares/Third_Party/FreeRTOS/Source/tasks.o
 .text.xTaskGetSchedulerState
                0x0000000008008188       0x3c ./Middlewares/Third_Party/FreeRTOS/Source/tasks.o
                0x0000000008008188                xTaskGetSchedulerState
 .text.xTaskPriorityDisinherit
                0x00000000080081c4       0xdc ./Middlewares/Third_Party/FreeRTOS/Source/tasks.o
                0x00000000080081c4                xTaskPriorityDisinherit
 .text.xTaskNotifyWait
                0x00000000080082a0       0xc0 ./Middlewares/Third_Party/FreeRTOS/Source/tasks.o
                0x00000000080082a0                xTaskNotifyWait
 .text.xTaskGenericNotify
                0x0000000008008360      0x17c ./Middlewares/Third_Party/FreeRTOS/Source/tasks.o
                0x0000000008008360                xTaskGenericNotify
 .text.xTaskGenericNotifyFromISR
                0x00000000080084dc      0x1c8 ./Middlewares/Third_Party/FreeRTOS/Source/tasks.o
                0x00000000080084dc                xTaskGenericNotifyFromISR
 .text.prvAddCurrentTaskToDelayedList
                0x00000000080086a4       0xa8 ./Middlewares/Third_Party/FreeRTOS/Source/tasks.o
 .text.xTimerCreateTimerTask
                0x000000000800874c       0x90 ./Middlewares/Third_Party/FreeRTOS/Source/timers.o
                0x000000000800874c                xTimerCreateTimerTask
 .text.xTimerGenericCommand
                0x00000000080087dc       0x9c ./Middlewares/Third_Party/FreeRTOS/Source/timers.o
                0x00000000080087dc                xTimerGenericCommand
 .text.prvProcessExpiredTimer
                0x0000000008008878       0x98 ./Middlewares/Third_Party/FreeRTOS/Source/timers.o
 .text.prvTimerTask
                0x0000000008008910       0x24 ./Middlewares/Third_Party/FreeRTOS/Source/timers.o
 .text.prvProcessTimerOrBlockTask
                0x0000000008008934       0x9c ./Middlewares/Third_Party/FreeRTOS/Source/timers.o
 .text.prvGetNextExpireTime
                0x00000000080089d0       0x48 ./Middlewares/Third_Party/FreeRTOS/Source/timers.o
 .text.prvSampleTimeNow
                0x0000000008008a18       0x40 ./Middlewares/Third_Party/FreeRTOS/Source/timers.o
 .text.prvInsertTimerInActiveList
                0x0000000008008a58       0x84 ./Middlewares/Third_Party/FreeRTOS/Source/timers.o
 .text.prvProcessReceivedCommands
                0x0000000008008adc      0x1c4 ./Middlewares/Third_Party/FreeRTOS/Source/timers.o
 .text.prvSwitchTimerLists
                0x0000000008008ca0       0xc8 ./Middlewares/Third_Party/FreeRTOS/Source/timers.o
 .text.prvCheckForValidListAndQueue
                0x0000000008008d68       0x80 ./Middlewares/Third_Party/FreeRTOS/Source/timers.o
 .text.pxPortInitialiseStack
                0x0000000008008de8       0x68 ./Middlewares/Third_Party/FreeRTOS/Source/portable/GCC/ARM_CM4F/port.o
                0x0000000008008de8                pxPortInitialiseStack
 .text.prvTaskExitError
                0x0000000008008e50       0x58 ./Middlewares/Third_Party/FreeRTOS/Source/portable/GCC/ARM_CM4F/port.o
 *fill*         0x0000000008008ea8        0x8 
 .text.SVC_Handler
                0x0000000008008eb0       0x28 ./Middlewares/Third_Party/FreeRTOS/Source/portable/GCC/ARM_CM4F/port.o
                0x0000000008008eb0                SVC_Handler
 .text.prvPortStartFirstTask
                0x0000000008008ed8       0x28 ./Middlewares/Third_Party/FreeRTOS/Source/portable/GCC/ARM_CM4F/port.o
 .text.xPortStartScheduler
                0x0000000008008f00      0x144 ./Middlewares/Third_Party/FreeRTOS/Source/portable/GCC/ARM_CM4F/port.o
                0x0000000008008f00                xPortStartScheduler
 .text.vPortEnterCritical
                0x0000000008009044       0x60 ./Middlewares/Third_Party/FreeRTOS/Source/portable/GCC/ARM_CM4F/port.o
                0x0000000008009044                vPortEnterCritical
 .text.vPortExitCritical
                0x00000000080090a4       0x54 ./Middlewares/Third_Party/FreeRTOS/Source/portable/GCC/ARM_CM4F/port.o
                0x00000000080090a4                vPortExitCritical
 *fill*         0x00000000080090f8        0x8 
 .text.PendSV_Handler
                0x0000000008009100       0x68 ./Middlewares/Third_Party/FreeRTOS/Source/portable/GCC/ARM_CM4F/port.o
                0x0000000008009100                PendSV_Handler
 .text.xPortSysTickHandler
                0x0000000008009168       0x44 ./Middlewares/Third_Party/FreeRTOS/Source/portable/GCC/ARM_CM4F/port.o
                0x0000000008009168                xPortSysTickHandler
 .text.vPortSetupTimerInterrupt
                0x00000000080091ac       0x48 ./Middlewares/Third_Party/FreeRTOS/Source/portable/GCC/ARM_CM4F/port.o
                0x00000000080091ac                vPortSetupTimerInterrupt
 .text.vPortEnableVFP
                0x00000000080091f4       0x14 ./Middlewares/Third_Party/FreeRTOS/Source/portable/GCC/ARM_CM4F/port.o
 .text.vPortValidateInterruptPriority
                0x0000000008009208       0x80 ./Middlewares/Third_Party/FreeRTOS/Source/portable/GCC/ARM_CM4F/port.o
                0x0000000008009208                vPortValidateInterruptPriority
 .text.pvPortMalloc
                0x0000000008009288      0x198 ./Middlewares/Third_Party/FreeRTOS/Source/portable/MemMang/heap_4.o
                0x0000000008009288                pvPortMalloc
 .text.vPortFree
                0x0000000008009420       0xc4 ./Middlewares/Third_Party/FreeRTOS/Source/portable/MemMang/heap_4.o
                0x0000000008009420                vPortFree
 .text.prvHeapInit
                0x00000000080094e4       0xc4 ./Middlewares/Third_Party/FreeRTOS/Source/portable/MemMang/heap_4.o
 .text.prvInsertBlockIntoFreeList
                0x00000000080095a8       0xb4 ./Middlewares/Third_Party/FreeRTOS/Source/portable/MemMang/heap_4.o
 .text.__errno  0x000000000800965c        0xc c:/st/stm32cubeide_1.11.0/stm32cubeide/plugins/com.st.stm32cube.ide.mcu.externaltools.gnu-tools-for-stm32.10.3-2021.10.win32_1.0.100.202210260954/tools/bin/../lib/gcc/arm-none-eabi/10.3.1/../../../../arm-none-eabi/lib/thumb/v7e-m+fp/hard\libc_nano.a(lib_a-errno.o)
                0x000000000800965c                __errno
 .text.std      0x0000000008009668       0x48 c:/st/stm32cubeide_1.11.0/stm32cubeide/plugins/com.st.stm32cube.ide.mcu.externaltools.gnu-tools-for-stm32.10.3-2021.10.win32_1.0.100.202210260954/tools/bin/../lib/gcc/arm-none-eabi/10.3.1/../../../../arm-none-eabi/lib/thumb/v7e-m+fp/hard\libc_nano.a(lib_a-findfp.o)
 .text._cleanup_r
                0x00000000080096b0        0xc c:/st/stm32cubeide_1.11.0/stm32cubeide/plugins/com.st.stm32cube.ide.mcu.externaltools.gnu-tools-for-stm32.10.3-2021.10.win32_1.0.100.202210260954/tools/bin/../lib/gcc/arm-none-eabi/10.3.1/../../../../arm-none-eabi/lib/thumb/v7e-m+fp/hard\libc_nano.a(lib_a-findfp.o)
                0x00000000080096b0                _cleanup_r
 .text.__sfmoreglue
                0x00000000080096bc       0x2c c:/st/stm32cubeide_1.11.0/stm32cubeide/plugins/com.st.stm32cube.ide.mcu.externaltools.gnu-tools-for-stm32.10.3-2021.10.win32_1.0.100.202210260954/tools/bin/../lib/gcc/arm-none-eabi/10.3.1/../../../../arm-none-eabi/lib/thumb/v7e-m+fp/hard\libc_nano.a(lib_a-findfp.o)
                0x00000000080096bc                __sfmoreglue
 .text.__sfp_lock_acquire
                0x00000000080096e8        0xc c:/st/stm32cubeide_1.11.0/stm32cubeide/plugins/com.st.stm32cube.ide.mcu.externaltools.gnu-tools-for-stm32.10.3-2021.10.win32_1.0.100.202210260954/tools/bin/../lib/gcc/arm-none-eabi/10.3.1/../../../../arm-none-eabi/lib/thumb/v7e-m+fp/hard\libc_nano.a(lib_a-findfp.o)
                0x00000000080096e8                __sfp_lock_acquire
 .text.__sfp_lock_release
                0x00000000080096f4        0xc c:/st/stm32cubeide_1.11.0/stm32cubeide/plugins/com.st.stm32cube.ide.mcu.externaltools.gnu-tools-for-stm32.10.3-2021.10.win32_1.0.100.202210260954/tools/bin/../lib/gcc/arm-none-eabi/10.3.1/../../../../arm-none-eabi/lib/thumb/v7e-m+fp/hard\libc_nano.a(lib_a-findfp.o)
                0x00000000080096f4                __sfp_lock_release
 .text.__sinit_lock_acquire
                0x0000000008009700        0xc c:/st/stm32cubeide_1.11.0/stm32cubeide/plugins/com.st.stm32cube.ide.mcu.externaltools.gnu-tools-for-stm32.10.3-2021.10.win32_1.0.100.202210260954/tools/bin/../lib/gcc/arm-none-eabi/10.3.1/../../../../arm-none-eabi/lib/thumb/v7e-m+fp/hard\libc_nano.a(lib_a-findfp.o)
                0x0000000008009700                __sinit_lock_acquire
 .text.__sinit_lock_release
                0x000000000800970c        0xc c:/st/stm32cubeide_1.11.0/stm32cubeide/plugins/com.st.stm32cube.ide.mcu.externaltools.gnu-tools-for-stm32.10.3-2021.10.win32_1.0.100.202210260954/tools/bin/../lib/gcc/arm-none-eabi/10.3.1/../../../../arm-none-eabi/lib/thumb/v7e-m+fp/hard\libc_nano.a(lib_a-findfp.o)
                0x000000000800970c                __sinit_lock_release
 .text.__sinit  0x0000000008009718       0x70 c:/st/stm32cubeide_1.11.0/stm32cubeide/plugins/com.st.stm32cube.ide.mcu.externaltools.gnu-tools-for-stm32.10.3-2021.10.win32_1.0.100.202210260954/tools/bin/../lib/gcc/arm-none-eabi/10.3.1/../../../../arm-none-eabi/lib/thumb/v7e-m+fp/hard\libc_nano.a(lib_a-findfp.o)
                0x0000000008009718                __sinit
 .text.__sfp    0x0000000008009788       0x8c c:/st/stm32cubeide_1.11.0/stm32cubeide/plugins/com.st.stm32cube.ide.mcu.externaltools.gnu-tools-for-stm32.10.3-2021.10.win32_1.0.100.202210260954/tools/bin/../lib/gcc/arm-none-eabi/10.3.1/../../../../arm-none-eabi/lib/thumb/v7e-m+fp/hard\libc_nano.a(lib_a-findfp.o)
                0x0000000008009788                __sfp
 .text._fwalk_reent
                0x0000000008009814       0x3e c:/st/stm32cubeide_1.11.0/stm32cubeide/plugins/com.st.stm32cube.ide.mcu.externaltools.gnu-tools-for-stm32.10.3-2021.10.win32_1.0.100.202210260954/tools/bin/../lib/gcc/arm-none-eabi/10.3.1/../../../../arm-none-eabi/lib/thumb/v7e-m+fp/hard\libc_nano.a(lib_a-fwalk.o)
                0x0000000008009814                _fwalk_reent
 *fill*         0x0000000008009852        0x2 
 .text.__libc_init_array
                0x0000000008009854       0x48 c:/st/stm32cubeide_1.11.0/stm32cubeide/plugins/com.st.stm32cube.ide.mcu.externaltools.gnu-tools-for-stm32.10.3-2021.10.win32_1.0.100.202210260954/tools/bin/../lib/gcc/arm-none-eabi/10.3.1/../../../../arm-none-eabi/lib/thumb/v7e-m+fp/hard\libc_nano.a(lib_a-init.o)
                0x0000000008009854                __libc_init_array
 .text.__retarget_lock_init_recursive
                0x000000000800989c        0x2 c:/st/stm32cubeide_1.11.0/stm32cubeide/plugins/com.st.stm32cube.ide.mcu.externaltools.gnu-tools-for-stm32.10.3-2021.10.win32_1.0.100.202210260954/tools/bin/../lib/gcc/arm-none-eabi/10.3.1/../../../../arm-none-eabi/lib/thumb/v7e-m+fp/hard\libc_nano.a(lib_a-lock.o)
                0x000000000800989c                __retarget_lock_init_recursive
 .text.__retarget_lock_acquire_recursive
                0x000000000800989e        0x2 c:/st/stm32cubeide_1.11.0/stm32cubeide/plugins/com.st.stm32cube.ide.mcu.externaltools.gnu-tools-for-stm32.10.3-2021.10.win32_1.0.100.202210260954/tools/bin/../lib/gcc/arm-none-eabi/10.3.1/../../../../arm-none-eabi/lib/thumb/v7e-m+fp/hard\libc_nano.a(lib_a-lock.o)
                0x000000000800989e                __retarget_lock_acquire_recursive
 .text.__retarget_lock_release_recursive
                0x00000000080098a0        0x2 c:/st/stm32cubeide_1.11.0/stm32cubeide/plugins/com.st.stm32cube.ide.mcu.externaltools.gnu-tools-for-stm32.10.3-2021.10.win32_1.0.100.202210260954/tools/bin/../lib/gcc/arm-none-eabi/10.3.1/../../../../arm-none-eabi/lib/thumb/v7e-m+fp/hard\libc_nano.a(lib_a-lock.o)
                0x00000000080098a0                __retarget_lock_release_recursive
 .text.memcpy   0x00000000080098a2       0x1c c:/st/stm32cubeide_1.11.0/stm32cubeide/plugins/com.st.stm32cube.ide.mcu.externaltools.gnu-tools-for-stm32.10.3-2021.10.win32_1.0.100.202210260954/tools/bin/../lib/gcc/arm-none-eabi/10.3.1/../../../../arm-none-eabi/lib/thumb/v7e-m+fp/hard\libc_nano.a(lib_a-memcpy-stub.o)
                0x00000000080098a2                memcpy
 .text.memset   0x00000000080098be       0x10 c:/st/stm32cubeide_1.11.0/stm32cubeide/plugins/com.st.stm32cube.ide.mcu.externaltools.gnu-tools-for-stm32.10.3-2021.10.win32_1.0.100.202210260954/tools/bin/../lib/gcc/arm-none-eabi/10.3.1/../../../../arm-none-eabi/lib/thumb/v7e-m+fp/hard\libc_nano.a(lib_a-memset.o)
                0x00000000080098be                memset
 *fill*         0x00000000080098ce        0x2 
 .text.sbrk_aligned
                0x00000000080098d0       0x40 c:/st/stm32cubeide_1.11.0/stm32cubeide/plugins/com.st.stm32cube.ide.mcu.externaltools.gnu-tools-for-stm32.10.3-2021.10.win32_1.0.100.202210260954/tools/bin/../lib/gcc/arm-none-eabi/10.3.1/../../../../arm-none-eabi/lib/thumb/v7e-m+fp/hard\libc_nano.a(lib_a-nano-mallocr.o)
 .text._malloc_r
                0x0000000008009910       0xe8 c:/st/stm32cubeide_1.11.0/stm32cubeide/plugins/com.st.stm32cube.ide.mcu.externaltools.gnu-tools-for-stm32.10.3-2021.10.win32_1.0.100.202210260954/tools/bin/../lib/gcc/arm-none-eabi/10.3.1/../../../../arm-none-eabi/lib/thumb/v7e-m+fp/hard\libc_nano.a(lib_a-nano-mallocr.o)
                0x0000000008009910                _malloc_r
 .text.printf   0x00000000080099f8       0x30 c:/st/stm32cubeide_1.11.0/stm32cubeide/plugins/com.st.stm32cube.ide.mcu.externaltools.gnu-tools-for-stm32.10.3-2021.10.win32_1.0.100.202210260954/tools/bin/../lib/gcc/arm-none-eabi/10.3.1/../../../../arm-none-eabi/lib/thumb/v7e-m+fp/hard\libc_nano.a(lib_a-printf.o)
                0x00000000080099f8                iprintf
                0x00000000080099f8                printf
 .text._puts_r  0x0000000008009a28       0xdc c:/st/stm32cubeide_1.11.0/stm32cubeide/plugins/com.st.stm32cube.ide.mcu.externaltools.gnu-tools-for-stm32.10.3-2021.10.win32_1.0.100.202210260954/tools/bin/../lib/gcc/arm-none-eabi/10.3.1/../../../../arm-none-eabi/lib/thumb/v7e-m+fp/hard\libc_nano.a(lib_a-puts.o)
                0x0000000008009a28                _puts_r
 .text.puts     0x0000000008009b04       0x10 c:/st/stm32cubeide_1.11.0/stm32cubeide/plugins/com.st.stm32cube.ide.mcu.externaltools.gnu-tools-for-stm32.10.3-2021.10.win32_1.0.100.202210260954/tools/bin/../lib/gcc/arm-none-eabi/10.3.1/../../../../arm-none-eabi/lib/thumb/v7e-m+fp/hard\libc_nano.a(lib_a-puts.o)
                0x0000000008009b04                puts
 .text.cleanup_glue
                0x0000000008009b14       0x1a c:/st/stm32cubeide_1.11.0/stm32cubeide/plugins/com.st.stm32cube.ide.mcu.externaltools.gnu-tools-for-stm32.10.3-2021.10.win32_1.0.100.202210260954/tools/bin/../lib/gcc/arm-none-eabi/10.3.1/../../../../arm-none-eabi/lib/thumb/v7e-m+fp/hard\libc_nano.a(lib_a-reent.o)
                0x0000000008009b14                cleanup_glue
 *fill*         0x0000000008009b2e        0x2 
 .text._reclaim_reent
                0x0000000008009b30       0xb8 c:/st/stm32cubeide_1.11.0/stm32cubeide/plugins/com.st.stm32cube.ide.mcu.externaltools.gnu-tools-for-stm32.10.3-2021.10.win32_1.0.100.202210260954/tools/bin/../lib/gcc/arm-none-eabi/10.3.1/../../../../arm-none-eabi/lib/thumb/v7e-m+fp/hard\libc_nano.a(lib_a-reent.o)
                0x0000000008009b30                _reclaim_reent
 .text._sbrk_r  0x0000000008009be8       0x20 c:/st/stm32cubeide_1.11.0/stm32cubeide/plugins/com.st.stm32cube.ide.mcu.externaltools.gnu-tools-for-stm32.10.3-2021.10.win32_1.0.100.202210260954/tools/bin/../lib/gcc/arm-none-eabi/10.3.1/../../../../arm-none-eabi/lib/thumb/v7e-m+fp/hard\libc_nano.a(lib_a-sbrkr.o)
                0x0000000008009be8                _sbrk_r
 .text.__sread  0x0000000008009c08       0x22 c:/st/stm32cubeide_1.11.0/stm32cubeide/plugins/com.st.stm32cube.ide.mcu.externaltools.gnu-tools-for-stm32.10.3-2021.10.win32_1.0.100.202210260954/tools/bin/../lib/gcc/arm-none-eabi/10.3.1/../../../../arm-none-eabi/lib/thumb/v7e-m+fp/hard\libc_nano.a(lib_a-stdio.o)
                0x0000000008009c08                __sread
 .text.__swrite
                0x0000000008009c2a       0x38 c:/st/stm32cubeide_1.11.0/stm32cubeide/plugins/com.st.stm32cube.ide.mcu.externaltools.gnu-tools-for-stm32.10.3-2021.10.win32_1.0.100.202210260954/tools/bin/../lib/gcc/arm-none-eabi/10.3.1/../../../../arm-none-eabi/lib/thumb/v7e-m+fp/hard\libc_nano.a(lib_a-stdio.o)
                0x0000000008009c2a                __swrite
 .text.__sseek  0x0000000008009c62       0x24 c:/st/stm32cubeide_1.11.0/stm32cubeide/plugins/com.st.stm32cube.ide.mcu.externaltools.gnu-tools-for-stm32.10.3-2021.10.win32_1.0.100.202210260954/tools/bin/../lib/gcc/arm-none-eabi/10.3.1/../../../../arm-none-eabi/lib/thumb/v7e-m+fp/hard\libc_nano.a(lib_a-stdio.o)
                0x0000000008009c62                __sseek
 .text.__sclose
                0x0000000008009c86        0x8 c:/st/stm32cubeide_1.11.0/stm32cubeide/plugins/com.st.stm32cube.ide.mcu.externaltools.gnu-tools-for-stm32.10.3-2021.10.win32_1.0.100.202210260954/tools/bin/../lib/gcc/arm-none-eabi/10.3.1/../../../../arm-none-eabi/lib/thumb/v7e-m+fp/hard\libc_nano.a(lib_a-stdio.o)
                0x0000000008009c86                __sclose
 *fill*         0x0000000008009c8e        0x2 
 .text.__swbuf_r
                0x0000000008009c90       0xa4 c:/st/stm32cubeide_1.11.0/stm32cubeide/plugins/com.st.stm32cube.ide.mcu.externaltools.gnu-tools-for-stm32.10.3-2021.10.win32_1.0.100.202210260954/tools/bin/../lib/gcc/arm-none-eabi/10.3.1/../../../../arm-none-eabi/lib/thumb/v7e-m+fp/hard\libc_nano.a(lib_a-wbuf.o)
                0x0000000008009c90                __swbuf_r
 .text._write_r
                0x0000000008009d34       0x24 c:/st/stm32cubeide_1.11.0/stm32cubeide/plugins/com.st.stm32cube.ide.mcu.externaltools.gnu-tools-for-stm32.10.3-2021.10.win32_1.0.100.202210260954/tools/bin/../lib/gcc/arm-none-eabi/10.3.1/../../../../arm-none-eabi/lib/thumb/v7e-m+fp/hard\libc_nano.a(lib_a-writer.o)
                0x0000000008009d34                _write_r
 .text.__swsetup_r
                0x0000000008009d58       0xdc c:/st/stm32cubeide_1.11.0/stm32cubeide/plugins/com.st.stm32cube.ide.mcu.externaltools.gnu-tools-for-stm32.10.3-2021.10.win32_1.0.100.202210260954/tools/bin/../lib/gcc/arm-none-eabi/10.3.1/../../../../arm-none-eabi/lib/thumb/v7e-m+fp/hard\libc_nano.a(lib_a-wsetup.o)
                0x0000000008009d58                __swsetup_r
 .text._close_r
                0x0000000008009e34       0x20 c:/st/stm32cubeide_1.11.0/stm32cubeide/plugins/com.st.stm32cube.ide.mcu.externaltools.gnu-tools-for-stm32.10.3-2021.10.win32_1.0.100.202210260954/tools/bin/../lib/gcc/arm-none-eabi/10.3.1/../../../../arm-none-eabi/lib/thumb/v7e-m+fp/hard\libc_nano.a(lib_a-closer.o)
                0x0000000008009e34                _close_r
 .text.__sflush_r
                0x0000000008009e54      0x10c c:/st/stm32cubeide_1.11.0/stm32cubeide/plugins/com.st.stm32cube.ide.mcu.externaltools.gnu-tools-for-stm32.10.3-2021.10.win32_1.0.100.202210260954/tools/bin/../lib/gcc/arm-none-eabi/10.3.1/../../../../arm-none-eabi/lib/thumb/v7e-m+fp/hard\libc_nano.a(lib_a-fflush.o)
                0x0000000008009e54                __sflush_r
 .text._fflush_r
                0x0000000008009f60       0x78 c:/st/stm32cubeide_1.11.0/stm32cubeide/plugins/com.st.stm32cube.ide.mcu.externaltools.gnu-tools-for-stm32.10.3-2021.10.win32_1.0.100.202210260954/tools/bin/../lib/gcc/arm-none-eabi/10.3.1/../../../../arm-none-eabi/lib/thumb/v7e-m+fp/hard\libc_nano.a(lib_a-fflush.o)
                0x0000000008009f60                _fflush_r
 .text._lseek_r
                0x0000000008009fd8       0x24 c:/st/stm32cubeide_1.11.0/stm32cubeide/plugins/com.st.stm32cube.ide.mcu.externaltools.gnu-tools-for-stm32.10.3-2021.10.win32_1.0.100.202210260954/tools/bin/../lib/gcc/arm-none-eabi/10.3.1/../../../../arm-none-eabi/lib/thumb/v7e-m+fp/hard\libc_nano.a(lib_a-lseekr.o)
                0x0000000008009fd8                _lseek_r
 .text.__swhatbuf_r
                0x0000000008009ffc       0x4a c:/st/stm32cubeide_1.11.0/stm32cubeide/plugins/com.st.stm32cube.ide.mcu.externaltools.gnu-tools-for-stm32.10.3-2021.10.win32_1.0.100.202210260954/tools/bin/../lib/gcc/arm-none-eabi/10.3.1/../../../../arm-none-eabi/lib/thumb/v7e-m+fp/hard\libc_nano.a(lib_a-makebuf.o)
                0x0000000008009ffc                __swhatbuf_r
 *fill*         0x000000000800a046        0x2 
 .text.__smakebuf_r
                0x000000000800a048       0x80 c:/st/stm32cubeide_1.11.0/stm32cubeide/plugins/com.st.stm32cube.ide.mcu.externaltools.gnu-tools-for-stm32.10.3-2021.10.win32_1.0.100.202210260954/tools/bin/../lib/gcc/arm-none-eabi/10.3.1/../../../../arm-none-eabi/lib/thumb/v7e-m+fp/hard\libc_nano.a(lib_a-makebuf.o)
                0x000000000800a048                __smakebuf_r
 .text.__malloc_lock
                0x000000000800a0c8        0xc c:/st/stm32cubeide_1.11.0/stm32cubeide/plugins/com.st.stm32cube.ide.mcu.externaltools.gnu-tools-for-stm32.10.3-2021.10.win32_1.0.100.202210260954/tools/bin/../lib/gcc/arm-none-eabi/10.3.1/../../../../arm-none-eabi/lib/thumb/v7e-m+fp/hard\libc_nano.a(lib_a-mlock.o)
                0x000000000800a0c8                __malloc_lock
 .text.__malloc_unlock
                0x000000000800a0d4        0xc c:/st/stm32cubeide_1.11.0/stm32cubeide/plugins/com.st.stm32cube.ide.mcu.externaltools.gnu-tools-for-stm32.10.3-2021.10.win32_1.0.100.202210260954/tools/bin/../lib/gcc/arm-none-eabi/10.3.1/../../../../arm-none-eabi/lib/thumb/v7e-m+fp/hard\libc_nano.a(lib_a-mlock.o)
                0x000000000800a0d4                __malloc_unlock
 .text._free_r  0x000000000800a0e0       0x98 c:/st/stm32cubeide_1.11.0/stm32cubeide/plugins/com.st.stm32cube.ide.mcu.externaltools.gnu-tools-for-stm32.10.3-2021.10.win32_1.0.100.202210260954/tools/bin/../lib/gcc/arm-none-eabi/10.3.1/../../../../arm-none-eabi/lib/thumb/v7e-m+fp/hard\libc_nano.a(lib_a-nano-freer.o)
                0x000000000800a0e0                _free_r
 .text.__sfputc_r
                0x000000000800a178       0x2e c:/st/stm32cubeide_1.11.0/stm32cubeide/plugins/com.st.stm32cube.ide.mcu.externaltools.gnu-tools-for-stm32.10.3-2021.10.win32_1.0.100.202210260954/tools/bin/../lib/gcc/arm-none-eabi/10.3.1/../../../../arm-none-eabi/lib/thumb/v7e-m+fp/hard\libc_nano.a(lib_a-nano-vfprintf.o)
 .text.__sfputs_r
                0x000000000800a1a6       0x24 c:/st/stm32cubeide_1.11.0/stm32cubeide/plugins/com.st.stm32cube.ide.mcu.externaltools.gnu-tools-for-stm32.10.3-2021.10.win32_1.0.100.202210260954/tools/bin/../lib/gcc/arm-none-eabi/10.3.1/../../../../arm-none-eabi/lib/thumb/v7e-m+fp/hard\libc_nano.a(lib_a-nano-vfprintf.o)
                0x000000000800a1a6                __sfputs_r
 *fill*         0x000000000800a1ca        0x2 
 .text._vfprintf_r
                0x000000000800a1cc      0x260 c:/st/stm32cubeide_1.11.0/stm32cubeide/plugins/com.st.stm32cube.ide.mcu.externaltools.gnu-tools-for-stm32.10.3-2021.10.win32_1.0.100.202210260954/tools/bin/../lib/gcc/arm-none-eabi/10.3.1/../../../../arm-none-eabi/lib/thumb/v7e-m+fp/hard\libc_nano.a(lib_a-nano-vfprintf.o)
                0x000000000800a1cc                _vfprintf_r
                0x000000000800a1cc                _vfiprintf_r
 .text._printf_common
                0x000000000800a42c       0xda c:/st/stm32cubeide_1.11.0/stm32cubeide/plugins/com.st.stm32cube.ide.mcu.externaltools.gnu-tools-for-stm32.10.3-2021.10.win32_1.0.100.202210260954/tools/bin/../lib/gcc/arm-none-eabi/10.3.1/../../../../arm-none-eabi/lib/thumb/v7e-m+fp/hard\libc_nano.a(lib_a-nano-vfprintf_i.o)
                0x000000000800a42c                _printf_common
 *fill*         0x000000000800a506        0x2 
 .text._printf_i
                0x000000000800a508      0x24c c:/st/stm32cubeide_1.11.0/stm32cubeide/plugins/com.st.stm32cube.ide.mcu.externaltools.gnu-tools-for-stm32.10.3-2021.10.win32_1.0.100.202210260954/tools/bin/../lib/gcc/arm-none-eabi/10.3.1/../../../../arm-none-eabi/lib/thumb/v7e-m+fp/hard\libc_nano.a(lib_a-nano-vfprintf_i.o)
                0x000000000800a508                _printf_i
 .text._read_r  0x000000000800a754       0x24 c:/st/stm32cubeide_1.11.0/stm32cubeide/plugins/com.st.stm32cube.ide.mcu.externaltools.gnu-tools-for-stm32.10.3-2021.10.win32_1.0.100.202210260954/tools/bin/../lib/gcc/arm-none-eabi/10.3.1/../../../../arm-none-eabi/lib/thumb/v7e-m+fp/hard\libc_nano.a(lib_a-readr.o)
                0x000000000800a754                _read_r
 .text._fstat_r
                0x000000000800a778       0x24 c:/st/stm32cubeide_1.11.0/stm32cubeide/plugins/com.st.stm32cube.ide.mcu.externaltools.gnu-tools-for-stm32.10.3-2021.10.win32_1.0.100.202210260954/tools/bin/../lib/gcc/arm-none-eabi/10.3.1/../../../../arm-none-eabi/lib/thumb/v7e-m+fp/hard\libc_nano.a(lib_a-fstatr.o)
                0x000000000800a778                _fstat_r
 .text._isatty_r
                0x000000000800a79c       0x20 c:/st/stm32cubeide_1.11.0/stm32cubeide/plugins/com.st.stm32cube.ide.mcu.externaltools.gnu-tools-for-stm32.10.3-2021.10.win32_1.0.100.202210260954/tools/bin/../lib/gcc/arm-none-eabi/10.3.1/../../../../arm-none-eabi/lib/thumb/v7e-m+fp/hard\libc_nano.a(lib_a-isattyr.o)
                0x000000000800a79c                _isatty_r
 *(.glue_7)
 .glue_7        0x000000000800a7bc        0x0 linker stubs
 *(.glue_7t)
 .glue_7t       0x000000000800a7bc        0x0 linker stubs
 *(.eh_frame)
 .eh_frame      0x000000000800a7bc        0x0 c:/st/stm32cubeide_1.11.0/stm32cubeide/plugins/com.st.stm32cube.ide.mcu.externaltools.gnu-tools-for-stm32.10.3-2021.10.win32_1.0.100.202210260954/tools/bin/../lib/gcc/arm-none-eabi/10.3.1/thumb/v7e-m+fp/hard/crtbegin.o
 *(.init)
 .init          0x000000000800a7bc        0x4 c:/st/stm32cubeide_1.11.0/stm32cubeide/plugins/com.st.stm32cube.ide.mcu.externaltools.gnu-tools-for-stm32.10.3-2021.10.win32_1.0.100.202210260954/tools/bin/../lib/gcc/arm-none-eabi/10.3.1/thumb/v7e-m+fp/hard/crti.o
                0x000000000800a7bc                _init
 .init          0x000000000800a7c0        0x8 c:/st/stm32cubeide_1.11.0/stm32cubeide/plugins/com.st.stm32cube.ide.mcu.externaltools.gnu-tools-for-stm32.10.3-2021.10.win32_1.0.100.202210260954/tools/bin/../lib/gcc/arm-none-eabi/10.3.1/thumb/v7e-m+fp/hard/crtn.o
 *(.fini)
 .fini          0x000000000800a7c8        0x4 c:/st/stm32cubeide_1.11.0/stm32cubeide/plugins/com.st.stm32cube.ide.mcu.externaltools.gnu-tools-for-stm32.10.3-2021.10.win32_1.0.100.202210260954/tools/bin/../lib/gcc/arm-none-eabi/10.3.1/thumb/v7e-m+fp/hard/crti.o
                0x000000000800a7c8                _fini
 .fini          0x000000000800a7cc        0x8 c:/st/stm32cubeide_1.11.0/stm32cubeide/plugins/com.st.stm32cube.ide.mcu.externaltools.gnu-tools-for-stm32.10.3-2021.10.win32_1.0.100.202210260954/tools/bin/../lib/gcc/arm-none-eabi/10.3.1/thumb/v7e-m+fp/hard/crtn.o
                0x000000000800a7d4                . = ALIGN (0x4)
                0x000000000800a7d4                _etext = .

.vfp11_veneer   0x000000000800a7d4        0x0
 .vfp11_veneer  0x000000000800a7d4        0x0 linker stubs

.v4_bx          0x000000000800a7d4        0x0
 .v4_bx         0x000000000800a7d4        0x0 linker stubs

.iplt           0x000000000800a7d4        0x0
 .iplt          0x000000000800a7d4        0x0 c:/st/stm32cubeide_1.11.0/stm32cubeide/plugins/com.st.stm32cube.ide.mcu.externaltools.gnu-tools-for-stm32.10.3-2021.10.win32_1.0.100.202210260954/tools/bin/../lib/gcc/arm-none-eabi/10.3.1/thumb/v7e-m+fp/hard/crtbegin.o

.rodata         0x000000000800a7d4      0x194
                0x000000000800a7d4                . = ALIGN (0x4)
 *(.rodata)
 .rodata        0x000000000800a7d4       0x5e ./Core/Src/main.o
 *fill*         0x000000000800a832        0x2 
 .rodata        0x000000000800a834        0x5 ./Middlewares/Third_Party/FreeRTOS/Source/tasks.o
 *fill*         0x000000000800a839        0x3 
 .rodata        0x000000000800a83c        0xd ./Middlewares/Third_Party/FreeRTOS/Source/timers.o
 *(.rodata*)
 *fill*         0x000000000800a849        0x3 
 .rodata.sendAccel_attributes
                0x000000000800a84c       0x24 ./Core/Src/main.o
                0x000000000800a84c                sendAccel_attributes
 .rodata.myQueue01_attributes
                0x000000000800a870       0x18 ./Core/Src/main.o
                0x000000000800a870                myQueue01_attributes
 .rodata.AHBPrescTable
                0x000000000800a888       0x10 ./Core/Src/system_stm32l4xx.o
                0x000000000800a888                AHBPrescTable
 .rodata.APBPrescTable
                0x000000000800a898        0x8 ./Core/Src/system_stm32l4xx.o
                0x000000000800a898                APBPrescTable
 .rodata.MSIRangeTable
                0x000000000800a8a0       0x30 ./Core/Src/system_stm32l4xx.o
                0x000000000800a8a0                MSIRangeTable
 .rodata.__sf_fake_stderr
                0x000000000800a8d0       0x20 c:/st/stm32cubeide_1.11.0/stm32cubeide/plugins/com.st.stm32cube.ide.mcu.externaltools.gnu-tools-for-stm32.10.3-2021.10.win32_1.0.100.202210260954/tools/bin/../lib/gcc/arm-none-eabi/10.3.1/../../../../arm-none-eabi/lib/thumb/v7e-m+fp/hard\libc_nano.a(lib_a-findfp.o)
                0x000000000800a8d0                __sf_fake_stderr
 .rodata.__sf_fake_stdin
                0x000000000800a8f0       0x20 c:/st/stm32cubeide_1.11.0/stm32cubeide/plugins/com.st.stm32cube.ide.mcu.externaltools.gnu-tools-for-stm32.10.3-2021.10.win32_1.0.100.202210260954/tools/bin/../lib/gcc/arm-none-eabi/10.3.1/../../../../arm-none-eabi/lib/thumb/v7e-m+fp/hard\libc_nano.a(lib_a-findfp.o)
                0x000000000800a8f0                __sf_fake_stdin
 .rodata.__sf_fake_stdout
                0x000000000800a910       0x20 c:/st/stm32cubeide_1.11.0/stm32cubeide/plugins/com.st.stm32cube.ide.mcu.externaltools.gnu-tools-for-stm32.10.3-2021.10.win32_1.0.100.202210260954/tools/bin/../lib/gcc/arm-none-eabi/10.3.1/../../../../arm-none-eabi/lib/thumb/v7e-m+fp/hard\libc_nano.a(lib_a-findfp.o)
                0x000000000800a910                __sf_fake_stdout
 .rodata._global_impure_ptr
                0x000000000800a930        0x4 c:/st/stm32cubeide_1.11.0/stm32cubeide/plugins/com.st.stm32cube.ide.mcu.externaltools.gnu-tools-for-stm32.10.3-2021.10.win32_1.0.100.202210260954/tools/bin/../lib/gcc/arm-none-eabi/10.3.1/../../../../arm-none-eabi/lib/thumb/v7e-m+fp/hard\libc_nano.a(lib_a-impure.o)
                0x000000000800a930                _global_impure_ptr
 .rodata._vfprintf_r.str1.1
                0x000000000800a934       0x11 c:/st/stm32cubeide_1.11.0/stm32cubeide/plugins/com.st.stm32cube.ide.mcu.externaltools.gnu-tools-for-stm32.10.3-2021.10.win32_1.0.100.202210260954/tools/bin/../lib/gcc/arm-none-eabi/10.3.1/../../../../arm-none-eabi/lib/thumb/v7e-m+fp/hard\libc_nano.a(lib_a-nano-vfprintf.o)
 .rodata._printf_i.str1.1
                0x000000000800a945       0x22 c:/st/stm32cubeide_1.11.0/stm32cubeide/plugins/com.st.stm32cube.ide.mcu.externaltools.gnu-tools-for-stm32.10.3-2021.10.win32_1.0.100.202210260954/tools/bin/../lib/gcc/arm-none-eabi/10.3.1/../../../../arm-none-eabi/lib/thumb/v7e-m+fp/hard\libc_nano.a(lib_a-nano-vfprintf_i.o)
                0x000000000800a968                . = ALIGN (0x4)
 *fill*         0x000000000800a967        0x1 

.ARM.extab      0x000000000800a968        0x0
                0x000000000800a968                . = ALIGN (0x4)
 *(.ARM.extab* .gnu.linkonce.armextab.*)
                0x000000000800a968                . = ALIGN (0x4)

.ARM            0x000000000800a968        0x8
                0x000000000800a968                . = ALIGN (0x4)
                0x000000000800a968                __exidx_start = .
 *(.ARM.exidx*)
 .ARM.exidx     0x000000000800a968        0x8 c:/st/stm32cubeide_1.11.0/stm32cubeide/plugins/com.st.stm32cube.ide.mcu.externaltools.gnu-tools-for-stm32.10.3-2021.10.win32_1.0.100.202210260954/tools/bin/../lib/gcc/arm-none-eabi/10.3.1/thumb/v7e-m+fp/hard\libgcc.a(_udivmoddi4.o)
                0x000000000800a970                __exidx_end = .
                0x000000000800a970                . = ALIGN (0x4)

.rel.dyn        0x000000000800a970        0x0
 .rel.iplt      0x000000000800a970        0x0 c:/st/stm32cubeide_1.11.0/stm32cubeide/plugins/com.st.stm32cube.ide.mcu.externaltools.gnu-tools-for-stm32.10.3-2021.10.win32_1.0.100.202210260954/tools/bin/../lib/gcc/arm-none-eabi/10.3.1/thumb/v7e-m+fp/hard/crtbegin.o

.preinit_array  0x000000000800a970        0x0
                0x000000000800a970                . = ALIGN (0x4)
                0x000000000800a970                PROVIDE (__preinit_array_start = .)
 *(.preinit_array*)
                0x000000000800a970                PROVIDE (__preinit_array_end = .)
                0x000000000800a970                . = ALIGN (0x4)

.init_array     0x000000000800a970        0x4
                0x000000000800a970                . = ALIGN (0x4)
                0x000000000800a970                PROVIDE (__init_array_start = .)
 *(SORT_BY_NAME(.init_array.*))
 *(.init_array*)
 .init_array    0x000000000800a970        0x4 c:/st/stm32cubeide_1.11.0/stm32cubeide/plugins/com.st.stm32cube.ide.mcu.externaltools.gnu-tools-for-stm32.10.3-2021.10.win32_1.0.100.202210260954/tools/bin/../lib/gcc/arm-none-eabi/10.3.1/thumb/v7e-m+fp/hard/crtbegin.o
                0x000000000800a974                PROVIDE (__init_array_end = .)
                0x000000000800a974                . = ALIGN (0x4)

.fini_array     0x000000000800a974        0x4
                0x000000000800a974                . = ALIGN (0x4)
                [!provide]                        PROVIDE (__fini_array_start = .)
 *(SORT_BY_NAME(.fini_array.*))
 *(.fini_array*)
 .fini_array    0x000000000800a974        0x4 c:/st/stm32cubeide_1.11.0/stm32cubeide/plugins/com.st.stm32cube.ide.mcu.externaltools.gnu-tools-for-stm32.10.3-2021.10.win32_1.0.100.202210260954/tools/bin/../lib/gcc/arm-none-eabi/10.3.1/thumb/v7e-m+fp/hard/crtbegin.o
                [!provide]                        PROVIDE (__fini_array_end = .)
                0x000000000800a978                . = ALIGN (0x4)
                0x000000000800a978                _sidata = LOADADDR (.data)

.data           0x0000000020000000       0xa8 load address 0x000000000800a978
                0x0000000020000000                . = ALIGN (0x4)
                0x0000000020000000                _sdata = .
 *(.data)
 *(.data*)
 .data.SystemCoreClock
                0x0000000020000000        0x4 ./Core/Src/system_stm32l4xx.o
                0x0000000020000000                SystemCoreClock
 .data.uwTickPrio
                0x0000000020000004        0x4 ./Drivers/STM32L4xx_HAL_Driver/Src/stm32l4xx_hal.o
                0x0000000020000004                uwTickPrio
 .data.uwTickFreq
                0x0000000020000008        0x1 ./Drivers/STM32L4xx_HAL_Driver/Src/stm32l4xx_hal.o
                0x0000000020000008                uwTickFreq
 *fill*         0x0000000020000009        0x3 
 .data.Lsm6dslAccDrv
                0x000000002000000c       0x34 ./L4_IOT_Sensors/Drivers/BSP/Components/lsm6dsl/lsm6dsl.o
                0x000000002000000c                Lsm6dslAccDrv
 .data.uxCriticalNesting
                0x0000000020000040        0x4 ./Middlewares/Third_Party/FreeRTOS/Source/portable/GCC/ARM_CM4F/port.o
 .data._impure_ptr
                0x0000000020000044        0x4 c:/st/stm32cubeide_1.11.0/stm32cubeide/plugins/com.st.stm32cube.ide.mcu.externaltools.gnu-tools-for-stm32.10.3-2021.10.win32_1.0.100.202210260954/tools/bin/../lib/gcc/arm-none-eabi/10.3.1/../../../../arm-none-eabi/lib/thumb/v7e-m+fp/hard\libc_nano.a(lib_a-impure.o)
                0x0000000020000044                _impure_ptr
 .data.impure_data
                0x0000000020000048       0x60 c:/st/stm32cubeide_1.11.0/stm32cubeide/plugins/com.st.stm32cube.ide.mcu.externaltools.gnu-tools-for-stm32.10.3-2021.10.win32_1.0.100.202210260954/tools/bin/../lib/gcc/arm-none-eabi/10.3.1/../../../../arm-none-eabi/lib/thumb/v7e-m+fp/hard\libc_nano.a(lib_a-impure.o)
 *(.RamFunc)
 *(.RamFunc*)
                0x00000000200000a8                . = ALIGN (0x4)
                0x00000000200000a8                _edata = .

.igot.plt       0x00000000200000a8        0x0 load address 0x000000000800aa20
 .igot.plt      0x00000000200000a8        0x0 c:/st/stm32cubeide_1.11.0/stm32cubeide/plugins/com.st.stm32cube.ide.mcu.externaltools.gnu-tools-for-stm32.10.3-2021.10.win32_1.0.100.202210260954/tools/bin/../lib/gcc/arm-none-eabi/10.3.1/thumb/v7e-m+fp/hard/crtbegin.o
                0x00000000200000a8                . = ALIGN (0x4)

.bss            0x00000000200000a8     0x221c load address 0x000000000800aa20
                0x00000000200000a8                _sbss = .
                0x00000000200000a8                __bss_start__ = _sbss
 *(.bss)
 .bss           0x00000000200000a8       0x1c c:/st/stm32cubeide_1.11.0/stm32cubeide/plugins/com.st.stm32cube.ide.mcu.externaltools.gnu-tools-for-stm32.10.3-2021.10.win32_1.0.100.202210260954/tools/bin/../lib/gcc/arm-none-eabi/10.3.1/thumb/v7e-m+fp/hard/crtbegin.o
 *(.bss*)
 .bss.hdfsdm1_channel1
                0x00000000200000c4       0x38 ./Core/Src/main.o
                0x00000000200000c4                hdfsdm1_channel1
 .bss.hi2c2     0x00000000200000fc       0x54 ./Core/Src/main.o
                0x00000000200000fc                hi2c2
 .bss.hqspi     0x0000000020000150       0x44 ./Core/Src/main.o
                0x0000000020000150                hqspi
 .bss.hspi3     0x0000000020000194       0x64 ./Core/Src/main.o
                0x0000000020000194                hspi3
 .bss.huart1    0x00000000200001f8       0x84 ./Core/Src/main.o
                0x00000000200001f8                huart1
 .bss.huart3    0x000000002000027c       0x84 ./Core/Src/main.o
                0x000000002000027c                huart3
 .bss.hpcd_USB_OTG_FS
                0x0000000020000300      0x50c ./Core/Src/main.o
                0x0000000020000300                hpcd_USB_OTG_FS
 .bss.sendAccelHandle
                0x000000002000080c        0x4 ./Core/Src/main.o
                0x000000002000080c                sendAccelHandle
 .bss.myQueue01Handle
                0x0000000020000810        0x4 ./Core/Src/main.o
                0x0000000020000810                myQueue01Handle
 .bss.status_acc
                0x0000000020000814        0x1 ./Core/Src/main.o
                0x0000000020000814                status_acc
 *fill*         0x0000000020000815        0x3 
 .bss.DFSDM1_Init
                0x0000000020000818        0x4 ./Core/Src/stm32l4xx_hal_msp.o
 .bss.htim6     0x000000002000081c       0x4c ./Core/Src/stm32l4xx_hal_timebase_tim.o
                0x000000002000081c                htim6
 .bss.__sbrk_heap_end
                0x0000000020000868        0x4 ./Core/Src/sysmem.o
 .bss.uwTick    0x000000002000086c        0x4 ./Drivers/STM32L4xx_HAL_Driver/Src/stm32l4xx_hal.o
                0x000000002000086c                uwTick
 .bss.v_dfsdm1ChannelCounter
                0x0000000020000870        0x4 ./Drivers/STM32L4xx_HAL_Driver/Src/stm32l4xx_hal_dfsdm.o
 .bss.a_dfsdm1ChannelHandle
                0x0000000020000874       0x20 ./Drivers/STM32L4xx_HAL_Driver/Src/stm32l4xx_hal_dfsdm.o
 .bss.hI2cHandler
                0x0000000020000894       0x54 ./L4_IOT_Sensors/Drivers/BSP/B-L475E-IOT01/stm32l475e_iot01.o
                0x0000000020000894                hI2cHandler
 .bss.AccelerometerDrv
                0x00000000200008e8        0x4 ./L4_IOT_Sensors/Drivers/BSP/B-L475E-IOT01/stm32l475e_iot01_accelero.o
 .bss.KernelState
                0x00000000200008ec        0x4 ./Middlewares/Third_Party/FreeRTOS/Source/CMSIS_RTOS_V2/cmsis_os2.o
 .bss.Idle_TCB.3
                0x00000000200008f0       0xbc ./Middlewares/Third_Party/FreeRTOS/Source/CMSIS_RTOS_V2/cmsis_os2.o
 .bss.Idle_Stack.2
                0x00000000200009ac      0x200 ./Middlewares/Third_Party/FreeRTOS/Source/CMSIS_RTOS_V2/cmsis_os2.o
 .bss.Timer_TCB.1
                0x0000000020000bac       0xbc ./Middlewares/Third_Party/FreeRTOS/Source/CMSIS_RTOS_V2/cmsis_os2.o
 .bss.Timer_Stack.0
                0x0000000020000c68      0x400 ./Middlewares/Third_Party/FreeRTOS/Source/CMSIS_RTOS_V2/cmsis_os2.o
 .bss.xQueueRegistry
                0x0000000020001068       0x40 ./Middlewares/Third_Party/FreeRTOS/Source/queue.o
                0x0000000020001068                xQueueRegistry
 .bss.pxCurrentTCB
                0x00000000200010a8        0x4 ./Middlewares/Third_Party/FreeRTOS/Source/tasks.o
                0x00000000200010a8                pxCurrentTCB
 .bss.pxReadyTasksLists
                0x00000000200010ac      0x460 ./Middlewares/Third_Party/FreeRTOS/Source/tasks.o
 .bss.xDelayedTaskList1
                0x000000002000150c       0x14 ./Middlewares/Third_Party/FreeRTOS/Source/tasks.o
 .bss.xDelayedTaskList2
                0x0000000020001520       0x14 ./Middlewares/Third_Party/FreeRTOS/Source/tasks.o
 .bss.pxDelayedTaskList
                0x0000000020001534        0x4 ./Middlewares/Third_Party/FreeRTOS/Source/tasks.o
 .bss.pxOverflowDelayedTaskList
                0x0000000020001538        0x4 ./Middlewares/Third_Party/FreeRTOS/Source/tasks.o
 .bss.xPendingReadyList
                0x000000002000153c       0x14 ./Middlewares/Third_Party/FreeRTOS/Source/tasks.o
 .bss.xTasksWaitingTermination
                0x0000000020001550       0x14 ./Middlewares/Third_Party/FreeRTOS/Source/tasks.o
 .bss.uxDeletedTasksWaitingCleanUp
                0x0000000020001564        0x4 ./Middlewares/Third_Party/FreeRTOS/Source/tasks.o
 .bss.xSuspendedTaskList
                0x0000000020001568       0x14 ./Middlewares/Third_Party/FreeRTOS/Source/tasks.o
 .bss.uxCurrentNumberOfTasks
                0x000000002000157c        0x4 ./Middlewares/Third_Party/FreeRTOS/Source/tasks.o
 .bss.xTickCount
                0x0000000020001580        0x4 ./Middlewares/Third_Party/FreeRTOS/Source/tasks.o
 .bss.uxTopReadyPriority
                0x0000000020001584        0x4 ./Middlewares/Third_Party/FreeRTOS/Source/tasks.o
 .bss.xSchedulerRunning
                0x0000000020001588        0x4 ./Middlewares/Third_Party/FreeRTOS/Source/tasks.o
 .bss.xPendedTicks
                0x000000002000158c        0x4 ./Middlewares/Third_Party/FreeRTOS/Source/tasks.o
 .bss.xYieldPending
                0x0000000020001590        0x4 ./Middlewares/Third_Party/FreeRTOS/Source/tasks.o
 .bss.xNumOfOverflows
                0x0000000020001594        0x4 ./Middlewares/Third_Party/FreeRTOS/Source/tasks.o
 .bss.uxTaskNumber
                0x0000000020001598        0x4 ./Middlewares/Third_Party/FreeRTOS/Source/tasks.o
 .bss.xNextTaskUnblockTime
                0x000000002000159c        0x4 ./Middlewares/Third_Party/FreeRTOS/Source/tasks.o
 .bss.xIdleTaskHandle
                0x00000000200015a0        0x4 ./Middlewares/Third_Party/FreeRTOS/Source/tasks.o
 .bss.uxSchedulerSuspended
                0x00000000200015a4        0x4 ./Middlewares/Third_Party/FreeRTOS/Source/tasks.o
 .bss.xActiveTimerList1
                0x00000000200015a8       0x14 ./Middlewares/Third_Party/FreeRTOS/Source/timers.o
 .bss.xActiveTimerList2
                0x00000000200015bc       0x14 ./Middlewares/Third_Party/FreeRTOS/Source/timers.o
 .bss.pxCurrentTimerList
                0x00000000200015d0        0x4 ./Middlewares/Third_Party/FreeRTOS/Source/timers.o
 .bss.pxOverflowTimerList
                0x00000000200015d4        0x4 ./Middlewares/Third_Party/FreeRTOS/Source/timers.o
 .bss.xTimerQueue
                0x00000000200015d8        0x4 ./Middlewares/Third_Party/FreeRTOS/Source/timers.o
 .bss.xTimerTaskHandle
                0x00000000200015dc        0x4 ./Middlewares/Third_Party/FreeRTOS/Source/timers.o
 .bss.xLastTime.2
                0x00000000200015e0        0x4 ./Middlewares/Third_Party/FreeRTOS/Source/timers.o
 .bss.ucStaticTimerQueueStorage.1
                0x00000000200015e4       0xa0 ./Middlewares/Third_Party/FreeRTOS/Source/timers.o
 .bss.xStaticTimerQueue.0
                0x0000000020001684       0x50 ./Middlewares/Third_Party/FreeRTOS/Source/timers.o
 .bss.ucMaxSysCallPriority
                0x00000000200016d4        0x1 ./Middlewares/Third_Party/FreeRTOS/Source/portable/GCC/ARM_CM4F/port.o
 *fill*         0x00000000200016d5        0x3 
 .bss.ulMaxPRIGROUPValue
                0x00000000200016d8        0x4 ./Middlewares/Third_Party/FreeRTOS/Source/portable/GCC/ARM_CM4F/port.o
 .bss.ucHeap    0x00000000200016dc      0xbb8 ./Middlewares/Third_Party/FreeRTOS/Source/portable/MemMang/heap_4.o
 .bss.xStart    0x0000000020002294        0x8 ./Middlewares/Third_Party/FreeRTOS/Source/portable/MemMang/heap_4.o
 .bss.pxEnd     0x000000002000229c        0x4 ./Middlewares/Third_Party/FreeRTOS/Source/portable/MemMang/heap_4.o
 .bss.xFreeBytesRemaining
                0x00000000200022a0        0x4 ./Middlewares/Third_Party/FreeRTOS/Source/portable/MemMang/heap_4.o
 .bss.xMinimumEverFreeBytesRemaining
                0x00000000200022a4        0x4 ./Middlewares/Third_Party/FreeRTOS/Source/portable/MemMang/heap_4.o
 .bss.xNumberOfSuccessfulAllocations
                0x00000000200022a8        0x4 ./Middlewares/Third_Party/FreeRTOS/Source/portable/MemMang/heap_4.o
 .bss.xNumberOfSuccessfulFrees
                0x00000000200022ac        0x4 ./Middlewares/Third_Party/FreeRTOS/Source/portable/MemMang/heap_4.o
 .bss.xBlockAllocatedBit
                0x00000000200022b0        0x4 ./Middlewares/Third_Party/FreeRTOS/Source/portable/MemMang/heap_4.o
 .bss.__lock___malloc_recursive_mutex
                0x00000000200022b4        0x1 c:/st/stm32cubeide_1.11.0/stm32cubeide/plugins/com.st.stm32cube.ide.mcu.externaltools.gnu-tools-for-stm32.10.3-2021.10.win32_1.0.100.202210260954/tools/bin/../lib/gcc/arm-none-eabi/10.3.1/../../../../arm-none-eabi/lib/thumb/v7e-m+fp/hard\libc_nano.a(lib_a-lock.o)
                0x00000000200022b4                __lock___malloc_recursive_mutex
 .bss.__lock___sfp_recursive_mutex
                0x00000000200022b5        0x1 c:/st/stm32cubeide_1.11.0/stm32cubeide/plugins/com.st.stm32cube.ide.mcu.externaltools.gnu-tools-for-stm32.10.3-2021.10.win32_1.0.100.202210260954/tools/bin/../lib/gcc/arm-none-eabi/10.3.1/../../../../arm-none-eabi/lib/thumb/v7e-m+fp/hard\libc_nano.a(lib_a-lock.o)
                0x00000000200022b5                __lock___sfp_recursive_mutex
 .bss.__lock___sinit_recursive_mutex